--------- beginning of kernel
05-17 00:48:04.773     0     0 I logd    : logdr: UID=2000 GID=2000 PID=4871 b tail=0 logMask=99 pid=0 start=0ns deadline=0ns
--------- beginning of main
05-17 00:48:05.583   915   915 D StatusBarIconController: ignoring old pipeline callbacks, because the new mobile icons are enabled
05-17 00:48:05.832   915   915 D StatusBarIconController: ignoring old pipeline callback because the new wifi icon is enabled
--------- beginning of system
05-17 00:48:06.121   614  1065 D OomAdjuster: Not killing cached processes
05-17 00:48:09.383  2907  2907 D BoundBrokerSvc: onUnbind: Intent { act=com.google.android.gms.phenotype.service.START dat=chimera-action:/... cmp=com.google.android.gms/.chimera.PersistentApiService }
05-17 00:48:14.145   614   639 D OomAdjuster: Not killing cached processes
05-17 00:48:14.862   915   915 D StatusBarIconController: ignoring old pipeline callback because the new wifi icon is enabled
05-17 00:48:14.904  1198  1198 D TaplEvents: TIS / TouchInteractionService.onInputEvent: MotionEvent { action=ACTION_DOWN, actionButton=0, id[0]=0, x[0]=702.9492, y[0]=3066.87, toolType[0]=TOOL_TYPE_FINGER, buttonState=0, classification=NONE, metaState=0, flags=0x0, edgeFlags=0x0, pointerCount=1, historySize=0, eventTime=390902, downTime=390902, deviceId=4, source=0x5002, displayId=0, eventId=437791216 }
05-17 00:48:14.934  1198  1198 D b/246283207: LauncherRecentsView#onLayout() -> if(mScroller.isFinished() && pageScrollChanged) -> getNextPage(): 0, getScrollForPage(getNextPage()): 0
05-17 00:48:14.941   915   964 V ShellRecents: RecentsTransitionHandler.startRecentsTransition
05-17 00:48:14.943   915   964 V WindowManagerShell: Directly starting a new transition type=3 wct=WindowContainerTransaction { changes = {} hops = [{PendingIntent: options=Bundle[mParcelledData.dataSize=332]}] errorCallbackToken=null taskFragmentOrganizer=null } handler=com.android.wm.shell.recents.RecentsTransitionHandler@c25f137
05-17 00:48:14.964   915   964 V ShellRecents: [32122186] RecentsController.setTransition: id=android.os.BinderProxy@96f6849
05-17 00:48:14.977   410   410 I BpBinder: onLastStrongRef automatically unlinking death recipients: 
05-17 00:48:15.011  1198  1306 I ImeTracker: com.google.android.apps.nexuslauncher:676d9b87: onRequestHide at ORIGIN_CLIENT_HIDE_SOFT_INPUT reason HIDE_SOFT_INPUT
05-17 00:48:15.027  1198  1306 I ImeTracker: com.google.android.apps.nexuslauncher:676d9b87: onFailed at PHASE_CLIENT_VIEW_SERVED
05-17 00:48:15.056  1198  1198 W BcSmartspaceCard: No title view to update
05-17 00:48:15.056  1198  1198 I BcSmartspaceCard: setFormattedContentDescription: text=null, iconDescription=null, contentDescription=null
05-17 00:48:15.067  2933  3198 E OpenGLRenderer: Unable to match the desired swap behavior.
05-17 00:48:15.100  1198  1198 D b/246283207: LauncherRecentsView#onLayout() -> if(mScroller.isFinished() && pageScrollChanged) -> getNextPage(): 0, getScrollForPage(getNextPage()): 1426
05-17 00:48:15.209  1198  1991 E OpenGLRenderer: Unable to match the desired swap behavior.
05-17 00:48:15.214  2933  2933 I ContentCaptureHelper: Setting logging level to DEBUG
05-17 00:48:15.214  2933  2933 D ContentCaptureManager: setFlushViewTreeAppearingEventDisabled(): setting to false
05-17 00:48:15.222   915   964 W Looper  : Slow delivery took 53ms wmshell.main h=android.os.Handler c=com.android.wm.shell.pip.phone.PipController$$ExternalSyntheticLambda1@ff1a9ec m=0
05-17 00:48:15.597  1198  1198 W TextView: onProvideContentCaptureStructure(): calling assumeLayout()
05-17 00:48:15.611  1198  1198 D TaplEvents: Pilfer / pilferPointers
05-17 00:48:15.626   915   964 V WindowManagerShell: onTransitionReady android.os.BinderProxy@96f6849: {id=6 t=TO_FRONT f=0x80 trk=0 r=[0@Point(0, 0)] c=[{WCT{android.window.IWindowContainerToken$Stub$Proxy@42c3a13} m=TO_FRONT f=SHOW_WALLPAPER|MOVE_TO_TOP leash=Surface(name=Task=1)/@0xacb3d77 sb=Rect(0, 0 - 1440, 3120) eb=Rect(0, 0 - 1440, 3120) d=0},{WCT{android.window.IWindowContainerToken$Stub$Proxy@e38b450} m=TO_BACK f=NONE leash=Surface(name=Task=36)/@0x64d9de4 sb=Rect(0, 0 - 1440, 3120) eb=Rect(0, 0 - 1440, 3120) d=0},{null m=TO_FRONT f=IS_WALLPAPER leash=Surface(name=WallpaperWindowToken{f061875 token=android.os.Binder@1f46d5f})/@0x77fe24d sb=Rect(0, 0 - 1440, 3120) eb=Rect(0, 0 - 1440, 3120) d=0}]}
05-17 00:48:15.635   614  1065 I InputDispatcher: Channel [Gesture Monitor] swipe-up (server) is stealing touch from [6e976f2 com.example.campusconnect/com.example.campusconnect.MainActivity (server), [Gesture Monitor] edge-swipe (server)]
05-17 00:48:15.638   915   964 V WindowManagerShell: Playing animation for (#6)android.os.BinderProxy@96f6849@0
05-17 00:48:15.638   915   964 V WindowManagerShell:  try firstHandler com.android.wm.shell.recents.RecentsTransitionHandler@c25f137
05-17 00:48:15.639   915   915 D StatusBarIconController: ignoring old pipeline callbacks, because the new mobile icons are enabled
05-17 00:48:15.647  1198  1198 I Choreographer: Skipped 31 frames!  The application may be doing too much work on its main thread.
05-17 00:48:15.659   614   654 V WindowManager: Sent Transition #6 createdAt=05-17 00:48:14.945
05-17 00:48:15.659   614   654 V WindowManager:     startWCT=WindowContainerTransaction { changes = {} hops = [{PendingIntent: options=Bundle[{android.activity.splashScreenStyle=-1, android.activity.sourceInfo=android.app.ActivityOptions$SourceInfo@48047a, android.activity.transientLaunch=true}]}] errorCallbackToken=null taskFragmentOrganizer=null }
05-17 00:48:15.660   614   654 V WindowManager:     info={id=6 t=TO_FRONT f=0x80 trk=0 r=[0@Point(0, 0)] c=[{WCT{RemoteToken{b939941 Task{b573438 #1 type=home}}} m=TO_FRONT f=SHOW_WALLPAPER|MOVE_TO_TOP leash=Surface(name=Task=1)/@0x86ccee4 sb=Rect(0, 0 - 1440, 3120) eb=Rect(0, 0 - 1440, 3120) d=0},{WCT{RemoteToken{7ed564b Task{1f270fa #36 type=standard I=com.example.campusconnect/.MainActivity}}} m=TO_BACK f=NONE leash=Surface(name=Task=36)/@0x97d020d sb=Rect(0, 0 - 1440, 3120) eb=Rect(0, 0 - 1440, 3120) d=0},{null m=TO_FRONT f=IS_WALLPAPER leash=Surface(name=WallpaperWindowToken{f061875 token=android.os.Binder@1f46d5f})/@0xd07ac76 sb=Rect(0, 0 - 1440, 3120) eb=Rect(0, 0 - 1440, 3120) d=0}]}
05-17 00:48:15.669   915   964 V ShellRecents: [32122186] RecentsController.start
05-17 00:48:15.672   915   964 V ShellRecents:   adding pausing leaf taskId=36 at layer=8
05-17 00:48:15.674   410   629 I BpBinder: onLastStrongRef automatically unlinking death recipients: 
05-17 00:48:15.714  1198  1198 W TextView: onProvideContentCaptureStructure(): calling assumeLayout()
05-17 00:48:15.721   915   964 V ShellRecents: [32122186] RecentsController.start: calling onAnimationStart
05-17 00:48:15.723   915   964 V WindowManagerShell:  animated by firstHandler
05-17 00:48:15.723   915   964 W Looper  : Drained
05-17 00:48:15.724   915   964 W Looper  : Slow dispatch took 97ms wmshell.main h=android.os.Handler c=com.android.wm.shell.transition.Transitions$TransitionPlayerImpl$$ExternalSyntheticLambda0@d9e8bef m=0
05-17 00:48:15.737   614   654 D AutofillManagerService: Close system dialogs
05-17 00:48:15.747  1198  1198 D RemoteTargetGluer: appCount: 1 handleLength: 2
05-17 00:48:15.748  1198  1198 D RemoteTargetGluer: resizing handles
05-17 00:48:15.749  1198  1198 D RemoteTargetGluer: containsSplitTargets? false handleLength: 1 appsLength: 1
05-17 00:48:15.750  1198  1198 D RemoteTargetGluer: appCount: 1 handleLength: 2
05-17 00:48:15.750  1198  1198 D RemoteTargetGluer: resizing handles
05-17 00:48:15.750  1198  1198 D RemoteTargetGluer: containsSplitTargets? false handleLength: 1 appsLength: 1
05-17 00:48:15.759   915   964 W Looper  : Slow delivery took 40ms wmshell.main h=android.os.Handler c=android.window.TaskOrganizer$1$$ExternalSyntheticLambda3@4fe96fc m=0
05-17 00:48:15.761   915   964 W Looper  : Slow dispatch took 35ms wmshell.main h=android.os.Handler c=android.window.TaskOrganizer$1$$ExternalSyntheticLambda3@4fe96fc m=0
05-17 00:48:15.770   915   964 V ShellRecents: [32122186] RecentsController.setInputConsumerEnabled: set focus to recents
05-17 00:48:15.796   915   915 I vol.VolumeDialogImpl: mDialog.dismiss() reason: volume_controller from: com.android.systemui.volume.VolumeDialogImpl$7.onDismissRequested:3
05-17 00:48:15.798   915   964 W Looper  : Drained
05-17 00:48:15.856  1198  1198 D TaplEvents: TIS / TouchInteractionService.onInputEvent: MotionEvent { action=ACTION_UP, actionButton=0, id[0]=0, x[0]=684.9756, y[0]=2199.8438, toolType[0]=TOOL_TYPE_FINGER, buttonState=0, classification=NONE, metaState=0, flags=0x0, edgeFlags=0x0, pointerCount=1, historySize=0, eventTime=391816, downTime=390902, deviceId=4, source=0x5002, displayId=0, eventId=564583836 }
05-17 00:48:15.878   614   614 W Looper  : Slow dispatch took 118ms main h=android.app.ActivityThread$H c=android.app.LoadedApk$ReceiverDispatcher$Args$$ExternalSyntheticLambda0@4cb075d m=0
05-17 00:48:15.908   614  4877 D libEGL  : loaded /vendor/lib64/egl/libEGL_emulation.so
05-17 00:48:15.915   614  4877 D libEGL  : loaded /vendor/lib64/egl/libGLESv1_CM_emulation.so
05-17 00:48:15.921   614  4877 D libEGL  : loaded /vendor/lib64/egl/libGLESv2_emulation.so
05-17 00:48:15.939   915   964 V ShellRecents: [32122186] RecentsController.finishInner: toHome=false userLeave=false willFinishToHome=false state=0
05-17 00:48:15.939   915   964 V ShellRecents:   returning to app
05-17 00:48:15.943   915   964 V ShellRecents: [32122186] RecentsController.cleanup
05-17 00:48:15.944   915   964 V WindowManagerShell: Transition animation finished (aborted=false), notifying core (#6)android.os.BinderProxy@96f6849@0
05-17 00:48:15.961   614   654 V WindowManager: Finish Transition #6: created at 05-17 00:48:14.945 collect-started=3.373ms started=3.437ms ready=14.326ms sent=671.893ms finished=1015.14ms
05-17 00:48:15.972   915   964 V WindowManagerShell: Track 0 became idle
05-17 00:48:15.973   915   964 V WindowManagerShell: All active transition animations finished
05-17 00:48:15.973   915   964 W Looper  : Slow dispatch took 35ms wmshell.main h=android.os.Handler c=com.android.wm.shell.recents.RecentsTransitionHandler$RecentsController$$ExternalSyntheticLambda3@ddb687c m=0
05-17 00:48:15.986   398   398 I android.hardware.power-service.example: Power isModeSupported: 6
05-17 00:48:15.999  4494  4526 E libEGL  : called unimplemented OpenGL ES API
05-17 00:48:16.029   614  4877 W OpenGLRenderer: Failed to choose config with EGL_SWAP_BEHAVIOR_PRESERVED, retrying without...
05-17 00:48:16.030   614  4877 W OpenGLRenderer: Failed to initialize 101010-2 format, error = EGL_SUCCESS
05-17 00:48:16.044  4494  4526 D EGL_emulation: app_time_stats: avg=13897.08ms min=6.28ms max=166145.06ms count=12
05-17 00:48:16.194   614   756 D ActivityManager: freezing 3099 com.google.android.gms
05-17 00:48:16.194   358  4880 I resolv  : GetAddrInfoHandler::run: {100 786532 100 983140 10128 0}
05-17 00:48:16.196   358  4881 I resolv  : res_nmkquery: (QUERY, IN, AAAA)
05-17 00:48:16.199   358  4882 I resolv  : res_nmkquery: (QUERY, IN, A)
05-17 00:48:16.199   358  4881 I resolv  : resolv_cache_lookup: FOUND IN CACHE entry=0x787ac4a8e030
05-17 00:48:16.199   358  4881 I resolv  : doQuery: rcode=0, ancount=4, return value=157
05-17 00:48:16.200   358  4882 I resolv  : resolv_cache_lookup: FOUND IN CACHE entry=0x787c24a8ded0
05-17 00:48:16.201   358  4882 I resolv  : doQuery: rcode=0, ancount=16, return value=301
05-17 00:48:16.234   614  2387 I ImeTracker: com.example.campusconnect:8a908394: onRequestHide at ORIGIN_SERVER_HIDE_INPUT reason HIDE_SAME_WINDOW_FOCUSED_WITHOUT_EDITOR
05-17 00:48:16.235   614  2387 I ImeTracker: com.example.campusconnect:8a908394: onCancelled at PHASE_SERVER_SHOULD_HIDE
05-17 00:48:16.245  1518  1518 I GoogleInputMethodService: GoogleInputMethodService.onFinishInput():3227 
05-17 00:48:16.247  1518  1518 I GoogleInputMethodService: GoogleInputMethodService.updateDeviceLockedStatus():2087 repeatCheckTimes = 0, unlocked = true
05-17 00:48:16.249  1518  1518 I GoogleInputMethodService: GoogleInputMethodService.onStartInput():1877 onStartInput(EditorInfo{inputType=0x0(NULL) imeOptions=0x0 privateImeOptions=null actionName=UNSPECIFIED actionLabel=null actionId=0 initialSelStart=-1 initialSelEnd=-1 initialCapsMode=0x0 hintText=null label=null packageName=com.example.campusconnect fieldId=0 fieldName=null extras=null}, false)
05-17 00:48:16.249  1518  1518 I GoogleInputMethodService: GoogleInputMethodService.shouldHideHeaderOnInitialState():4008 ShouldHideHeaderOnInitialState = false
05-17 00:48:16.253  1518  1518 I GoogleInputMethodService: GoogleInputMethodService.updateDeviceLockedStatus():2087 repeatCheckTimes = 2, unlocked = true
05-17 00:48:16.532  1198  1306 I ImeTracker: com.google.android.apps.nexuslauncher:c3f96d97: onRequestHide at ORIGIN_CLIENT_HIDE_SOFT_INPUT reason HIDE_SOFT_INPUT
05-17 00:48:16.532  1198  1306 I ImeTracker: com.google.android.apps.nexuslauncher:c3f96d97: onFailed at PHASE_CLIENT_VIEW_SERVED
05-17 00:48:16.534  1198  1306 I ImeTracker: com.google.android.apps.nexuslauncher:aff6d076: onRequestHide at ORIGIN_CLIENT_HIDE_SOFT_INPUT reason HIDE_SOFT_INPUT
05-17 00:48:16.535  1198  1306 I ImeTracker: com.google.android.apps.nexuslauncher:aff6d076: onFailed at PHASE_CLIENT_VIEW_SERVED
05-17 00:48:18.974   614  1854 E TaskPersister: File error accessing recents directory (directory doesn't exist?).
05-17 00:48:19.096  1198  1198 D TaplEvents: TIS / TouchInteractionService.onInputEvent: MotionEvent { action=ACTION_DOWN, actionButton=0, id[0]=0, x[0]=706.94824, y[0]=3113.8115, toolType[0]=TOOL_TYPE_FINGER, buttonState=0, classification=NONE, metaState=0, flags=0x0, edgeFlags=0x0, pointerCount=1, historySize=0, eventTime=395090, downTime=395090, deviceId=4, source=0x5002, displayId=0, eventId=996768391 }
05-17 00:48:19.105   915   964 V ShellRecents: RecentsTransitionHandler.startRecentsTransition
05-17 00:48:19.107   915   964 V WindowManagerShell: Directly starting a new transition type=3 wct=WindowContainerTransaction { changes = {} hops = [{PendingIntent: options=Bundle[mParcelledData.dataSize=332]}] errorCallbackToken=null taskFragmentOrganizer=null } handler=com.android.wm.shell.recents.RecentsTransitionHandler@c25f137
05-17 00:48:19.126   410   410 I BpBinder: onLastStrongRef automatically unlinking death recipients: 
05-17 00:48:19.181  1198  1306 I ImeTracker: com.google.android.apps.nexuslauncher:487457bb: onRequestHide at ORIGIN_CLIENT_HIDE_SOFT_INPUT reason HIDE_SOFT_INPUT
05-17 00:48:19.182  1198  1306 I ImeTracker: com.google.android.apps.nexuslauncher:487457bb: onFailed at PHASE_CLIENT_VIEW_SERVED
05-17 00:48:19.202   915   964 V ShellRecents: [183226244] RecentsController.setTransition: id=android.os.BinderProxy@e9e1b85
05-17 00:48:19.202   915   964 W Looper  : Slow dispatch took 97ms wmshell.main h=android.os.Handler c=com.android.wm.shell.common.ExecutorUtils$$ExternalSyntheticLambda0@3926dda m=0
05-17 00:48:19.203   915   964 W Looper  : Slow delivery took 71ms wmshell.main h=android.os.Handler c=null m=12
05-17 00:48:19.215  1198  1198 D TaplEvents: TIS / TouchInteractionService.onInputEvent: MotionEvent { action=ACTION_UP, actionButton=0, id[0]=0, x[0]=706.94824, y[0]=3113.8115, toolType[0]=TOOL_TYPE_FINGER, buttonState=0, classification=NONE, metaState=0, flags=0x0, edgeFlags=0x0, pointerCount=1, historySize=0, eventTime=395167, downTime=395090, deviceId=4, source=0x5002, displayId=0, eventId=113137233 }
05-17 00:48:19.296  2933  3198 E OpenGLRenderer: Unable to match the desired swap behavior.
05-17 00:48:19.300   915   964 W Looper  : Drained
05-17 00:48:19.312  1198  1306 I ImeTracker: com.google.android.apps.nexuslauncher:9c0fd02f: onRequestHide at ORIGIN_CLIENT_HIDE_SOFT_INPUT reason HIDE_SOFT_INPUT
05-17 00:48:19.312  1198  1306 I ImeTracker: com.google.android.apps.nexuslauncher:9c0fd02f: onFailed at PHASE_CLIENT_VIEW_SERVED
05-17 00:48:19.329  1681  1902 I AiAiEcho: Predicting[0]: 
05-17 00:48:19.329  1681  1902 I AiAiEcho: EchoTargets: 
05-17 00:48:19.329  1681  1902 I AiAiEcho: Filtered by AiAi flag check: 
05-17 00:48:19.330  1681  1902 I AiAiEcho: Ranked targets strategy: SORT, count: 0, ranking metadata: 
05-17 00:48:19.347  1681  1902 I AiAiEcho: #postPredictionTargets: Sending updates to UISurface home with targets# 0 (types=[])
05-17 00:48:19.605   915   928 I ndroid.systemui: Background young concurrent copying GC freed 311451(14MB) AllocSpace objects, 0(0B) LOS objects, 37% free, 22MB/36MB, paused 1.744ms,188us total 118.227ms
05-17 00:48:19.688  1198  1991 E OpenGLRenderer: Unable to match the desired swap behavior.
05-17 00:48:20.173  1198  1198 D TaplEvents: TIS / TouchInteractionService.onInputEvent: MotionEvent { action=ACTION_DOWN, actionButton=0, id[0]=0, x[0]=706.94824, y[0]=3113.8115, toolType[0]=TOOL_TYPE_FINGER, buttonState=0, classification=NONE, metaState=0, flags=0x0, edgeFlags=0x0, pointerCount=1, historySize=0, eventTime=395504, downTime=395504, deviceId=4, source=0x5002, displayId=0, eventId=4679988 }
05-17 00:48:20.176  1198  1198 D TaplEvents: TIS / TouchInteractionService.onInputEvent: MotionEvent { action=ACTION_UP, actionButton=0, id[0]=0, x[0]=706.94824, y[0]=3113.8115, toolType[0]=TOOL_TYPE_FINGER, buttonState=0, classification=NONE, metaState=0, flags=0x0, edgeFlags=0x0, pointerCount=1, historySize=0, eventTime=395729, downTime=395504, deviceId=4, source=0x5002, displayId=0, eventId=903980923 }
05-17 00:48:20.187  1198  1198 D TaplEvents: TIS / TouchInteractionService.onInputEvent: MotionEvent { action=ACTION_DOWN, actionButton=0, id[0]=0, x[0]=706.94824, y[0]=3113.8115, toolType[0]=TOOL_TYPE_FINGER, buttonState=0, classification=NONE, metaState=0, flags=0x0, edgeFlags=0x0, pointerCount=1, historySize=0, eventTime=395774, downTime=395774, deviceId=4, source=0x5002, displayId=0, eventId=574486969 }
05-17 00:48:20.199   614  1587 D OomAdjuster: Not killing cached processes
05-17 00:48:20.201   614  1587 W ProcessStats: Tracking association SourceState{711b6ff com.google.android.apps.nexuslauncher/10168 BTop #3366} whose proc state 2 is better than process ProcessState{2a82c3c com.google.android.googlequicksearchbox:search/10132 pkg=com.google.android.googlequicksearchbox} proc state 6 (0 skipped)
05-17 00:48:20.209  1198  1198 I Choreographer: Skipped 55 frames!  The application may be doing too much work on its main thread.
05-17 00:48:20.220  1681  1902 I AiAiEcho: Predicting[0]: 
05-17 00:48:20.222  1681  1902 I AiAiEcho: EchoTargets: 
05-17 00:48:20.222  1681  1902 I AiAiEcho: Filtered by AiAi flag check: 
05-17 00:48:20.233  1681  1902 I AiAiEcho: Ranked targets strategy: SORT, count: 0, ranking metadata: 
05-17 00:48:20.261  1198  1198 D TaplEvents: Pilfer / pilferPointers
05-17 00:48:20.278   915   964 V WindowManagerShell: onTransitionReady android.os.BinderProxy@e9e1b85: {id=7 t=TO_FRONT f=0x80 trk=0 r=[0@Point(0, 0)] c=[{WCT{android.window.IWindowContainerToken$Stub$Proxy@b246311} m=TO_FRONT f=SHOW_WALLPAPER|MOVE_TO_TOP leash=Surface(name=Task=1)/@0xfc63295 sb=Rect(0, 0 - 1440, 3120) eb=Rect(0, 0 - 1440, 3120) d=0},{WCT{android.window.IWindowContainerToken$Stub$Proxy@4d38c76} m=TO_BACK f=NONE leash=Surface(name=Task=36)/@0xf0b1faa sb=Rect(0, 0 - 1440, 3120) eb=Rect(0, 0 - 1440, 3120) d=0},{null m=TO_FRONT f=IS_WALLPAPER leash=Surface(name=WallpaperWindowToken{f061875 token=android.os.Binder@1f46d5f})/@0x2de779b sb=Rect(0, 0 - 1440, 3120) eb=Rect(0, 0 - 1440, 3120) d=0}]}
05-17 00:48:20.294   915   964 V WindowManagerShell: Playing animation for (#7)android.os.BinderProxy@e9e1b85@0
05-17 00:48:20.308   614  2387 I InputDispatcher: Channel [Gesture Monitor] swipe-up (server) is stealing touch from [6e976f2 com.example.campusconnect/com.example.campusconnect.MainActivity (server), [Gesture Monitor] edge-swipe (server)]
05-17 00:48:20.309   915   964 V WindowManagerShell:  try firstHandler com.android.wm.shell.recents.RecentsTransitionHandler@c25f137
05-17 00:48:20.325   915   964 V ShellRecents: [183226244] RecentsController.start
05-17 00:48:20.330  1681  1902 I AiAiEcho: #postPredictionTargets: Sending updates to UISurface home with targets# 0 (types=[])
05-17 00:48:20.349   915   964 V ShellRecents:   adding pausing leaf taskId=36 at layer=8
05-17 00:48:20.353   915   964 V ShellRecents: [183226244] RecentsController.start: calling onAnimationStart
05-17 00:48:20.358   915   964 V WindowManagerShell:  animated by firstHandler
05-17 00:48:20.363   915   964 W Looper  : Slow dispatch took 84ms wmshell.main h=android.os.Handler c=com.android.wm.shell.transition.Transitions$TransitionPlayerImpl$$ExternalSyntheticLambda0@2380561 m=0
05-17 00:48:20.369   915   964 W Looper  : Slow delivery took 90ms wmshell.main h=android.os.Handler c=android.window.TaskOrganizer$1$$ExternalSyntheticLambda3@d840886 m=0
05-17 00:48:20.379   410   766 I BpBinder: onLastStrongRef automatically unlinking death recipients: 
05-17 00:48:20.387   614   654 V WindowManager: Sent Transition #7 createdAt=05-17 00:48:19.108
05-17 00:48:20.401  1198  1224 I OpenGLRenderer: Davey! duration=1125ms; Flags=1, FrameTimelineVsyncId=103591, IntendedVsync=395139011949, Vsync=395222345274, InputEventId=0, HandleInputStart=395242495500, AnimationStart=395242559400, PerformTraversalsStart=395243012900, DrawStart=395691851600, FrameDeadline=395155678615, FrameInterval=395238734200, FrameStartTime=16666665, SyncQueued=395694363900, SyncStart=395763744700, IssueDrawCommandsStart=395763938800, SwapBuffers=396026511400, FrameCompleted=396334373500, DequeueBufferDuration=64000, QueueBufferDuration=962900, GpuCompleted=396334373500, SwapBuffersCompleted=396170923600, DisplayPresentTime=0, CommandSubmissionCompleted=396026511400, 
05-17 00:48:20.408   614   654 V WindowManager:     startWCT=WindowContainerTransaction { changes = {} hops = [{PendingIntent: options=Bundle[{android.activity.splashScreenStyle=-1, android.activity.sourceInfo=android.app.ActivityOptions$SourceInfo@4bb47da, android.activity.transientLaunch=true}]}] errorCallbackToken=null taskFragmentOrganizer=null }
05-17 00:48:20.413   614   654 V WindowManager:     info={id=7 t=TO_FRONT f=0x80 trk=0 r=[0@Point(0, 0)] c=[{WCT{RemoteToken{b939941 Task{b573438 #1 type=home}}} m=TO_FRONT f=SHOW_WALLPAPER|MOVE_TO_TOP leash=Surface(name=Task=1)/@0x86ccee4 sb=Rect(0, 0 - 1440, 3120) eb=Rect(0, 0 - 1440, 3120) d=0},{WCT{RemoteToken{7ed564b Task{1f270fa #36 type=standard I=com.example.campusconnect/.MainActivity}}} m=TO_BACK f=NONE leash=Surface(name=Task=36)/@0x97d020d sb=Rect(0, 0 - 1440, 3120) eb=Rect(0, 0 - 1440, 3120) d=0},{null m=TO_FRONT f=IS_WALLPAPER leash=Surface(name=WallpaperWindowToken{f061875 token=android.os.Binder@1f46d5f})/@0xd07ac76 sb=Rect(0, 0 - 1440, 3120) eb=Rect(0, 0 - 1440, 3120) d=0}]}
05-17 00:48:20.543   614  1783 W AppSearchIcing: icing-search-engine.cc:283: Error: 5, Message: Document (com.google.android.googlequicksearchbox$OneSearchZeroStateGoogleSuggestions/default, zp) not found.
05-17 00:48:20.584  1198  1224 I OpenGLRenderer: Davey! duration=1088ms; Flags=0, FrameTimelineVsyncId=103663, IntendedVsync=395289000978, Vsync=396205667608, InputEventId=0, HandleInputStart=396261344900, AnimationStart=396262337100, PerformTraversalsStart=396262682800, DrawStart=396262998100, FrameDeadline=396355678495, FrameInterval=396209330700, FrameStartTime=16666666, SyncQueued=396263175700, SyncStart=396269388200, IssueDrawCommandsStart=396286164800, SwapBuffers=396329935300, FrameCompleted=396384029000, DequeueBufferDuration=53300, QueueBufferDuration=733600, GpuCompleted=396384029000, SwapBuffersCompleted=396334687600, DisplayPresentTime=0, CommandSubmissionCompleted=396329935300, 
05-17 00:48:20.591  1198  1198 D TaplEvents: TIS / TouchInteractionService.onInputEvent: MotionEvent { action=ACTION_UP, actionButton=0, id[0]=0, x[0]=684.9756, y[0]=1807.9395, toolType[0]=TOOL_TYPE_FINGER, buttonState=0, classification=NONE, metaState=0, flags=0x0, edgeFlags=0x0, pointerCount=1, historySize=0, eventTime=396340, downTime=395774, deviceId=4, source=0x5002, displayId=0, eventId=589454365 }
05-17 00:48:20.597   915   964 V ShellRecents: [183226244] RecentsController.finishInner: toHome=false userLeave=false willFinishToHome=false state=0
05-17 00:48:20.597   915   964 V ShellRecents:   returning to app
05-17 00:48:20.597   915   964 V ShellRecents: [183226244] RecentsController.cleanup
05-17 00:48:20.598   915   964 V WindowManagerShell: Transition animation finished (aborted=false), notifying core (#7)android.os.BinderProxy@e9e1b85@0
05-17 00:48:20.599   614   657 I ActivityManager: PendingStartActivityUids startActivity to updateOomAdj delay:1440ms, uid:10168
05-17 00:48:20.611   614   654 V WindowManager: Finish Transition #7: created at 05-17 00:48:19.108 collect-started=0.142ms started=0.702ms ready=10.917ms sent=1156.206ms finished=1501.017ms
05-17 00:48:20.617   915   964 V WindowManagerShell: Track 0 became idle
05-17 00:48:20.618   915   964 V WindowManagerShell: All active transition animations finished
05-17 00:48:20.618   915   964 W Looper  : Drained
05-17 00:48:20.795  1198  2191 D OneSearchSuggestProvider: Created the binder channel successfully for end point service =com.google.android.apps.search.googleapp.search.suggest.plugins.onesearch.server.OneSearchSuggestService , mChannel=z1{delegate=s1{logId=9, target=directaddress:///AndroidComponentAddress%5BIntent%20%7B%20act=grpc.io.action.BIND%20cmp=com.google.android.googlequicksearchbox/com.google.android.apps.search.googleapp.search.suggest.plugins.onesearch.server.OneSearchSuggestService%20%7D%5D}} , mOneSearchConnection=X1.T@727ce99
05-17 00:48:20.799   614  1783 W AppSearchIcing: icing-search-engine.cc:283: Error: 5, Message: Document (com.google.android.googlequicksearchbox$OneSearchZeroStateGoogleSuggestions/default, zp) not found.
05-17 00:48:20.807  1198  2191 D OneSearchSuggestProvider: Established or reuse existing binder channel authority=com.google.android.googlequicksearchbox
05-17 00:48:20.924  1198  1306 I ImeTracker: com.google.android.apps.nexuslauncher:35448872: onRequestHide at ORIGIN_CLIENT_HIDE_SOFT_INPUT reason HIDE_SOFT_INPUT
05-17 00:48:20.924  1198  1306 I ImeTracker: com.google.android.apps.nexuslauncher:35448872: onFailed at PHASE_CLIENT_VIEW_SERVED
05-17 00:48:20.925  1198  2191 D OneSearchSuggestProvider: Shut down the binder channel
05-17 00:48:21.182   614   815 E WifiStaIfaceAidlImpl: installApfPacketFilter failed with service-specific exception: android.os.ServiceSpecificException:  (code 4)
05-17 00:48:21.512  1198  1198 D TaplEvents: TIS / TouchInteractionService.onInputEvent: MotionEvent { action=ACTION_DOWN, actionButton=0, id[0]=0, x[0]=684.9756, y[0]=3059.8242, toolType[0]=TOOL_TYPE_FINGER, buttonState=0, classification=NONE, metaState=0, flags=0x0, edgeFlags=0x0, pointerCount=1, historySize=0, eventTime=397509, downTime=397509, deviceId=4, source=0x5002, displayId=0, eventId=621659557 }
05-17 00:48:21.521   915   964 V ShellRecents: RecentsTransitionHandler.startRecentsTransition
05-17 00:48:21.521   915   964 V WindowManagerShell: Directly starting a new transition type=3 wct=WindowContainerTransaction { changes = {} hops = [{PendingIntent: options=Bundle[mParcelledData.dataSize=332]}] errorCallbackToken=null taskFragmentOrganizer=null } handler=com.android.wm.shell.recents.RecentsTransitionHandler@c25f137
05-17 00:48:21.532   915   964 V ShellRecents: [5507704] RecentsController.setTransition: id=android.os.BinderProxy@e45bf8f
05-17 00:48:21.550   410   410 I BpBinder: onLastStrongRef automatically unlinking death recipients: 
05-17 00:48:21.574  2933  2933 I A       : Constructor was called
05-17 00:48:21.597  1198  1306 I ImeTracker: com.google.android.apps.nexuslauncher:f189440b: onRequestHide at ORIGIN_CLIENT_HIDE_SOFT_INPUT reason HIDE_SOFT_INPUT
05-17 00:48:21.597  1198  1306 I ImeTracker: com.google.android.apps.nexuslauncher:f189440b: onFailed at PHASE_CLIENT_VIEW_SERVED
05-17 00:48:21.945  1198  1991 E OpenGLRenderer: Unable to match the desired swap behavior.
05-17 00:48:21.987  2933  2933 I A       : No savedInstanceState.
05-17 00:48:21.987  2933  2933 I A       : makeRequest: subscribing to new source
05-17 00:48:22.074  2933  2933 I A       : OnCreate Was Called
05-17 00:48:22.090  2933  2933 I A       : getMinusOnePromotion
05-17 00:48:22.553  1198  1198 D TaplEvents: TIS / TouchInteractionService.onInputEvent: MotionEvent { action=ACTION_UP, actionButton=0, id[0]=0, x[0]=684.9756, y[0]=3059.8242, toolType[0]=TOOL_TYPE_FINGER, buttonState=0, classification=NONE, metaState=0, flags=0x0, edgeFlags=0x0, pointerCount=1, historySize=0, eventTime=397612, downTime=397509, deviceId=4, source=0x5002, displayId=0, eventId=710868158 }
05-17 00:48:22.562   614  1783 W AppSearchIcing: icing-search-engine.cc:283: Error: 5, Message: Document (com.google.android.googlequicksearchbox$OneSearchZeroStateGoogleSuggestions/default, zp) not found.
05-17 00:48:22.582  1198  2191 D OneSearchSuggestProvider: Created the binder channel successfully for end point service =com.google.android.apps.search.googleapp.search.suggest.plugins.onesearch.server.OneSearchSuggestService , mChannel=z1{delegate=s1{logId=13, target=directaddress:///AndroidComponentAddress%5BIntent%20%7B%20act=grpc.io.action.BIND%20cmp=com.google.android.googlequicksearchbox/com.google.android.apps.search.googleapp.search.suggest.plugins.onesearch.server.OneSearchSuggestService%20%7D%5D}} , mOneSearchConnection=X1.T@a33e8a5
05-17 00:48:22.590  1198  1198 D TaplEvents: TIS / TouchInteractionService.onInputEvent: MotionEvent { action=ACTION_DOWN, actionButton=0, id[0]=0, x[0]=684.9756, y[0]=3059.8242, toolType[0]=TOOL_TYPE_FINGER, buttonState=0, classification=NONE, metaState=0, flags=0x0, edgeFlags=0x0, pointerCount=1, historySize=0, eventTime=397701, downTime=397701, deviceId=4, source=0x5002, displayId=0, eventId=305778080 }
05-17 00:48:22.600  1198  1198 D TaplEvents: Pilfer / pilferPointers
05-17 00:48:22.602  1198  1224 I OpenGLRenderer: Davey! duration=831ms; Flags=1, FrameTimelineVsyncId=104426, IntendedVsync=397555667554, Vsync=397572334220, InputEventId=0, HandleInputStart=397581797800, AnimationStart=397581842600, PerformTraversalsStart=397581966400, DrawStart=397946685200, FrameDeadline=397572334220, FrameInterval=397581777800, FrameStartTime=16666666, SyncQueued=397947689300, SyncStart=398134685400, IssueDrawCommandsStart=398134969100, SwapBuffers=398136514700, FrameCompleted=398574431500, DequeueBufferDuration=48500, QueueBufferDuration=440600, GpuCompleted=398574431500, SwapBuffersCompleted=398549258700, DisplayPresentTime=0, CommandSubmissionCompleted=398136514700, 
05-17 00:48:22.602   614  2388 W InputDispatcher: Attempted to pilfer points from a channel without any on-going pointer streams. Ignoring.
05-17 00:48:22.603  1198  1198 D TaplEvents: TIS / TouchInteractionService.onInputEvent: MotionEvent { action=ACTION_UP, actionButton=0, id[0]=0, x[0]=605.9619, y[0]=1523.9141, toolType[0]=TOOL_TYPE_FINGER, buttonState=0, classification=NONE, metaState=0, flags=0x0, edgeFlags=0x0, pointerCount=1, historySize=0, eventTime=397892, downTime=397701, deviceId=4, source=0x5002, displayId=0, eventId=660232564 }
05-17 00:48:22.622  1681  1902 I AiAiEcho: Predicting[0]: 
05-17 00:48:22.622  1681  1902 I AiAiEcho: EchoTargets: 
05-17 00:48:22.622  1681  1902 I AiAiEcho: Filtered by AiAi flag check: 
05-17 00:48:22.623  1681  1902 I AiAiEcho: Ranked targets strategy: SORT, count: 0, ranking metadata: 
05-17 00:48:22.626  1681  1902 I AiAiEcho: #postPredictionTargets: Sending updates to UISurface home with targets# 0 (types=[])
05-17 00:48:22.651  2933  2933 I A       : #startAppFlow
05-17 00:48:22.684  1105  1351 D BtGatt.ScanManager: uid 10128 isForeground true scanMode 1
05-17 00:48:22.686  1105  1351 D BtGatt.ScanManager: uid 10128 isForeground true scanMode -1
05-17 00:48:22.741   614  2390 V WindowManager: Moving #8 from collecting to waiting.
05-17 00:48:22.742   614  2390 E BLASTSyncEngine: SyncGroup 9: Started when there is other active SyncGroup
05-17 00:48:22.763   915  2666 D KeyguardService: setOccluded(false)
05-17 00:48:22.764   915  2666 D KeyguardViewMediator: setOccluded(false)
05-17 00:48:22.765   614  2390 I ActivityTaskManager: START u0 {act=android.intent.action.MAIN cat=[android.intent.category.HOME] flg=0x10000000 cmp=com.google.android.apps.nexuslauncher/.NexusLauncherActivity} with LAUNCH_SINGLE_TASK from uid 10168 (BAL_ALLOW_ALLOWLISTED_COMPONENT) result code=3
05-17 00:48:22.770   915   915 D KeyguardViewMediator: handleSetOccluded(false)
05-17 00:48:22.770  1198  1198 I Choreographer: Skipped 69 frames!  The application may be doing too much work on its main thread.
05-17 00:48:22.773   915   964 D WindowManagerShell: onActivityRestartAttempt: ComponentInfo{com.google.android.apps.nexuslauncher/com.google.android.apps.nexuslauncher.NexusLauncherActivity}
05-17 00:48:22.799  1198  1198 D TaplTarget: Launcher.onNewIntent: Intent { act=android.intent.action.MAIN cat=[android.intent.category.HOME] flg=0x10000000 cmp=com.google.android.apps.nexuslauncher/.NexusLauncherActivity }
05-17 00:48:22.810  1198  1306 I ImeTracker: com.google.android.apps.nexuslauncher:d7db6347: onRequestHide at ORIGIN_CLIENT_HIDE_SOFT_INPUT reason HIDE_SOFT_INPUT
05-17 00:48:22.814  1198  1306 I ImeTracker: com.google.android.apps.nexuslauncher:d7db6347: onFailed at PHASE_CLIENT_VIEW_SERVED
05-17 00:48:22.864  1198  4301 I OpenGLRenderer: Davey! duration=1235ms; Flags=0, FrameTimelineVsyncId=104455, IntendedVsync=397605667552, Vsync=398755667506, InputEventId=0, HandleInputStart=398771842600, AnimationStart=398771889500, PerformTraversalsStart=398773306100, DrawStart=398777997400, FrameDeadline=398605667512, FrameInterval=398770385400, FrameStartTime=16666666, SyncQueued=398778888500, SyncStart=398779223800, IssueDrawCommandsStart=398779976000, SwapBuffers=398825389400, FrameCompleted=398841990500, DequeueBufferDuration=56000, QueueBufferDuration=3134600, GpuCompleted=398841990500, SwapBuffersCompleted=398838080100, DisplayPresentTime=0, CommandSubmissionCompleted=398825389400, 
05-17 00:48:22.869   614  1783 W AppSearchIcing: icing-search-engine.cc:283: Error: 5, Message: Document (com.google.android.googlequicksearchbox$OneSearchZeroStateGoogleSuggestions/default, zp) not found.
05-17 00:48:22.884  1198  2191 D OneSearchSuggestProvider: Established or reuse existing binder channel authority=com.google.android.googlequicksearchbox
05-17 00:48:22.885  2933  2933 I A       : #endAppFlow
05-17 00:48:22.886  2933  2933 I A       : getAccountMenuPromotion
05-17 00:48:22.904  2933  3120 I A       : #enqueuePeriodicJob: running = false
05-17 00:48:22.911  1681  1902 I AiAiEcho: Predicting[0]: 
05-17 00:48:22.912  1681  1902 I AiAiEcho: EchoTargets: 
05-17 00:48:22.912  1681  1902 I AiAiEcho: Filtered by AiAi flag check: 
05-17 00:48:22.912  1681  1902 I AiAiEcho: Ranked targets strategy: SORT, count: 0, ranking metadata: 
05-17 00:48:22.928   614   654 D AutofillManagerService: Close system dialogs
05-17 00:48:22.950  1681  1902 I AiAiEcho: #postPredictionTargets: Sending updates to UISurface home with targets# 0 (types=[])
05-17 00:48:22.953  2933  3120 I A       : loading data on surface MinusOne.
05-17 00:48:22.973   915   915 I vol.VolumeDialogImpl: mDialog.dismiss() reason: volume_controller from: com.android.systemui.volume.VolumeDialogImpl$7.onDismissRequested:3
05-17 00:48:22.989  1198  1213 I s.nexuslauncher: NativeAlloc concurrent copying GC freed 72497(3032KB) AllocSpace objects, 6(1076KB) LOS objects, 49% free, 7821KB/15MB, paused 1.116ms,151us total 438.125ms
05-17 00:48:22.990  2933  2945 I earchbox:search: JIT allocated 94KB for compiled code of java.lang.Object com.google.android.apps.gsa.binaries.velvet.app.amm.c()
05-17 00:48:22.998  2933  2933 I A       : Created gRPC endpoint to "search" for service class com.google.android.apps.search.googleapp.search.suggest.plugins.onesearch.server.OneSearchSuggestService
05-17 00:48:23.015  2933  2945 I earchbox:search: Compiler allocated 5207KB to compile java.lang.Object com.google.android.apps.gsa.binaries.velvet.app.amm.c()
05-17 00:48:23.032  2933  2933 I Choreographer: Skipped 116 frames!  The application may be doing too much work on its main thread.
05-17 00:48:23.062   614   634 I system_server: NativeAlloc concurrent copying GC freed 275489(12MB) AllocSpace objects, 16(360KB) LOS objects, 48% free, 25MB/49MB, paused 1.036ms,263us total 527.212ms
05-17 00:48:23.065  2933  2933 I A       : onApplyWindowInsets: systemWindowInsets=Insets{left=0, top=145, right=0, bottom=84}
05-17 00:48:23.067  2933  2933 I A       : onApplyWindowInsets: systemWindowInsets=Insets{left=0, top=145, right=0, bottom=84}
05-17 00:48:23.070  2933  3063 W A       : Didn't find the session (MAIN_FEED, true)
05-17 00:48:23.076   614   635 W JavaBinder: BinderProxy is being destroyed but the application did not call unlinkToDeath to unlink all of its death recipients beforehand.  Releasing leaked death recipient: com.android.server.wm.ActivityRecord$$ExternalSyntheticLambda0
05-17 00:48:23.103   915   964 V WindowManagerShell: onTransitionReady android.os.BinderProxy@e45bf8f: {id=8 t=TO_FRONT f=0x80 trk=0 r=[0@Point(0, 0)] c=[{WCT{android.window.IWindowContainerToken$Stub$Proxy@76eb82d} m=TO_FRONT f=SHOW_WALLPAPER|MOVE_TO_TOP leash=Surface(name=Task=1)/@0xb362df1 sb=Rect(0, 0 - 1440, 3120) eb=Rect(0, 0 - 1440, 3120) d=0},{WCT{android.window.IWindowContainerToken$Stub$Proxy@6105162} m=TO_BACK f=NONE leash=Surface(name=Task=36)/@0x1772dd6 sb=Rect(0, 0 - 1440, 3120) eb=Rect(0, 0 - 1440, 3120) d=0},{null m=TO_FRONT f=IS_WALLPAPER leash=Surface(name=WallpaperWindowToken{f061875 token=android.os.Binder@1f46d5f})/@0x939e857 sb=Rect(0, 0 - 1440, 3120) eb=Rect(0, 0 - 1440, 3120) d=0}]}
05-17 00:48:23.104   915   964 V WindowManagerShell: Playing animation for (#8)android.os.BinderProxy@e45bf8f@0
05-17 00:48:23.114   915   964 V WindowManagerShell:  try firstHandler com.android.wm.shell.recents.RecentsTransitionHandler@c25f137
05-17 00:48:23.116   915   964 V ShellRecents: [5507704] RecentsController.start
05-17 00:48:23.122   915   964 V ShellRecents:   adding pausing leaf taskId=36 at layer=8
05-17 00:48:23.127   915   964 V ShellRecents: [5507704] RecentsController.start: calling onAnimationStart
05-17 00:48:23.128   915   964 V WindowManagerShell:  animated by firstHandler
05-17 00:48:23.136   614   635 I BpBinder: onLastStrongRef automatically unlinking death recipients: 
05-17 00:48:23.155  2933  2933 I A       : #accountsLoadedAppFlow
05-17 00:48:23.158   915   964 V ShellRecents: [5507704] RecentsController.finishInner: toHome=false userLeave=false willFinishToHome=false state=0
05-17 00:48:23.159   915   964 V ShellRecents:   returning to app
05-17 00:48:23.159   915   964 V ShellRecents: [5507704] RecentsController.cleanup
05-17 00:48:23.160   915   964 V WindowManagerShell: Transition animation finished (aborted=false), notifying core (#8)android.os.BinderProxy@e45bf8f@0
05-17 00:48:23.187   614   654 V WindowManager: Sent Transition #8 createdAt=05-17 00:48:21.523
05-17 00:48:23.189   614   654 V WindowManager:     startWCT=WindowContainerTransaction { changes = {} hops = [{PendingIntent: options=Bundle[{android.activity.splashScreenStyle=-1, android.activity.sourceInfo=android.app.ActivityOptions$SourceInfo@f53bb3a, android.activity.transientLaunch=true}]}] errorCallbackToken=null taskFragmentOrganizer=null }
05-17 00:48:23.191   614   654 V WindowManager:     info={id=8 t=TO_FRONT f=0x80 trk=0 r=[0@Point(0, 0)] c=[{WCT{RemoteToken{b939941 Task{b573438 #1 type=home}}} m=TO_FRONT f=SHOW_WALLPAPER|MOVE_TO_TOP leash=Surface(name=Task=1)/@0x86ccee4 sb=Rect(0, 0 - 1440, 3120) eb=Rect(0, 0 - 1440, 3120) d=0},{WCT{RemoteToken{7ed564b Task{1f270fa #36 type=standard I=com.example.campusconnect/.MainActivity}}} m=TO_BACK f=NONE leash=Surface(name=Task=36)/@0x97d020d sb=Rect(0, 0 - 1440, 3120) eb=Rect(0, 0 - 1440, 3120) d=0},{null m=TO_FRONT f=IS_WALLPAPER leash=Surface(name=WallpaperWindowToken{f061875 token=android.os.Binder@1f46d5f})/@0xd07ac76 sb=Rect(0, 0 - 1440, 3120) eb=Rect(0, 0 - 1440, 3120) d=0}]}
05-17 00:48:23.195  2933  2933 W A       : Can't get WAA status for Mavatar!
05-17 00:48:23.195  2933  2933 W A       : java.lang.NullPointerException: Attempt to invoke virtual method 'java.lang.Class java.lang.Object.getClass()' on a null object reference
05-17 00:48:23.195  2933  2933 W A       : 	at com.google.apps.tiktok.dataservice.z.b(PG:1)
05-17 00:48:23.195  2933  2933 W A       : 	at com.google.apps.tiktok.dataservice.at.a(PG:1)
05-17 00:48:23.195  2933  2933 W A       : 	at com.google.apps.tiktok.tracing.ec.a(PG:2)
05-17 00:48:23.195  2933  2933 W A       : 	at com.google.common.util.concurrent.aj.a(PG:2)
05-17 00:48:23.195  2933  2933 W A       : 	at com.google.common.util.concurrent.ac.apply(PG:1)
05-17 00:48:23.195  2933  2933 W A       : 	at com.google.common.util.concurrent.h.e(PG:2)
05-17 00:48:23.195  2933  2933 W A       : 	at com.google.common.util.concurrent.j.run(PG:9)
05-17 00:48:23.195  2933  2933 W A       : 	at com.google.common.util.concurrent.bf.execute(PG:1)
05-17 00:48:23.195  2933  2933 W A       : 	at com.google.common.util.concurrent.d.i(PG:1)
05-17 00:48:23.195  2933  2933 W A       : 	at com.google.common.util.concurrent.d.l(PG:12)
05-17 00:48:23.195  2933  2933 W A       : 	at com.google.common.util.concurrent.d.n(PG:2)
05-17 00:48:23.195  2933  2933 W A       : 	at com.google.common.util.concurrent.i.f(PG:1)
05-17 00:48:23.195  2933  2933 W A       : 	at com.google.common.util.concurrent.j.run(PG:12)
05-17 00:48:23.195  2933  2933 W A       : 	at com.google.android.libraries.i.ae.run(PG:1)
05-17 00:48:23.195  2933  2933 W A       : 	at java.util.concurrent.ThreadPoolExecutor.runWorker(ThreadPoolExecutor.java:1145)
05-17 00:48:23.195  2933  2933 W A       : 	at java.util.concurrent.ThreadPoolExecutor$Worker.run(ThreadPoolExecutor.java:644)
05-17 00:48:23.195  2933  2933 W A       : 	at com.google.android.libraries.i.k.run(PG:2)
05-17 00:48:23.195  2933  2933 W A       : 	at com.google.android.libraries.i.p.run(PG:4)
05-17 00:48:23.195  2933  2933 W A       : 	at java.lang.Thread.run(Thread.java:1012)
05-17 00:48:23.199   614   654 V WindowManager: Finish Transition #8: created at 05-17 00:48:21.523 collect-started=0.147ms started=1.593ms ready=6.163ms sent=1555.997ms finished=1662.765ms
05-17 00:48:23.218   410   629 I BpBinder: onLastStrongRef automatically unlinking death recipients: 
05-17 00:48:23.219   915   964 V WindowManagerShell: Track 0 became idle
05-17 00:48:23.219   915   964 V WindowManagerShell: All active transition animations finished
05-17 00:48:23.219   915   964 W Looper  : Slow dispatch took 61ms wmshell.main h=android.os.Handler c=com.android.wm.shell.recents.RecentsTransitionHandler$RecentsController$$ExternalSyntheticLambda3@cc065a9 m=0
05-17 00:48:23.290  2933  3063 W A       : Didn't find the session (MAIN_FEED, true)
05-17 00:48:23.295  1105  1351 D BtGatt.ScanManager: uid 10128 isForeground true scanMode 1
05-17 00:48:23.296  1105  1351 D BtGatt.ScanManager: uid 10128 isForeground true scanMode -1
05-17 00:48:23.329  1198  1306 I ImeTracker: com.google.android.apps.nexuslauncher:b5125d51: onRequestHide at ORIGIN_CLIENT_HIDE_SOFT_INPUT reason HIDE_SOFT_INPUT
05-17 00:48:23.330  1198  1306 I ImeTracker: com.google.android.apps.nexuslauncher:b5125d51: onFailed at PHASE_CLIENT_VIEW_SERVED
05-17 00:48:23.332  1198  2191 D OneSearchSuggestProvider: Shut down the binder channel
05-17 00:48:23.461   614   656 I DropBoxManagerService: add tag=system_server_strictmode isTagEnabled=true flags=0x2
05-17 00:48:23.562  1198  1198 D SearchTargetUtil:  query= size=15
05-17 00:48:23.563  1198  1198 D SearchTargetUtil: layoutType=short_icon_row resultType=131072 packageName=com.google.android.googlequicksearchbox extras=Bundle{suggestion_type=33,suggest_truncate_start=false,is_answer=false,is_entity=false,is_personal=false,suggest_raw_text=schedule 1 australia steam,group_id=web366674,response_id=7428f114-5c58-4d46-bc58-581cc063f9e1,support_query_builder=false,} searchAction=schedule 1 australia steam searchActionExtras=Bundle{learn_more_url=https://support.google.com/websearch/answer/106230?hl=106230,suggestion_action_text=Report this,should_start_for_result=true,allow_pinning=true,skip_logging_in_target_handler=false,suggestion_action_rpc=2,}ParentID: null targetID: e39e160d-2ed5-45e3-9e2b-ca7861ea3db2
05-17 00:48:23.564  1198  1198 D SearchTargetUtil: layoutType=short_icon_row resultType=131072 packageName=com.google.android.googlequicksearchbox extras=Bundle{suggestion_type=33,suggest_truncate_start=false,is_answer=false,is_entity=false,is_personal=false,suggest_raw_text=sakura bana omaha closing,group_id=web366674,response_id=7428f114-5c58-4d46-bc58-581cc063f9e1,support_query_builder=false,} searchAction=sakura bana omaha closing searchActionExtras=Bundle{learn_more_url=https://support.google.com/websearch/answer/106230?hl=106230,suggestion_action_text=Report this,should_start_for_result=true,allow_pinning=true,skip_logging_in_target_handler=false,suggestion_action_rpc=2,}ParentID: null targetID: 3c07fa49-4e8a-4fa3-8a5a-93d2e242181c
05-17 00:48:23.565  1198  1198 D SearchTargetUtil: layoutType=short_icon_row resultType=131072 packageName=com.google.android.googlequicksearchbox extras=Bundle{suggestion_type=33,suggest_truncate_start=false,is_answer=false,is_entity=false,is_personal=false,suggest_raw_text=monaghan statue spokane removal,group_id=web366674,response_id=7428f114-5c58-4d46-bc58-581cc063f9e1,support_query_builder=false,} searchAction=monaghan statue spokane removal searchActionExtras=Bundle{learn_more_url=https://support.google.com/websearch/answer/106230?hl=106230,suggestion_action_text=Report this,should_start_for_result=true,allow_pinning=true,skip_logging_in_target_handler=false,suggestion_action_rpc=2,}ParentID: null targetID: a576c6b8-2ccd-492a-88a2-a3895cfe2931
