--------- beginning of kernel
05-17 00:55:57.480     0     0 I logd    : logdr: UID=2000 GID=2000 PID=5043 b tail=0 logMask=99 pid=0 start=0ns deadline=0ns
--------- beginning of main
05-17 00:55:57.574   915   915 W ndroid.systemui: Weak pointer dereference blocked for 19 milliseconds.
05-17 00:55:57.614   915   928 I ndroid.systemui: Background young concurrent copying GC freed 206801(9701KB) AllocSpace objects, 0(0B) LOS objects, 26% free, 26MB/35MB, paused 21.020ms,4.249ms total 124.820ms
05-17 00:55:59.006   915   928 I ndroid.systemui: Background concurrent copying GC freed 391865(19MB) AllocSpace objects, 0(0B) LOS objects, 50% free, 17MB/35MB, paused 6.396ms,2.701ms total 287.933ms
05-17 00:56:00.197  1681  1902 I AiAiEcho: Predicting[0]: 
05-17 00:56:00.197  1681  1902 I AiAiEcho: EchoTargets: 
05-17 00:56:00.197  1681  1902 I AiAiEcho: Filtered by AiAi flag check: 
05-17 00:56:00.201   915  1000 D EGL_emulation: app_time_stats: avg=60101.28ms min=60101.28ms max=60101.28ms count=1
05-17 00:56:00.239  1681  1902 I AiAiEcho: Ranked targets strategy: SORT, count: 0, ranking metadata: 
05-17 00:56:00.251  1681  1902 I AiAiEcho: #postPredictionTargets: Sending updates to UISurface lockscreen with targets# 0 (types=[])
05-17 00:56:00.294   915   915 W PageIndicator: Total number of pages invalid: 0. Assuming 1 page.
05-17 00:56:00.759   915   915 D StatusBarIconController: ignoring old pipeline callback because the new wifi icon is enabled
05-17 00:56:04.414   915   928 I ndroid.systemui: Background young concurrent copying GC freed 393023(18MB) AllocSpace objects, 0(0B) LOS objects, 49% free, 18MB/35MB, paused 11.440ms,1.031ms total 93.107ms
05-17 00:56:05.899   915   915 D StatusBarIconController: ignoring old pipeline callbacks, because the new mobile icons are enabled
05-17 00:56:05.982   915  1000 D EGL_emulation: app_time_stats: avg=5775.55ms min=5775.55ms max=5775.55ms count=1
05-17 00:56:06.518   915   928 I ndroid.systemui: Background young concurrent copying GC freed 389820(17MB) AllocSpace objects, 1(20KB) LOS objects, 50% free, 17MB/35MB, paused 9.204ms,3.627ms total 124.450ms
05-17 00:56:06.846   915   915 D StatusBarIconController: ignoring old pipeline callback because the new wifi icon is enabled
05-17 00:56:08.746   915   928 I ndroid.systemui: Background young concurrent copying GC freed 391104(17MB) AllocSpace objects, 0(0B) LOS objects, 50% free, 17MB/35MB, paused 10.689ms,768us total 67.206ms
05-17 00:56:11.911   915   928 I ndroid.systemui: Background young concurrent copying GC freed 389058(17MB) AllocSpace objects, 0(0B) LOS objects, 49% free, 18MB/35MB, paused 12.842ms,1.296ms total 99.744ms
05-17 00:56:13.003   915   915 D StatusBarIconController: ignoring old pipeline callback because the new wifi icon is enabled
05-17 00:56:16.125   915   915 D StatusBarIconController: ignoring old pipeline callbacks, because the new mobile icons are enabled
05-17 00:56:16.418   915   928 I ndroid.systemui: Background young concurrent copying GC freed 378255(17MB) AllocSpace objects, 1(20KB) LOS objects, 48% free, 18MB/35MB, paused 14.989ms,2.162ms total 102.814ms
05-17 00:56:19.030   915   928 W ndroid.systemui: Suspending all threads took: 7.214ms
05-17 00:56:19.067   915   928 I ndroid.systemui: Background young concurrent copying GC freed 377203(17MB) AllocSpace objects, 0(0B) LOS objects, 48% free, 18MB/35MB, paused 16.035ms,9.025ms total 121.533ms
05-17 00:56:19.214   915   915 D StatusBarIconController: ignoring old pipeline callback because the new wifi icon is enabled
05-17 00:56:20.997   915   928 W ndroid.systemui: Suspending all threads took: 7.674ms
05-17 00:56:21.012   915   928 I ndroid.systemui: Background young concurrent copying GC freed 370717(16MB) AllocSpace objects, 0(0B) LOS objects, 46% free, 18MB/35MB, paused 3.541ms,8.149ms total 59.505ms
05-17 00:56:25.217   915   915 D StatusBarIconController: ignoring old pipeline callback because the new wifi icon is enabled
05-17 00:56:25.909   915   915 D StatusBarIconController: ignoring old pipeline callbacks, because the new mobile icons are enabled
05-17 00:56:31.287   915   915 D StatusBarIconController: ignoring old pipeline callback because the new wifi icon is enabled
05-17 00:56:35.318   614  2390 D WifiNl80211Manager: Scan result ready event
05-17 00:56:35.323   614  2390 D WifiNative: Scan result ready event
05-17 00:56:35.927   915   915 D StatusBarIconController: ignoring old pipeline callbacks, because the new mobile icons are enabled
05-17 00:56:37.575   915   915 D StatusBarIconController: ignoring old pipeline callback because the new wifi icon is enabled
05-17 00:56:43.675   915   915 D StatusBarIconController: ignoring old pipeline callback because the new wifi icon is enabled
05-17 00:56:45.903   915   915 D StatusBarIconController: ignoring old pipeline callbacks, because the new mobile icons are enabled
05-17 00:56:45.954   915  1000 D EGL_emulation: app_time_stats: avg=39971.50ms min=39971.50ms max=39971.50ms count=1
05-17 00:56:46.110  1146  1158 I m.android.phone: Background young concurrent copying GC freed 74401(2672KB) AllocSpace objects, 0(0B) LOS objects, 43% free, 3647KB/6444KB, paused 3.675ms,785us total 203.128ms
05-17 00:56:46.119  1146  1160 W System  : A resource failed to call AbstractCursor.close. 
05-17 00:56:46.122  1146  1160 W System  : A resource failed to call AbstractCursor.close. 
05-17 00:56:49.745   915   915 D StatusBarIconController: ignoring old pipeline callback because the new wifi icon is enabled
05-17 00:56:55.842   915   915 D StatusBarIconController: ignoring old pipeline callback because the new wifi icon is enabled
05-17 00:56:55.895   915   915 D StatusBarIconController: ignoring old pipeline callbacks, because the new mobile icons are enabled
05-17 00:56:58.870   915   915 D StatusBarIconController: ignoring old pipeline callback because the new wifi icon is enabled
05-17 00:57:00.199  1681  1902 I AiAiEcho: Predicting[0]: 
05-17 00:57:00.211  1681  1902 I AiAiEcho: EchoTargets: 
05-17 00:57:00.211  1681  1902 I AiAiEcho: Filtered by AiAi flag check: 
05-17 00:57:00.219  1681  1902 I AiAiEcho: Ranked targets strategy: SORT, count: 0, ranking metadata: 
05-17 00:57:00.224   915  1000 D EGL_emulation: app_time_stats: avg=14264.84ms min=14264.84ms max=14264.84ms count=1
05-17 00:57:00.242  1681  1902 I AiAiEcho: #postPredictionTargets: Sending updates to UISurface lockscreen with targets# 0 (types=[])
05-17 00:57:00.309   915   915 W PageIndicator: Total number of pages invalid: 0. Assuming 1 page.
05-17 00:57:01.002   915   928 W ndroid.systemui: Suspending all threads took: 6.340ms
05-17 00:57:01.051   915   928 I ndroid.systemui: Background young concurrent copying GC freed 351201(16MB) AllocSpace objects, 4(80KB) LOS objects, 45% free, 19MB/35MB, paused 5.801ms,10.583ms total 126.790ms
05-17 00:57:01.975   915   915 D StatusBarIconController: ignoring old pipeline callback because the new wifi icon is enabled
05-17 00:57:02.983   915   928 I ndroid.systemui: Background young concurrent copying GC freed 357198(16MB) AllocSpace objects, 0(0B) LOS objects, 45% free, 19MB/35MB, paused 9.247ms,3.293ms total 99.231ms
05-17 00:57:05.054   915   915 D StatusBarIconController: ignoring old pipeline callback because the new wifi icon is enabled
05-17 00:57:05.874   915   928 I ndroid.systemui: Background young concurrent copying GC freed 357805(16MB) AllocSpace objects, 0(0B) LOS objects, 45% free, 19MB/35MB, paused 18.923ms,551us total 110.513ms
05-17 00:57:05.951   915   915 D StatusBarIconController: ignoring old pipeline callbacks, because the new mobile icons are enabled
05-17 00:57:07.990   915   928 I ndroid.systemui: Background young concurrent copying GC freed 346769(15MB) AllocSpace objects, 1(20KB) LOS objects, 44% free, 19MB/35MB, paused 10.717ms,3.425ms total 112.705ms
05-17 00:57:08.035   915   915 D StatusBarIconController: ignoring old pipeline callback because the new wifi icon is enabled
--------- beginning of system
05-17 00:57:08.880   614   614 W Looper  : Slow dispatch took 114ms main h=android.os.Handler c=android.app.AlarmManager$ListenerWrapper@7f1a955 m=0
05-17 00:57:08.930  2933  2933 I BgTaskExecutorImpl: Starting EXCLUSIVE background task UPLOAD_ASSISTANT_DEVICE_SETTINGS.
05-17 00:57:08.991  2933  5047 I NetworkRecognitionRnr: Using pair HTTP connection
05-17 00:57:09.019  2933  5049 I A       : [Upload] Connected
05-17 00:57:09.042  2933  5049 I NetworkRecognitionRnr: Using pair HTTP connection
05-17 00:57:09.050  2933  2933 E A       : onError
05-17 00:57:09.050  2933  2933 E A       : com.google.android.apps.gsa.shared.speech.a.m: errorCode: 65561, engine: 2
05-17 00:57:09.050  2933  2933 E A       : 	at com.google.android.apps.gsa.staticplugins.dc.a.e.a(PG:3)
05-17 00:57:09.050  2933  2933 E A       : 	at com.google.android.apps.gsa.s3.n.hh(PG:1)
05-17 00:57:09.050  2933  2933 E A       : 	at com.google.cd.g.a.f.e(PG:2)
05-17 00:57:09.050  2933  2933 E A       : 	at com.google.android.apps.gsa.speech.k.a.g.d(PG:22)
05-17 00:57:09.050  2933  2933 E A       : 	at com.google.android.apps.gsa.speech.k.a.g.ks(PG:6)
05-17 00:57:09.050  2933  2933 E A       : 	at com.google.android.apps.gsa.s3.o.e(PG:14)
05-17 00:57:09.050  2933  2933 E A       : 	at com.google.android.apps.gsa.s3.p.run(PG:1)
05-17 00:57:09.050  2933  2933 E A       : 	at java.util.concurrent.Executors$RunnableAdapter.call(Executors.java:487)
05-17 00:57:09.050  2933  2933 E A       : 	at java.util.concurrent.FutureTask.run(FutureTask.java:264)
05-17 00:57:09.050  2933  2933 E A       : 	at com.google.android.apps.gsa.shared.util.c.a.e.run(PG:2)
05-17 00:57:09.050  2933  2933 E A       : 	at com.google.android.apps.gsa.shared.util.c.a.bi.run(PG:1)
05-17 00:57:09.050  2933  2933 E A       : 	at com.google.android.apps.gsa.shared.util.c.a.bi.run(PG:1)
05-17 00:57:09.050  2933  2933 E A       : 	at java.util.concurrent.ThreadPoolExecutor.runWorker(ThreadPoolExecutor.java:1145)
05-17 00:57:09.050  2933  2933 E A       : 	at java.util.concurrent.ThreadPoolExecutor$Worker.run(ThreadPoolExecutor.java:644)
05-17 00:57:09.050  2933  2933 E A       : 	at java.lang.Thread.run(Thread.java:1012)
05-17 00:57:09.050  2933  2933 E A       : 	at com.google.android.apps.gsa.shared.util.c.a.l.run(PG:5)
05-17 00:57:09.050  2933  2933 E A       : Caused by: com.google.android.apps.gsa.shared.speech.a.o: errorCode: 65586, engine: 2
05-17 00:57:09.050  2933  2933 E A       : 	... 15 more
05-17 00:57:09.050  2933  2933 E A       : Caused by: com.google.android.apps.gsa.shared.speech.a.k: errorCode: 401, engine: 2
05-17 00:57:09.050  2933  2933 E A       : 	at com.google.android.apps.gsa.assistant.shared.n.h.a(PG:5)
05-17 00:57:09.050  2933  2933 E A       : 	at com.google.android.apps.gsa.s3.producers.j.hE(PG:2)
05-17 00:57:09.050  2933  2933 E A       : 	at com.google.android.apps.gsa.speech.k.a.g.d(PG:16)
05-17 00:57:09.050  2933  2933 E A       : 	... 12 more
05-17 00:57:09.053  2933  3124 W A       : Failed to get connectivityLock in 4000 ms
05-17 00:57:09.058  2933  5050 I A       : [Upload] Connected
05-17 00:57:09.126  2933  2933 W A       : Failed to sync device settings.
05-17 00:57:09.127  2933  2933 I A       : Retrying to sync device settings.
05-17 00:57:09.259   614  2390 W JobScheduler: Job didn't exist in JobStore: 8d930a2 #u0a132/-353 com.google.android.googlequicksearchbox/com.google.android.apps.gsa.tasks.BackgroundTasksJobService
05-17 00:57:10.180   915   928 I ndroid.systemui: Background young concurrent copying GC freed 347542(15MB) AllocSpace objects, 0(0B) LOS objects, 44% free, 19MB/35MB, paused 15.580ms,6.286ms total 112.049ms
05-17 00:57:11.071   915   915 D StatusBarIconController: ignoring old pipeline callback because the new wifi icon is enabled
05-17 00:57:11.235   614  2390 D ConnectivityService: requestNetwork for uid/pid:10132/2933 activeRequest: null callbackRequest: 140 [NetworkRequest [ REQUEST id=140, [ Transports: CELLULAR Capabilities: INTERNET&NOT_RESTRICTED&TRUSTED&NOT_VPN&NOT_VCN_MANAGED Uid: 10132 RequestorUid: 10132 RequestorPkg: com.google.android.googlequicksearchbox UnderlyingNetworks: Null] ]] callback flags: 0 order: 2147483647
05-17 00:57:11.287   358   426 I netd    : networkSetPermissionForNetwork(101, 0) <34.40ms>
05-17 00:57:11.319   614   824 D ConnectivityService: NetReassign [140 : null → 101] [c 4] [a 68] [i 4]
05-17 00:57:11.320   614   824 D ConnectivityService: reportNetworkConnectivity(100, false) by 10132
05-17 00:57:11.343  1046  1904 D NetworkMonitor/100: Forcing reevaluation for UID 10132. Dns signal count: 0
05-17 00:57:11.362  1046  5054 D TrafficStats: tagSocket(69) with statsTag=0xffffff81, statsUid=-1
05-17 00:57:11.365  1046  5055 D TrafficStats: tagSocket(108) with statsTag=0xffffff81, statsUid=-1
05-17 00:57:11.390  1046  5055 D TrafficStats: tagSocket(69) with statsTag=0xffffff81, statsUid=-1
05-17 00:57:11.402  1046  5054 D TrafficStats: tagSocket(107) with statsTag=0xffffff81, statsUid=-1
05-17 00:57:11.422   358  5056 I resolv  : ResNSendHandler::run: 0 / {100 983140 100 983140 1073 1}
05-17 00:57:11.442   358  5057 I resolv  : ResNSendHandler::run: 0 / {100 983140 100 983140 1073 1}
05-17 00:57:11.442   358  5056 I resolv  : res_stats_usable_server: too many resolution errors, ignoring server
05-17 00:57:11.445   358  5057 I resolv  : res_stats_usable_server: too many resolution errors, ignoring server
05-17 00:57:11.514   358  5058 I resolv  : ResNSendHandler::run: 0 / {100 983140 100 983140 1073 1}
05-17 00:57:11.514   358  5059 I resolv  : ResNSendHandler::run: 0 / {100 983140 100 983140 1073 1}
05-17 00:57:11.518   358  5059 I resolv  : res_stats_usable_server: too many resolution errors, ignoring server
05-17 00:57:11.523   358  5056 I resolv  : res_nsend: used send_dg 75 terrno: 0
05-17 00:57:11.534   358  5058 I resolv  : res_stats_usable_server: too many resolution errors, ignoring server
05-17 00:57:11.548   358  5057 I resolv  : res_nsend: used send_dg 63 terrno: 0
05-17 00:57:11.561  1046  1046 D TrafficStats: tagSocket(69) with statsTag=0xffffffff, statsUid=-1
05-17 00:57:11.585  1046  1046 D TrafficStats: tagSocket(69) with statsTag=0xffffffff, statsUid=-1
05-17 00:57:11.613   358  5059 I resolv  : res_nsend: used send_dg 48 terrno: 0
05-17 00:57:11.614  1046  5055 D NetworkMonitor/100: PROBE_DNS connectivitycheck.gstatic.com 250ms OK 142.250.186.163,2a00:1450:4001:827::2003
05-17 00:57:11.629   358  5058 I resolv  : res_nsend: used send_dg 60 terrno: 0
05-17 00:57:11.649  1046  1046 D TrafficStats: tagSocket(107) with statsTag=0xffffffff, statsUid=-1
05-17 00:57:11.650   358  5060 I resolv  : GetAddrInfoHandler::run: {100 983140 100 983140 1073 1}
05-17 00:57:11.658   358  5061 I resolv  : res_nmkquery: (QUERY, IN, AAAA)
05-17 00:57:11.659   358  5062 I resolv  : res_nmkquery: (QUERY, IN, A)
05-17 00:57:11.663   358  5061 I resolv  : resolv_cache_lookup: FOUND IN CACHE entry=0x787c34a8c970
05-17 00:57:11.666   358  5061 I resolv  : doQuery: rcode=0, ancount=1, return value=75
05-17 00:57:11.668   358  5062 I resolv  : resolv_cache_lookup: FOUND IN CACHE entry=0x787c34a8bef0
05-17 00:57:11.669   358  5062 I resolv  : doQuery: rcode=0, ancount=1, return value=63
05-17 00:57:11.679  1046  5055 D TrafficStats: tagSocket(108) with statsTag=0xffffff81, statsUid=-1
05-17 00:57:11.683  1046  1046 D TrafficStats: tagSocket(69) with statsTag=0xffffffff, statsUid=-1
05-17 00:57:11.701  1046  5054 D NetworkMonitor/100: PROBE_DNS www.google.com 339ms OK 142.250.186.68,2a00:1450:4001:828::2004
05-17 00:57:11.721   358  5064 I resolv  : GetAddrInfoHandler::run: {100 983140 100 983140 1073 1}
05-17 00:57:11.731   358  5065 I resolv  : res_nmkquery: (QUERY, IN, AAAA)
05-17 00:57:11.734   358  5066 I resolv  : res_nmkquery: (QUERY, IN, A)
05-17 00:57:11.735   358  5066 I resolv  : resolv_cache_lookup: FOUND IN CACHE entry=0x787b84a919d0
05-17 00:57:11.738   358  5065 I resolv  : resolv_cache_lookup: FOUND IN CACHE entry=0x787a44a90e10
05-17 00:57:11.739   358  5066 I resolv  : doQuery: rcode=0, ancount=1, return value=48
05-17 00:57:11.739   358  5065 I resolv  : doQuery: rcode=0, ancount=1, return value=60
05-17 00:57:11.755  1046  5054 D TrafficStats: tagSocket(69) with statsTag=0xffffff81, statsUid=-1
05-17 00:57:11.882  1046  5055 D NetworkMonitor/100: PROBE_HTTP http://connectivitycheck.gstatic.com/generate_204 time=235ms ret=204 request={Connection=[close], User-Agent=[Mozilla/5.0 (X11; Linux x86_64) AppleWebKit/537.36 (KHTML, like Gecko) Chrome/60.0.3112.32 Safari/537.36]} headers={null=[HTTP/1.1 204 No Content], Connection=[close], Content-Length=[0], Cross-Origin-Resource-Policy=[cross-origin], Date=[Sat, 17 May 2025 00:57:14 GMT], X-Android-Received-Millis=[1747443431875], X-Android-Response-Source=[NETWORK 204], X-Android-Selected-Protocol=[http/1.1], X-Android-Sent-Millis=[1747443431793]}
05-17 00:57:12.192  1046  5054 D NetworkMonitor/100: PROBE_HTTPS https://www.google.com/generate_204 time=474ms ret=204 request={Connection=[close], User-Agent=[Mozilla/5.0 (X11; Linux x86_64) AppleWebKit/537.36 (KHTML, like Gecko) Chrome/60.0.3112.32 Safari/537.36]} headers={null=[HTTP/1.1 204 No Content], Alt-Svc=[h3=":443"; ma=2592000,h3-29=":443"; ma=2592000], Connection=[close], Content-Length=[0], Cross-Origin-Resource-Policy=[cross-origin], Date=[Sat, 17 May 2025 00:57:14 GMT], X-Android-Received-Millis=[1747443432178], X-Android-Response-Source=[NETWORK 204], X-Android-Selected-Protocol=[http/1.1], X-Android-Sent-Millis=[1747443431965]}
05-17 00:57:12.193  1046  5053 D NetworkMonitor/100: isCaptivePortal: isSuccessful()=true isPortal()=false RedirectUrl=null isPartialConnectivity()=false Time=842ms
05-17 00:57:12.221   614   824 D ConnectivityService: [100 WIFI] validation passed
05-17 00:57:13.179  2933  5048 W A       : [Download] response code: 400
05-17 00:57:13.528   915   928 I ndroid.systemui: Background young concurrent copying GC freed 339996(15MB) AllocSpace objects, 0(0B) LOS objects, 43% free, 20MB/35MB, paused 13.247ms,3.490ms total 117.133ms
05-17 00:57:15.434   915   928 I ndroid.systemui: Background young concurrent copying GC freed 340349(15MB) AllocSpace objects, 0(0B) LOS objects, 43% free, 20MB/35MB, paused 8.688ms,3.226ms total 116.523ms
05-17 00:57:15.946   915   915 D StatusBarIconController: ignoring old pipeline callbacks, because the new mobile icons are enabled
05-17 00:57:17.183   915   928 W ndroid.systemui: Suspending all threads took: 5.021ms
05-17 00:57:17.215   915   928 I ndroid.systemui: Background young concurrent copying GC freed 332174(15MB) AllocSpace objects, 1(20KB) LOS objects, 43% free, 20MB/35MB, paused 17.832ms,9.186ms total 126.120ms
05-17 00:57:19.130   915   928 I ndroid.systemui: Background young concurrent copying GC freed 334155(15MB) AllocSpace objects, 0(0B) LOS objects, 41% free, 20MB/35MB, paused 13.927ms,622us total 109.569ms
05-17 00:57:20.174   915   915 D StatusBarIconController: ignoring old pipeline callback because the new wifi icon is enabled
05-17 00:57:22.979   915   928 I ndroid.systemui: Background young concurrent copying GC freed 333632(15MB) AllocSpace objects, 0(0B) LOS objects, 41% free, 20MB/35MB, paused 18.073ms,529us total 92.169ms
05-17 00:57:24.150  1681  2068 I AiAiTranslate: C2T - not in a conversation
05-17 00:57:24.167   915   915 I ClipboardListener: Clipboard overlay suppressed.
05-17 00:57:24.307  1681  2364 I AiAiTextClassifier: GenerateLinks did not find valid links, returning empty result
05-17 00:57:24.836   915   928 I ndroid.systemui: Background young concurrent copying GC freed 321482(14MB) AllocSpace objects, 0(0B) LOS objects, 40% free, 21MB/35MB, paused 6.363ms,351us total 69.002ms
05-17 00:57:25.983   915   915 D StatusBarIconController: ignoring old pipeline callbacks, because the new mobile icons are enabled
05-17 00:57:26.017   915  1000 D EGL_emulation: app_time_stats: avg=25791.04ms min=25791.04ms max=25791.04ms count=1
05-17 00:57:26.090  1198  1198 D TaplEvents: TIS / TouchInteractionService.onInputEvent: MotionEvent { action=ACTION_DOWN, actionButton=0, id[0]=0, x[0]=184.96582, y[0]=2919.8584, toolType[0]=TOOL_TYPE_FINGER, buttonState=0, classification=NONE, metaState=0, flags=0x0, edgeFlags=0x0, pointerCount=1, historySize=0, eventTime=942059, downTime=942059, deviceId=4, source=0x5002, displayId=0, eventId=1073370464 }
05-17 00:57:26.203  1198  1198 D TaplEvents: TIS / TouchInteractionService.onInputEvent: MotionEvent { action=ACTION_UP, actionButton=0, id[0]=0, x[0]=184.96582, y[0]=2919.8584, toolType[0]=TOOL_TYPE_FINGER, buttonState=0, classification=NONE, metaState=0, flags=0x0, edgeFlags=0x0, pointerCount=1, historySize=0, eventTime=942186, downTime=942059, deviceId=4, source=0x5002, displayId=0, eventId=11983104 }
05-17 00:57:26.303   915   915 D StatusBarIconController: ignoring old pipeline callback because the new wifi icon is enabled
05-17 00:57:26.314  1198  1198 D TaplEvents: TIS / TouchInteractionService.onInputEvent: MotionEvent { action=ACTION_DOWN, actionButton=0, id[0]=0, x[0]=184.96582, y[0]=2919.8584, toolType[0]=TOOL_TYPE_FINGER, buttonState=0, classification=NONE, metaState=0, flags=0x0, edgeFlags=0x0, pointerCount=1, historySize=0, eventTime=942296, downTime=942296, deviceId=4, source=0x5002, displayId=0, eventId=179488249 }
05-17 00:57:26.363  1198  1198 D TaplEvents: TIS / TouchInteractionService.onInputEvent: MotionEvent { action=ACTION_UP, actionButton=0, id[0]=0, x[0]=184.96582, y[0]=2919.8584, toolType[0]=TOOL_TYPE_FINGER, buttonState=0, classification=NONE, metaState=0, flags=0x0, edgeFlags=0x0, pointerCount=1, historySize=0, eventTime=942354, downTime=942296, deviceId=4, source=0x5002, displayId=0, eventId=352876354 }
05-17 00:57:26.510  1198  1198 D TaplEvents: TIS / TouchInteractionService.onInputEvent: MotionEvent { action=ACTION_DOWN, actionButton=0, id[0]=0, x[0]=184.96582, y[0]=2919.8584, toolType[0]=TOOL_TYPE_FINGER, buttonState=0, classification=NONE, metaState=0, flags=0x0, edgeFlags=0x0, pointerCount=1, historySize=0, eventTime=942497, downTime=942497, deviceId=4, source=0x5002, displayId=0, eventId=632935486 }
05-17 00:57:26.627   915   928 I ndroid.systemui: Background young concurrent copying GC freed 314049(14MB) AllocSpace objects, 1(20KB) LOS objects, 39% free, 21MB/35MB, paused 16.678ms,3.964ms total 157.298ms
05-17 00:57:26.638  1198  1198 D TaplEvents: TIS / TouchInteractionService.onInputEvent: MotionEvent { action=ACTION_UP, actionButton=0, id[0]=0, x[0]=184.96582, y[0]=2919.8584, toolType[0]=TOOL_TYPE_FINGER, buttonState=0, classification=NONE, metaState=0, flags=0x0, edgeFlags=0x0, pointerCount=1, historySize=0, eventTime=942622, downTime=942497, deviceId=4, source=0x5002, displayId=0, eventId=540757434 }
05-17 00:57:27.030  4494  4526 E libEGL  : called unimplemented OpenGL ES API
05-17 00:57:27.059  4494  4526 D EGL_emulation: app_time_stats: avg=275503.16ms min=476.79ms max=550529.56ms count=2
05-17 00:57:27.134  4494  4494 I Choreographer: Skipped 30 frames!  The application may be doing too much work on its main thread.
05-17 00:57:27.264   406  3740 D audioserver: FGS Logger Transaction failed
05-17 00:57:27.267   406  3740 D audioserver: -129
05-17 00:57:27.398  1198  1198 D TaplEvents: TIS / TouchInteractionService.onInputEvent: MotionEvent { action=ACTION_DOWN, actionButton=0, id[0]=0, x[0]=432.94922, y[0]=2904.9102, toolType[0]=TOOL_TYPE_FINGER, buttonState=0, classification=NONE, metaState=0, flags=0x0, edgeFlags=0x0, pointerCount=1, historySize=0, eventTime=943366, downTime=943366, deviceId=4, source=0x5002, displayId=0, eventId=124740107 }
05-17 00:57:27.463   406   541 D AF::Track: interceptBuffer: took 3913us to intercept 0 tracks
05-17 00:57:27.494   406   541 D AF::Track: interceptBuffer: took 1941us to intercept 0 tracks
05-17 00:57:27.603  1198  1198 D TaplEvents: TIS / TouchInteractionService.onInputEvent: MotionEvent { action=ACTION_UP, actionButton=0, id[0]=0, x[0]=432.94922, y[0]=2904.9102, toolType[0]=TOOL_TYPE_FINGER, buttonState=0, classification=NONE, metaState=0, flags=0x0, edgeFlags=0x0, pointerCount=1, historySize=0, eventTime=943594, downTime=943366, deviceId=4, source=0x5002, displayId=0, eventId=765747491 }
05-17 00:57:27.665   406   541 D audioserver: FGS Logger Transaction failed
05-17 00:57:27.667   406   541 D audioserver: -129
05-17 00:57:28.348   915   928 I ndroid.systemui: Background young concurrent copying GC freed 314103(14MB) AllocSpace objects, 0(0B) LOS objects, 39% free, 21MB/35MB, paused 16.930ms,1.274ms total 208.791ms
05-17 00:57:29.239  1105  1221 I bluetooth: packages/modules/Bluetooth/system/gd/hci/le_address_manager.cc:265 ack_pause: Client already in paused state
05-17 00:57:29.283  1105  1221 I bluetooth: packages/modules/Bluetooth/system/gd/hci/le_address_manager.cc:596 OnCommandComplete: Received command complete with op_code LE_SET_RANDOM_ADDRESS
05-17 00:57:29.302  1105  1221 I bluetooth: packages/modules/Bluetooth/system/gd/hci/le_address_manager.cc:616 OnCommandComplete: update random address : xx:xx:xx:xx:f7:39
05-17 00:57:29.303  1105  1221 I bluetooth: packages/modules/Bluetooth/system/gd/hci/le_address_manager.cc:294 resume_registered_clients: Resuming registered clients
05-17 00:57:30.153   406  3740 D audioserver: FGS Logger Transaction failed
05-17 00:57:30.154   614   775 I InputDispatcher: 6e976f2 com.example.campusconnect/com.example.campusconnect.MainActivity (server) spent 2768ms processing MotionEvent(deviceId=4, eventTime=943366296000, source=TOUCHSCREEN | STYLUS, displayId=0, action=DOWN, actionButton=0x00000000, flags=0x00000000, metaState=0x00000000, buttonState=0x00000000, classification=NONE, edgeFlags=0x00000000, xPrecision=22.8, yPrecision=10.5, xCursorPosition=nan, yCursorPosition=nan, pointers=[0: (432.9, 2904.9)]), policyFlags=0x62000000
05-17 00:57:30.154   406  3740 D audioserver: -129
05-17 00:57:30.156   614   775 I InputDispatcher: 6e976f2 com.example.campusconnect/com.example.campusconnect.MainActivity (server) spent 2553ms processing MotionEvent(deviceId=4, eventTime=943594536000, source=TOUCHSCREEN | STYLUS, displayId=0, action=UP, actionButton=0x00000000, flags=0x00000000, metaState=0x00000000, buttonState=0x00000000, classification=NONE, edgeFlags=0x00000000, xPrecision=22.8, yPrecision=10.5, xCursorPosition=nan, yCursorPosition=nan, pointers=[0: (432.9, 2904.9)]), policyFlags=0x62000000
05-17 00:57:30.159   406   541 D AudioFlinger: mixer(0x7190edac3930) throttle end: throttle time(10)
05-17 00:57:30.186   406  3740 W AudioFlinger: createTrack_l(): mismatch between requested flags (00000004) and output flags (00000002)
05-17 00:57:30.198  4494  4526 E libEGL  : called unimplemented OpenGL ES API
05-17 00:57:30.210   406  3740 D AF::TrackHandle: OpPlayAudio: track:57 usage:13 not muted
05-17 00:57:30.245  4494  4526 D EGL_emulation: app_time_stats: avg=3176.93ms min=3176.93ms max=3176.93ms count=1
05-17 00:57:30.255   406  3740 D audioserver: FGS Logger Transaction failed
05-17 00:57:30.255   406  3740 D audioserver: -129
05-17 00:57:30.268   406  3740 W AudioFlinger: createTrack_l(): mismatch between requested flags (00000004) and output flags (00000002)
05-17 00:57:30.271   406  3740 D AF::TrackHandle: OpPlayAudio: track:58 usage:13 not muted
05-17 00:57:30.280   406  3740 D audioserver: FGS Logger Transaction failed
05-17 00:57:30.281   406  3740 D audioserver: -129
05-17 00:57:30.401   406   541 D AudioFlinger: mixer(0x7190edac3930) throttle end: throttle time(10)
05-17 00:57:30.418   406   541 D AF::Track: interceptBuffer: took 2478us to intercept 0 tracks
05-17 00:57:30.455   406   541 D AudioFlinger: mixer(0x7190edac3930) throttle end: throttle time(5)
05-17 00:57:30.552   406   541 D audioserver: FGS Logger Transaction failed
05-17 00:57:30.558   406   541 D audioserver: -129
05-17 00:57:30.693   406   541 D audioserver: FGS Logger Transaction failed
05-17 00:57:30.695   406   541 D audioserver: -129
05-17 00:57:30.704   406   541 D audioserver: FGS Logger Transaction failed
05-17 00:57:30.704   406   541 D audioserver: -129
05-17 00:57:31.703   915   928 I ndroid.systemui: Background concurrent copying GC freed 410780(19MB) AllocSpace objects, 0(0B) LOS objects, 49% free, 17MB/35MB, paused 7.897ms,2.349ms total 237.432ms
05-17 00:57:32.383   915   915 D StatusBarIconController: ignoring old pipeline callback because the new wifi icon is enabled
05-17 00:57:32.787  1198  1198 D TaplEvents: TIS / TouchInteractionService.onInputEvent: MotionEvent { action=ACTION_DOWN, actionButton=0, id[0]=0, x[0]=1329.917, y[0]=465.98145, toolType[0]=TOOL_TYPE_FINGER, buttonState=0, classification=NONE, metaState=0, flags=0x0, edgeFlags=0x0, pointerCount=1, historySize=0, eventTime=948768, downTime=948768, deviceId=4, source=0x5002, displayId=0, eventId=522994791 }
05-17 00:57:32.911  1198  1198 D TaplEvents: TIS / TouchInteractionService.onInputEvent: MotionEvent { action=ACTION_UP, actionButton=0, id[0]=0, x[0]=1329.917, y[0]=465.98145, toolType[0]=TOOL_TYPE_FINGER, buttonState=0, classification=NONE, metaState=0, flags=0x0, edgeFlags=0x0, pointerCount=1, historySize=0, eventTime=948887, downTime=948768, deviceId=4, source=0x5002, displayId=0, eventId=744637650 }
05-17 00:57:32.940  1198  1198 D TaplEvents: TIS / TouchInteractionService.onInputEvent: MotionEvent { action=ACTION_DOWN, actionButton=0, id[0]=0, x[0]=1329.917, y[0]=465.98145, toolType[0]=TOOL_TYPE_FINGER, buttonState=0, classification=NONE, metaState=0, flags=0x0, edgeFlags=0x0, pointerCount=1, historySize=0, eventTime=948923, downTime=948923, deviceId=4, source=0x5002, displayId=0, eventId=448135101 }
05-17 00:57:33.009   406  3740 D audioserver: FGS Logger Transaction failed
05-17 00:57:33.014   406  3740 D audioserver: -129
05-17 00:57:33.030  1198  1198 D TaplEvents: TIS / TouchInteractionService.onInputEvent: MotionEvent { action=ACTION_UP, actionButton=0, id[0]=0, x[0]=1329.917, y[0]=465.98145, toolType[0]=TOOL_TYPE_FINGER, buttonState=0, classification=NONE, metaState=0, flags=0x0, edgeFlags=0x0, pointerCount=1, historySize=0, eventTime=949011, downTime=948923, deviceId=4, source=0x5002, displayId=0, eventId=581543297 }
05-17 00:57:33.034   406   541 D AF::Track: interceptBuffer: took 645us to intercept 0 tracks
05-17 00:57:33.073   406   541 D AF::Track: interceptBuffer: took 694us to intercept 0 tracks
05-17 00:57:33.083   406   541 D AudioFlinger: mixer(0x7190edac3930) throttle end: throttle time(7)
05-17 00:57:33.093   406   541 D AF::Track: interceptBuffer: took 1949us to intercept 0 tracks
05-17 00:57:33.111  1198  1198 D TaplEvents: TIS / TouchInteractionService.onInputEvent: MotionEvent { action=ACTION_DOWN, actionButton=0, id[0]=0, x[0]=1329.917, y[0]=465.98145, toolType[0]=TOOL_TYPE_FINGER, buttonState=0, classification=NONE, metaState=0, flags=0x0, edgeFlags=0x0, pointerCount=1, historySize=0, eventTime=949066, downTime=949066, deviceId=4, source=0x5002, displayId=0, eventId=323683639 }
05-17 00:57:33.231   406   541 D audioserver: FGS Logger Transaction failed
05-17 00:57:33.232   406   541 D audioserver: -129
05-17 00:57:33.270  1198  1198 D TaplEvents: TIS / TouchInteractionService.onInputEvent: MotionEvent { action=ACTION_UP, actionButton=0, id[0]=0, x[0]=1329.917, y[0]=465.98145, toolType[0]=TOOL_TYPE_FINGER, buttonState=0, classification=NONE, metaState=0, flags=0x0, edgeFlags=0x0, pointerCount=1, historySize=0, eventTime=949235, downTime=949066, deviceId=4, source=0x5002, displayId=0, eventId=20364391 }
05-17 00:57:33.371  4494  4526 E libEGL  : called unimplemented OpenGL ES API
05-17 00:57:33.408  4494  4526 D EGL_emulation: app_time_stats: avg=1053.95ms min=167.80ms max=2353.91ms count=3
05-17 00:57:33.654   406  3740 D audioserver: FGS Logger Transaction failed
05-17 00:57:33.662   406  3740 D audioserver: -129
05-17 00:57:33.704   406  3740 D audioserver: FGS Logger Transaction failed
05-17 00:57:33.707   406  3740 D audioserver: -129
05-17 00:57:33.734   406   541 D AudioFlinger: mixer(0x7190edac3930) throttle end: throttle time(6)
05-17 00:57:33.746   406   541 D AF::Track: interceptBuffer: took 3372us to intercept 0 tracks
05-17 00:57:33.982   406   541 D audioserver: FGS Logger Transaction failed
05-17 00:57:33.982   406   541 D audioserver: -129
05-17 00:57:34.063   406   541 D audioserver: FGS Logger Transaction failed
05-17 00:57:34.066   406   541 D audioserver: -129
05-17 00:57:35.974   915   915 D StatusBarIconController: ignoring old pipeline callbacks, because the new mobile icons are enabled
05-17 00:57:36.368   915   928 I ndroid.systemui: Background young concurrent copying GC freed 384738(17MB) AllocSpace objects, 1(20KB) LOS objects, 49% free, 17MB/35MB, paused 10.647ms,580us total 69.758ms
05-17 00:57:36.807   361  4143 D android.hardware.audio@7.1-impl.ranchu: threadLoop: entering standby, frames: 1216384
05-17 00:57:37.897   915   928 I ndroid.systemui: Background young concurrent copying GC freed 378183(17MB) AllocSpace objects, 0(0B) LOS objects, 48% free, 18MB/35MB, paused 6.812ms,3.173ms total 63.258ms
05-17 00:57:38.087  1198  1198 D TaplEvents: TIS / TouchInteractionService.onInputEvent: MotionEvent { action=ACTION_DOWN, actionButton=0, id[0]=0, x[0]=101.953125, y[0]=2915.8594, toolType[0]=TOOL_TYPE_FINGER, buttonState=0, classification=NONE, metaState=0, flags=0x0, edgeFlags=0x0, pointerCount=1, historySize=0, eventTime=954077, downTime=954077, deviceId=4, source=0x5002, displayId=0, eventId=939028803 }
05-17 00:57:38.145  4494  4526 E libEGL  : called unimplemented OpenGL ES API
05-17 00:57:38.153  4494  4526 D EGL_emulation: app_time_stats: avg=673.58ms min=73.42ms max=3987.39ms count=7
05-17 00:57:38.206  1198  1198 D TaplEvents: TIS / TouchInteractionService.onInputEvent: MotionEvent { action=ACTION_UP, actionButton=0, id[0]=0, x[0]=101.953125, y[0]=2915.8594, toolType[0]=TOOL_TYPE_FINGER, buttonState=0, classification=NONE, metaState=0, flags=0x0, edgeFlags=0x0, pointerCount=1, historySize=0, eventTime=954196, downTime=954077, deviceId=4, source=0x5002, displayId=0, eventId=385318920 }
05-17 00:57:38.231   915   964 D ShellBackPreview: Finishing gesture with event action: 1
05-17 00:57:38.232   915   964 D ShellBackPreview: onGestureFinished() mTriggerBack == false
05-17 00:57:38.234   915   964 D ShellBackPreview: BackAnimationController: finishBackNavigation()
05-17 00:57:38.254  1198  1198 D TaplEvents: TIS / TouchInteractionService.onInputEvent: MotionEvent { action=ACTION_DOWN, actionButton=0, id[0]=0, x[0]=101.953125, y[0]=2915.8594, toolType[0]=TOOL_TYPE_FINGER, buttonState=0, classification=NONE, metaState=0, flags=0x0, edgeFlags=0x0, pointerCount=1, historySize=0, eventTime=954252, downTime=954252, deviceId=4, source=0x5002, displayId=0, eventId=473038127 }
05-17 00:57:38.309  1198  1198 D TaplEvents: TIS / TouchInteractionService.onInputEvent: MotionEvent { action=ACTION_UP, actionButton=0, id[0]=0, x[0]=101.953125, y[0]=2915.8594, toolType[0]=TOOL_TYPE_FINGER, buttonState=0, classification=NONE, metaState=0, flags=0x0, edgeFlags=0x0, pointerCount=1, historySize=0, eventTime=954305, downTime=954252, deviceId=4, source=0x5002, displayId=0, eventId=685703257 }
05-17 00:57:38.311   915   964 D ShellBackPreview: Finishing gesture with event action: 1
05-17 00:57:38.313   915   964 D ShellBackPreview: onGestureFinished() mTriggerBack == false
05-17 00:57:38.314   915   964 D ShellBackPreview: BackAnimationController: finishBackNavigation()
05-17 00:57:38.374  1198  1198 D TaplEvents: TIS / TouchInteractionService.onInputEvent: MotionEvent { action=ACTION_DOWN, actionButton=0, id[0]=0, x[0]=101.953125, y[0]=2915.8594, toolType[0]=TOOL_TYPE_FINGER, buttonState=0, classification=NONE, metaState=0, flags=0x0, edgeFlags=0x0, pointerCount=1, historySize=0, eventTime=954370, downTime=954370, deviceId=4, source=0x5002, displayId=0, eventId=435295871 }
05-17 00:57:38.535  1198  1198 D TaplEvents: TIS / TouchInteractionService.onInputEvent: MotionEvent { action=ACTION_UP, actionButton=0, id[0]=0, x[0]=101.953125, y[0]=2915.8594, toolType[0]=TOOL_TYPE_FINGER, buttonState=0, classification=NONE, metaState=0, flags=0x0, edgeFlags=0x0, pointerCount=1, historySize=0, eventTime=954527, downTime=954370, deviceId=4, source=0x5002, displayId=0, eventId=465407255 }
05-17 00:57:38.539   915   964 D ShellBackPreview: Finishing gesture with event action: 1
05-17 00:57:38.540   915   964 D ShellBackPreview: onGestureFinished() mTriggerBack == false
05-17 00:57:38.540   915   964 D ShellBackPreview: BackAnimationController: finishBackNavigation()
05-17 00:57:39.483  4494  4526 E libEGL  : called unimplemented OpenGL ES API
05-17 00:57:39.492  1198  1198 D TaplEvents: TIS / TouchInteractionService.onInputEvent: MotionEvent { action=ACTION_DOWN, actionButton=0, id[0]=0, x[0]=101.953125, y[0]=2915.8594, toolType[0]=TOOL_TYPE_FINGER, buttonState=0, classification=NONE, metaState=0, flags=0x0, edgeFlags=0x0, pointerCount=1, historySize=0, eventTime=955486, downTime=955486, deviceId=4, source=0x5002, displayId=0, eventId=741605372 }
05-17 00:57:39.510   406  3740 D audioserver: FGS Logger Transaction failed
05-17 00:57:39.514   406  3740 D audioserver: -129
05-17 00:57:39.542  4494  4526 D EGL_emulation: app_time_stats: avg=694.34ms min=102.51ms max=1286.17ms count=2
05-17 00:57:39.549  4494  4494 I Choreographer: Skipped 79 frames!  The application may be doing too much work on its main thread.
05-17 00:57:39.584   406   541 D AudioFlinger: mixer(0x7190edac3930) throttle end: throttle time(2)
05-17 00:57:39.670  1198  1198 D TaplEvents: TIS / TouchInteractionService.onInputEvent: MotionEvent { action=ACTION_UP, actionButton=0, id[0]=0, x[0]=101.953125, y[0]=2915.8594, toolType[0]=TOOL_TYPE_FINGER, buttonState=0, classification=NONE, metaState=0, flags=0x0, edgeFlags=0x0, pointerCount=1, historySize=0, eventTime=955663, downTime=955486, deviceId=4, source=0x5002, displayId=0, eventId=113041169 }
05-17 00:57:39.683   915   964 D ShellBackPreview: Finishing gesture with event action: 1
05-17 00:57:39.727   915   964 D ShellBackPreview: onGestureFinished() mTriggerBack == false
05-17 00:57:39.728   915   964 D ShellBackPreview: BackAnimationController: finishBackNavigation()
05-17 00:57:39.730   915   964 W Looper  : Slow dispatch took 56ms wmshell.main h=android.os.Handler c=com.android.wm.shell.back.BackAnimationController$BackAnimationImpl$$ExternalSyntheticLambda2@cc70182 m=0
05-17 00:57:39.738   406   541 D AudioFlinger: mixer(0x7190edac3930) throttle end: throttle time(2)
05-17 00:57:39.793  1198  1198 D TaplEvents: TIS / TouchInteractionService.onInputEvent: MotionEvent { action=ACTION_DOWN, actionButton=0, id[0]=0, x[0]=101.953125, y[0]=2915.8594, toolType[0]=TOOL_TYPE_FINGER, buttonState=0, classification=NONE, metaState=0, flags=0x0, edgeFlags=0x0, pointerCount=1, historySize=0, eventTime=955731, downTime=955731, deviceId=4, source=0x5002, displayId=0, eventId=529074615 }
05-17 00:57:39.803   406  3740 D audioserver: FGS Logger Transaction failed
05-17 00:57:39.811   406  3740 D audioserver: -129
05-17 00:57:39.842  1198  1198 D TaplEvents: TIS / TouchInteractionService.onInputEvent: MotionEvent { action=ACTION_UP, actionButton=0, id[0]=0, x[0]=101.953125, y[0]=2915.8594, toolType[0]=TOOL_TYPE_FINGER, buttonState=0, classification=NONE, metaState=0, flags=0x0, edgeFlags=0x0, pointerCount=1, historySize=0, eventTime=955830, downTime=955731, deviceId=4, source=0x5002, displayId=0, eventId=141291945 }
05-17 00:57:39.850   406   541 D audioserver: FGS Logger Transaction failed
05-17 00:57:39.853   406   541 D audioserver: -129
05-17 00:57:39.879   915   964 D ShellBackPreview: Finishing gesture with event action: 1
05-17 00:57:39.880   915   964 D ShellBackPreview: onGestureFinished() mTriggerBack == false
05-17 00:57:39.882   915   964 D ShellBackPreview: BackAnimationController: finishBackNavigation()
05-17 00:57:39.894   406   541 D AudioFlinger: mixer(0x7190edac3930) throttle end: throttle time(30)
05-17 00:57:39.942  1198  1198 D TaplEvents: TIS / TouchInteractionService.onInputEvent: MotionEvent { action=ACTION_DOWN, actionButton=0, id[0]=0, x[0]=101.953125, y[0]=2915.8594, toolType[0]=TOOL_TYPE_FINGER, buttonState=0, classification=NONE, metaState=0, flags=0x0, edgeFlags=0x0, pointerCount=1, historySize=0, eventTime=955902, downTime=955902, deviceId=4, source=0x5002, displayId=0, eventId=1053061759 }
05-17 00:57:39.946   406  3740 D audioserver: FGS Logger Transaction failed
05-17 00:57:39.953   406  3740 D audioserver: -129
05-17 00:57:40.019   406   541 D AF::Track: interceptBuffer: took 7869us to intercept 0 tracks
05-17 00:57:40.034  1198  1198 D TaplEvents: TIS / TouchInteractionService.onInputEvent: MotionEvent { action=ACTION_UP, actionButton=0, id[0]=0, x[0]=101.953125, y[0]=2915.8594, toolType[0]=TOOL_TYPE_FINGER, buttonState=0, classification=NONE, metaState=0, flags=0x0, edgeFlags=0x0, pointerCount=1, historySize=0, eventTime=956011, downTime=955902, deviceId=4, source=0x5002, displayId=0, eventId=686060773 }
05-17 00:57:40.043   406   541 D AudioFlinger: mixer(0x7190edac3930) throttle end: throttle time(3)
05-17 00:57:40.066   406   541 D audioserver: FGS Logger Transaction failed
05-17 00:57:40.069   406   541 D audioserver: -129
05-17 00:57:40.087   406   541 D AF::Track: interceptBuffer: took 593us to intercept 0 tracks
05-17 00:57:40.106   915   964 D ShellBackPreview: Finishing gesture with event action: 1
05-17 00:57:40.123   915   964 D ShellBackPreview: onGestureFinished() mTriggerBack == false
05-17 00:57:40.138  1198  1198 D TaplEvents: TIS / TouchInteractionService.onInputEvent: MotionEvent { action=ACTION_DOWN, actionButton=0, id[0]=0, x[0]=101.953125, y[0]=2915.8594, toolType[0]=TOOL_TYPE_FINGER, buttonState=0, classification=NONE, metaState=0, flags=0x0, edgeFlags=0x0, pointerCount=1, historySize=0, eventTime=956072, downTime=956072, deviceId=4, source=0x5002, displayId=0, eventId=104980557 }
05-17 00:57:40.158   915   964 D ShellBackPreview: BackAnimationController: finishBackNavigation()
05-17 00:57:40.163   915   964 W Looper  : Slow dispatch took 56ms wmshell.main h=android.os.Handler c=com.android.wm.shell.back.BackAnimationController$BackAnimationImpl$$ExternalSyntheticLambda2@fbd7093 m=0
05-17 00:57:40.240   406   541 D audioserver: FGS Logger Transaction failed
05-17 00:57:40.246   406   541 D audioserver: -129
05-17 00:57:40.278  1198  1198 D TaplEvents: TIS / TouchInteractionService.onInputEvent: MotionEvent { action=ACTION_UP, actionButton=0, id[0]=0, x[0]=101.953125, y[0]=2915.8594, toolType[0]=TOOL_TYPE_FINGER, buttonState=0, classification=NONE, metaState=0, flags=0x0, edgeFlags=0x0, pointerCount=1, historySize=0, eventTime=956228, downTime=956072, deviceId=4, source=0x5002, displayId=0, eventId=330318391 }
05-17 00:57:40.300   406  3740 D audioserver: FGS Logger Transaction failed
05-17 00:57:40.306   406  3740 D audioserver: -129
05-17 00:57:40.323   915   964 D ShellBackPreview: Finishing gesture with event action: 1
05-17 00:57:40.325   915   964 D ShellBackPreview: onGestureFinished() mTriggerBack == false
05-17 00:57:40.330   915   964 D ShellBackPreview: BackAnimationController: finishBackNavigation()
05-17 00:57:40.359   406   541 D AF::Track: interceptBuffer: took 1695us to intercept 0 tracks
05-17 00:57:40.381   406   541 D AudioFlinger: mixer(0x7190edac3930) throttle end: throttle time(7)
05-17 00:57:40.490   406   541 D AF::Track: interceptBuffer: took 1838us to intercept 0 tracks
05-17 00:57:40.502   406  3740 D audioserver: FGS Logger Transaction failed
05-17 00:57:40.510   406   541 D AudioFlinger: mixer(0x7190edac3930) throttle end: throttle time(8)
05-17 00:57:40.535   406  3740 D audioserver: -129
05-17 00:57:40.577   406   541 D AF::Track: interceptBuffer: took 1508us to intercept 0 tracks
05-17 00:57:40.685   406   541 D audioserver: FGS Logger Transaction failed
05-17 00:57:40.689   406   541 D audioserver: -129
05-17 00:57:40.714  4494  4526 E libEGL  : called unimplemented OpenGL ES API
05-17 00:57:40.798  4494  4526 D EGL_emulation: app_time_stats: avg=249.16ms min=152.40ms max=348.60ms count=5
05-17 00:57:40.871   406   541 D audioserver: FGS Logger Transaction failed
05-17 00:57:40.875   406   541 D audioserver: -129
05-17 00:57:41.106  1198  1198 D TaplEvents: TIS / TouchInteractionService.onInputEvent: MotionEvent { action=ACTION_DOWN, actionButton=0, id[0]=0, x[0]=1185.9521, y[0]=421.89746, toolType[0]=TOOL_TYPE_FINGER, buttonState=0, classification=NONE, metaState=0, flags=0x0, edgeFlags=0x0, pointerCount=1, historySize=0, eventTime=957099, downTime=957099, deviceId=4, source=0x5002, displayId=0, eventId=471356752 }
05-17 00:57:41.336  1198  1198 D TaplEvents: TIS / TouchInteractionService.onInputEvent: MotionEvent { action=ACTION_UP, actionButton=0, id[0]=0, x[0]=1185.9521, y[0]=421.89746, toolType[0]=TOOL_TYPE_FINGER, buttonState=0, classification=NONE, metaState=0, flags=0x0, edgeFlags=0x0, pointerCount=1, historySize=0, eventTime=957328, downTime=957099, deviceId=4, source=0x5002, displayId=0, eventId=59909038 }
05-17 00:57:41.475   406  3740 D audioserver: FGS Logger Transaction failed
05-17 00:57:41.479   406  3740 D audioserver: -129
05-17 00:57:41.493   406   541 D AudioFlinger: mixer(0x7190edac3930) throttle end: throttle time(18)
05-17 00:57:41.506   915   915 D StatusBarIconController: ignoring old pipeline callback because the new wifi icon is enabled
05-17 00:57:41.839   406   541 D audioserver: FGS Logger Transaction failed
05-17 00:57:41.853   406   541 D audioserver: -129
05-17 00:57:42.347  1198  1198 D TaplEvents: TIS / TouchInteractionService.onInputEvent: MotionEvent { action=ACTION_DOWN, actionButton=0, id[0]=0, x[0]=1185.9521, y[0]=421.89746, toolType[0]=TOOL_TYPE_FINGER, buttonState=0, classification=NONE, metaState=0, flags=0x0, edgeFlags=0x0, pointerCount=1, historySize=0, eventTime=958327, downTime=958327, deviceId=4, source=0x5002, displayId=0, eventId=427248807 }
05-17 00:57:42.519  1198  1198 D TaplEvents: TIS / TouchInteractionService.onInputEvent: MotionEvent { action=ACTION_UP, actionButton=0, id[0]=0, x[0]=1185.9521, y[0]=421.89746, toolType[0]=TOOL_TYPE_FINGER, buttonState=0, classification=NONE, metaState=0, flags=0x0, edgeFlags=0x0, pointerCount=1, historySize=0, eventTime=958512, downTime=958327, deviceId=4, source=0x5002, displayId=0, eventId=910770957 }
05-17 00:57:43.135  1198  1198 D TaplEvents: TIS / TouchInteractionService.onInputEvent: MotionEvent { action=ACTION_DOWN, actionButton=0, id[0]=0, x[0]=1185.9521, y[0]=421.89746, toolType[0]=TOOL_TYPE_FINGER, buttonState=0, classification=NONE, metaState=0, flags=0x0, edgeFlags=0x0, pointerCount=1, historySize=0, eventTime=959126, downTime=959126, deviceId=4, source=0x5002, displayId=0, eventId=640268193 }
05-17 00:57:43.145  4494  4526 E libEGL  : called unimplemented OpenGL ES API
05-17 00:57:43.160   406  3740 D audioserver: FGS Logger Transaction failed
05-17 00:57:43.165   406  3740 D audioserver: -129
05-17 00:57:43.199   406   541 D AudioFlinger: mixer(0x7190edac3930) throttle end: throttle time(22)
05-17 00:57:43.318  1198  1198 D TaplEvents: TIS / TouchInteractionService.onInputEvent: MotionEvent { action=ACTION_UP, actionButton=0, id[0]=0, x[0]=1185.9521, y[0]=421.89746, toolType[0]=TOOL_TYPE_FINGER, buttonState=0, classification=NONE, metaState=0, flags=0x0, edgeFlags=0x0, pointerCount=1, historySize=0, eventTime=959287, downTime=959126, deviceId=4, source=0x5002, displayId=0, eventId=216582022 }
05-17 00:57:43.378  1198  1198 D TaplEvents: TIS / TouchInteractionService.onInputEvent: MotionEvent { action=ACTION_DOWN, actionButton=0, id[0]=0, x[0]=1185.9521, y[0]=421.89746, toolType[0]=TOOL_TYPE_FINGER, buttonState=0, classification=NONE, metaState=0, flags=0x0, edgeFlags=0x0, pointerCount=1, historySize=0, eventTime=959345, downTime=959345, deviceId=4, source=0x5002, displayId=0, eventId=674028386 }
05-17 00:57:43.391   406   541 D audioserver: FGS Logger Transaction failed
05-17 00:57:43.394   406   541 D audioserver: -129
05-17 00:57:43.447  1198  1198 D TaplEvents: TIS / TouchInteractionService.onInputEvent: MotionEvent { action=ACTION_UP, actionButton=0, id[0]=0, x[0]=1185.9521, y[0]=421.89746, toolType[0]=TOOL_TYPE_FINGER, buttonState=0, classification=NONE, metaState=0, flags=0x0, edgeFlags=0x0, pointerCount=1, historySize=0, eventTime=959436, downTime=959345, deviceId=4, source=0x5002, displayId=0, eventId=970059535 }
05-17 00:57:43.510  1198  1198 D TaplEvents: TIS / TouchInteractionService.onInputEvent: MotionEvent { action=ACTION_DOWN, actionButton=0, id[0]=0, x[0]=1185.9521, y[0]=421.89746, toolType[0]=TOOL_TYPE_FINGER, buttonState=0, classification=NONE, metaState=0, flags=0x0, edgeFlags=0x0, pointerCount=1, historySize=0, eventTime=959502, downTime=959502, deviceId=4, source=0x5002, displayId=0, eventId=148135587 }
05-17 00:57:43.529  4494  4526 D EGL_emulation: app_time_stats: avg=388.62ms min=43.13ms max=1835.28ms count=7
05-17 00:57:43.562   406  3740 D audioserver: FGS Logger Transaction failed
05-17 00:57:43.563   406  3740 D audioserver: -129
05-17 00:57:43.606   406  3740 D audioserver: FGS Logger Transaction failed
05-17 00:57:43.614   406  3740 D audioserver: -129
05-17 00:57:43.615   406   541 D AudioFlinger: mixer(0x7190edac3930) throttle end: throttle time(29)
05-17 00:57:43.635   406   541 D AF::Track: interceptBuffer: took 2478us to intercept 0 tracks
05-17 00:57:43.657   406   541 D AudioFlinger: mixer(0x7190edac3930) throttle end: throttle time(4)
05-17 00:57:43.690  1198  1198 D TaplEvents: TIS / TouchInteractionService.onInputEvent: MotionEvent { action=ACTION_UP, actionButton=0, id[0]=0, x[0]=1185.9521, y[0]=421.89746, toolType[0]=TOOL_TYPE_FINGER, buttonState=0, classification=NONE, metaState=0, flags=0x0, edgeFlags=0x0, pointerCount=1, historySize=0, eventTime=959665, downTime=959502, deviceId=4, source=0x5002, displayId=0, eventId=1005914801 }
