--------- beginning of kernel
05-17 00:47:38.783     0     0 I logd    : logdr: UID=2000 GID=2000 PID=4825 b tail=0 logMask=99 pid=0 start=0ns deadline=0ns
--------- beginning of main
05-17 00:47:39.071  2907  2919 I .gms.persistent: Background young concurrent copying GC freed 12743(794KB) AllocSpace objects, 0(0B) LOS objects, 3% free, 22MB/23MB, paused 8.808ms,107us total 35.898ms
--------- beginning of system
05-17 00:47:39.713   614   756 D ActivityManager: freezing 3099 com.google.android.gms
05-17 00:47:40.000  2907  2919 I .gms.persistent: Background concurrent copying GC freed 268947(10MB) AllocSpace objects, 1(20KB) LOS objects, 49% free, 13MB/26MB, paused 1.428ms,211us total 141.953ms
05-17 00:47:40.275   614  1587 D OomAdjuster: Not killing cached processes
05-17 00:47:44.713   915   915 D StatusBarIconController: ignoring old pipeline callback because the new wifi icon is enabled
05-17 00:47:45.345  2907  4822 I GMS_MM_Logger: Memory Metric Logging not allowed. Stopping.
05-17 00:47:45.576   915   915 D StatusBarIconController: ignoring old pipeline callbacks, because the new mobile icons are enabled
05-17 00:47:45.604   915  1000 D EGL_emulation: app_time_stats: avg=40022.15ms min=40022.15ms max=40022.15ms count=1
05-17 00:47:45.798  2907  4818 I NamespaceManager: Package com.android.refreshratecontrol name not found! Using module version.
05-17 00:47:45.799  2907  4818 I NamespaceManager: Package com.google.oslo name not found! Using module version.
05-17 00:47:45.803   614   639 D OomAdjuster: Not killing cached processes
05-17 00:47:45.803  2907  4818 I NamespaceManager: Package com.android.media name not found! Using module version.
05-17 00:47:45.805  2907  4818 I NamespaceManager: Package com.android.media.swcodec name not found! Using module version.
05-17 00:47:45.809  2907  4818 I NamespaceManager: Package com.android.neuralnetworks name not found! Using module version.
05-17 00:47:45.811  2907  4818 I NamespaceManager: Package com.android.media name not found! Using module version.
05-17 00:47:45.813  2907  4818 I NamespaceManager: Package 1 name not found! Using module version.
05-17 00:47:45.814  2907  4818 I NamespaceManager: Package rkpd name not found! Using module version.
05-17 00:47:45.815  2907  4818 I NamespaceManager: Package android.companion name not found! Using module version.
05-17 00:47:45.816  2907  4818 I NamespaceManager: Package com.google.android.aicore name not found! Using module version.
05-17 00:47:45.818  2907  4818 I NamespaceManager: Package com.google.android.audioproxy name not found! Using module version.
05-17 00:47:45.819  2907  4818 I NamespaceManager: Package com.google.android.apps.pixel.psi name not found! Using module version.
05-17 00:47:46.212   614   762 I RescueParty: Starting to observe: [com.google.android.ext.services, com.google.android.providers.media.module, android], updated namespace: storage_native_boot
05-17 00:47:46.231  1658  1676 D CompatibilityChangeReporter: Compat change id reported: 150939131; UID 10183; state: ENABLED
05-17 00:47:46.243   614   665 I PackageWatchdog: Syncing state, reason: observing new packages
05-17 00:47:46.252  1658  1748 I MediaApplication: PhotoPickerSettingsActivity is now disabled.
05-17 00:47:46.252   614   614 I PackageWatchdog: Syncing health check requests for packages: {}
05-17 00:47:46.253   614   614 I ExplicitHealthCheckController: Service not ready to get health check supported packages. Binding...
05-17 00:47:46.260  1658  1748 I TranscodeHelper: Empty transcode compat stale
05-17 00:47:46.268   614   665 D PackageWatchdog: rescue-party-observer added the following packages to monitor [com.google.android.ext.services, com.google.android.providers.media.module, android]
05-17 00:47:46.268   614   665 I PackageWatchdog: Syncing state, reason: updated observers
05-17 00:47:46.269   614   665 I PackageWatchdog: Saving observer state to file
05-17 00:47:46.287   614   614 I ExplicitHealthCheckController: Explicit health check service is bound
05-17 00:47:46.294  1658  1748 I TranscodeHelper: Parsed 0 packages from resource
05-17 00:47:46.303  1658  1748 I TranscodeHelper: Parsed 8 packages from device config
05-17 00:47:46.304  1658  1748 I MediaProvider: Changed PhotoPickerGetContentActivity component state to STATE_ENABLED ( 1 )
05-17 00:47:46.305  1658  1748 I MediaProvider: Changed PhotoPickerUserSelectActivity component state to STATE_ENABLED ( 1 )
05-17 00:47:46.319   614   614 I PackageWatchdog: Syncing health check requests for packages: {}
05-17 00:47:46.320   614   614 I ExplicitHealthCheckController: Service not ready to get health check supported packages. Binding...
05-17 00:47:46.330   614   614 I ExplicitHealthCheckController: Not binding to service, service already connecting
05-17 00:47:46.341   614   614 I ExplicitHealthCheckController: Explicit health check service is connected ComponentInfo{com.google.android.ext.services/android.ext.services.watchdog.ExplicitHealthCheckServiceImpl}
05-17 00:47:46.341  2907  4818 I bwir    : updateFromConfigurations using legacy put method [CONTEXT service_id=204 ]
05-17 00:47:46.346   614   614 I ExplicitHealthCheckController: Service initialized, syncing requests
05-17 00:47:46.354   614   614 I PackageWatchdog: Syncing health check requests for packages: {}
05-17 00:47:46.355   614   614 D ExplicitHealthCheckController: Getting health check supported packages
05-17 00:47:46.359   614   639 I ExplicitHealthCheckController: Explicit health check supported packages [PackageConfig{com.google.android.networkstack, 86400000}]
05-17 00:47:46.359   614   639 D PackageWatchdog: Received supported packages [PackageConfig{com.google.android.networkstack, 86400000}]
05-17 00:47:46.360   614   639 D ExplicitHealthCheckController: Getting health check requested packages
05-17 00:47:46.362   614   639 I ExplicitHealthCheckController: Explicit health check requested packages []
05-17 00:47:46.363   614   639 I ExplicitHealthCheckController: No more health check requests, unbinding...
05-17 00:47:46.370   614   639 I ExplicitHealthCheckController: Explicit health check service is unbound
05-17 00:47:46.382  2907  4818 I NamespaceManager: Package com.android.refreshratecontrol name not found! Using module version.
05-17 00:47:46.383  2907  4818 I NamespaceManager: Package com.google.oslo name not found! Using module version.
05-17 00:47:46.388  2907  4818 I NamespaceManager: Package com.android.media name not found! Using module version.
05-17 00:47:46.391  2907  4818 I NamespaceManager: Package com.android.media.swcodec name not found! Using module version.
05-17 00:47:46.392  2907  4818 I NamespaceManager: Package com.android.neuralnetworks name not found! Using module version.
05-17 00:47:46.394  2907  4818 I NamespaceManager: Package com.android.media name not found! Using module version.
05-17 00:47:46.395  2907  4818 I NamespaceManager: Package 1 name not found! Using module version.
05-17 00:47:46.396  2907  4818 I NamespaceManager: Package rkpd name not found! Using module version.
05-17 00:47:46.400  2907  4818 I NamespaceManager: Package android.companion name not found! Using module version.
05-17 00:47:46.401  2907  4818 I NamespaceManager: Package com.google.android.aicore name not found! Using module version.
05-17 00:47:46.402  2907  4818 I NamespaceManager: Package com.google.android.audioproxy name not found! Using module version.
05-17 00:47:46.403  2907  4818 I NamespaceManager: Package com.google.android.apps.pixel.psi name not found! Using module version.
05-17 00:47:46.565   614   762 I RescueParty: Starting to observe: [android], updated namespace: clipboard
05-17 00:47:46.574   614   665 I PackageWatchdog: Syncing state, reason: observing new packages
05-17 00:47:46.575   614   665 D PackageWatchdog: rescue-party-observer added the following packages to monitor [android]
05-17 00:47:46.576   614   665 I PackageWatchdog: Syncing state, reason: updated observers
05-17 00:47:46.578   614   665 I PackageWatchdog: Saving observer state to file
05-17 00:47:46.587   614   762 I RescueParty: Starting to observe: [android], updated namespace: nearby
05-17 00:47:46.614   614   665 I PackageWatchdog: Syncing state, reason: observing new packages
05-17 00:47:46.614   614   665 D PackageWatchdog: rescue-party-observer added the following packages to monitor [android]
05-17 00:47:46.615   614   665 I PackageWatchdog: Syncing state, reason: updated observers
05-17 00:47:46.615   614   614 I PackageWatchdog: Syncing health check requests for packages: {}
05-17 00:47:46.615   614   614 I ExplicitHealthCheckController: Service not ready to get health check supported packages. Binding...
05-17 00:47:46.622   614   614 I ExplicitHealthCheckController: Explicit health check service is bound
05-17 00:47:46.630   614   665 I PackageWatchdog: Saving observer state to file
05-17 00:47:46.632   614   614 I PackageWatchdog: Syncing health check requests for packages: {}
05-17 00:47:46.634   614   614 I ExplicitHealthCheckController: Service not ready to get health check supported packages. Binding...
05-17 00:47:46.635   614   614 I ExplicitHealthCheckController: Not binding to service, service already connecting
05-17 00:47:46.637   614   614 I ExplicitHealthCheckController: Explicit health check service is connected ComponentInfo{com.google.android.ext.services/android.ext.services.watchdog.ExplicitHealthCheckServiceImpl}
05-17 00:47:46.642   614   614 I ExplicitHealthCheckController: Service initialized, syncing requests
05-17 00:47:46.682   614   614 I PackageWatchdog: Syncing health check requests for packages: {}
05-17 00:47:46.683   614   614 D ExplicitHealthCheckController: Getting health check supported packages
05-17 00:47:46.687   614   639 I ExplicitHealthCheckController: Explicit health check supported packages [PackageConfig{com.google.android.networkstack, 86400000}]
05-17 00:47:46.691   614   639 D PackageWatchdog: Received supported packages [PackageConfig{com.google.android.networkstack, 86400000}]
05-17 00:47:46.693   614   639 D ExplicitHealthCheckController: Getting health check requested packages
05-17 00:47:46.699   614   639 I ExplicitHealthCheckController: Explicit health check requested packages []
05-17 00:47:46.700   614   639 I ExplicitHealthCheckController: No more health check requests, unbinding...
05-17 00:47:46.707   614   639 I ExplicitHealthCheckController: Explicit health check service is unbound
05-17 00:47:46.785   614   762 I RescueParty: Starting to observe: [com.google.android.networkstack], updated namespace: connectivity
05-17 00:47:46.787   614   944 E SettingsToPropertiesMapper: key=persist.device_config.storage_native_boot.transcode_compat_manifest value=com.yelp.android,0,com.yy.biu,0,com.groupme.android,0,air.tv.douyu.android,0,com.baidu.mbaby,0,com.vlocker.locker,0,com.znxh.hyhuo,0,com.yixia.xiaokaxiu,0 exceeds system property max length.
05-17 00:47:46.790  1046  1069 D CompatibilityChangeReporter: Compat change id reported: 150939131; UID 1073; state: ENABLED
05-17 00:47:46.793   614   665 I PackageWatchdog: Syncing state, reason: observing new packages
05-17 00:47:46.795   614   614 I PackageWatchdog: Syncing health check requests for packages: {}
05-17 00:47:46.795   614   614 I ExplicitHealthCheckController: Service not ready to get health check supported packages. Binding...
05-17 00:47:46.801   614   614 I ExplicitHealthCheckController: Explicit health check service is bound
05-17 00:47:46.802   614   614 I ExplicitHealthCheckController: Explicit health check service is connected ComponentInfo{com.google.android.ext.services/android.ext.services.watchdog.ExplicitHealthCheckServiceImpl}
05-17 00:47:46.806   614   614 I ExplicitHealthCheckController: Service initialized, syncing requests
05-17 00:47:46.807   614   665 D PackageWatchdog: rescue-party-observer added the following packages to monitor [com.google.android.networkstack]
05-17 00:47:46.808   614   614 I PackageWatchdog: Syncing health check requests for packages: {}
05-17 00:47:46.808   614   614 D ExplicitHealthCheckController: Getting health check supported packages
05-17 00:47:46.810   614   665 I PackageWatchdog: Syncing state, reason: updated observers
05-17 00:47:46.811   614  2388 I ExplicitHealthCheckController: Explicit health check supported packages [PackageConfig{com.google.android.networkstack, 86400000}]
05-17 00:47:46.812   614   665 I PackageWatchdog: Saving observer state to file
05-17 00:47:46.813   614  2388 D PackageWatchdog: Received supported packages [PackageConfig{com.google.android.networkstack, 86400000}]
05-17 00:47:46.814   614  2388 D ExplicitHealthCheckController: Getting health check requested packages
05-17 00:47:46.815   614   614 I PackageWatchdog: Syncing health check requests for packages: {}
05-17 00:47:46.816   614   614 D ExplicitHealthCheckController: Getting health check supported packages
05-17 00:47:46.816   614  2388 I ExplicitHealthCheckController: Explicit health check requested packages []
05-17 00:47:46.817   614  2388 I ExplicitHealthCheckController: No more health check requests, unbinding...
05-17 00:47:46.820   614   639 I ExplicitHealthCheckController: Explicit health check supported packages [PackageConfig{com.google.android.networkstack, 86400000}]
05-17 00:47:46.827   614  2388 I ExplicitHealthCheckController: Explicit health check service is unbound
05-17 00:47:46.830   614   762 I RescueParty: Starting to observe: [com.google.android.permissioncontroller], updated namespace: permissions
05-17 00:47:46.970   614   639 D PackageWatchdog: Received supported packages [PackageConfig{com.google.android.networkstack, 86400000}]
05-17 00:47:46.970   614   639 I ExplicitHealthCheckController: Service not ready to get health check requested packages. Binding...
05-17 00:47:46.971   614   665 I PackageWatchdog: Syncing state, reason: observing new packages
05-17 00:47:46.972   614   665 D PackageWatchdog: rescue-party-observer added the following packages to monitor [com.google.android.permissioncontroller]
05-17 00:47:46.973   614   665 I PackageWatchdog: Syncing state, reason: updated observers
05-17 00:47:46.974   614   665 I PackageWatchdog: Saving observer state to file
05-17 00:47:46.974   614   614 I PackageWatchdog: Syncing health check requests for packages: {}
05-17 00:47:46.979   614   639 I ExplicitHealthCheckController: Explicit health check service is bound
05-17 00:47:46.981   614   614 I ExplicitHealthCheckController: Service not ready to get health check supported packages. Binding...
05-17 00:47:46.981   614   614 I ExplicitHealthCheckController: Not binding to service, service already connecting
05-17 00:47:47.021   614   614 I PackageWatchdog: Syncing health check requests for packages: {}
05-17 00:47:47.022   614   614 I ExplicitHealthCheckController: Service not ready to get health check supported packages. Binding...
05-17 00:47:47.022   614   614 I ExplicitHealthCheckController: Not binding to service, service already connecting
05-17 00:47:47.022   614   614 I ExplicitHealthCheckController: Explicit health check service is connected ComponentInfo{com.google.android.ext.services/android.ext.services.watchdog.ExplicitHealthCheckServiceImpl}
05-17 00:47:47.023   614   614 I ExplicitHealthCheckController: Service initialized, syncing requests
05-17 00:47:47.025   614   614 I PackageWatchdog: Syncing health check requests for packages: {}
05-17 00:47:47.026   614   614 D ExplicitHealthCheckController: Getting health check supported packages
05-17 00:47:47.029   614   639 I ExplicitHealthCheckController: Explicit health check supported packages [PackageConfig{com.google.android.networkstack, 86400000}]
05-17 00:47:47.033   614   639 D PackageWatchdog: Received supported packages [PackageConfig{com.google.android.networkstack, 86400000}]
05-17 00:47:47.034   614   639 D ExplicitHealthCheckController: Getting health check requested packages
05-17 00:47:47.036   614   639 I ExplicitHealthCheckController: Explicit health check requested packages []
05-17 00:47:47.036   614   639 I ExplicitHealthCheckController: No more health check requests, unbinding...
05-17 00:47:47.041   614   639 I ExplicitHealthCheckController: Explicit health check service is unbound
05-17 00:47:47.121   614   762 I RescueParty: Starting to observe: [android], updated namespace: wifi
05-17 00:47:47.122   614   665 I PackageWatchdog: Syncing state, reason: observing new packages
05-17 00:47:47.123   614   665 D PackageWatchdog: rescue-party-observer added the following packages to monitor [android]
05-17 00:47:47.123   614   665 I PackageWatchdog: Syncing state, reason: updated observers
05-17 00:47:47.140   614   665 I PackageWatchdog: Saving observer state to file
05-17 00:47:47.232   614   762 I RescueParty: Starting to observe: [android], updated namespace: appsearch
05-17 00:47:47.233   614   665 I PackageWatchdog: Syncing state, reason: observing new packages
05-17 00:47:47.234   614   665 D PackageWatchdog: rescue-party-observer added the following packages to monitor [android]
05-17 00:47:47.235   614   665 I PackageWatchdog: Syncing state, reason: updated observers
05-17 00:47:47.236   614   665 I PackageWatchdog: Saving observer state to file
05-17 00:47:47.257   614   614 W Looper  : Slow dispatch took 136ms main h=com.android.providers.settings.SettingsProvider$SettingsRegistry$MyHandler c=null m=1
05-17 00:47:47.309   614   614 I PackageWatchdog: Syncing health check requests for packages: {}
05-17 00:47:47.311   614   614 I ExplicitHealthCheckController: Service not ready to get health check supported packages. Binding...
05-17 00:47:47.329   614   614 I ExplicitHealthCheckController: Explicit health check service is bound
05-17 00:47:47.331   614   614 I ExplicitHealthCheckController: Explicit health check service is connected ComponentInfo{com.google.android.ext.services/android.ext.services.watchdog.ExplicitHealthCheckServiceImpl}
05-17 00:47:47.333   614   614 I ExplicitHealthCheckController: Service initialized, syncing requests
05-17 00:47:47.337   614   614 I PackageWatchdog: Syncing health check requests for packages: {}
05-17 00:47:47.337   614   614 D ExplicitHealthCheckController: Getting health check supported packages
05-17 00:47:47.342   614   762 I RescueParty: Starting to observe: [com.google.android.apps.nexuslauncher, com.android.settings, com.android.systemui], updated namespace: interaction_jank_monitor
05-17 00:47:47.343   614   665 I PackageWatchdog: Syncing state, reason: observing new packages
05-17 00:47:47.343   614   665 D PackageWatchdog: rescue-party-observer added the following packages to monitor [com.google.android.apps.nexuslauncher, com.android.settings, com.android.systemui]
05-17 00:47:47.343   614   665 I PackageWatchdog: Syncing state, reason: updated observers
05-17 00:47:47.346   614   665 I PackageWatchdog: Saving observer state to file
05-17 00:47:47.347   614   639 I ExplicitHealthCheckController: Explicit health check supported packages [PackageConfig{com.google.android.networkstack, 86400000}]
05-17 00:47:47.363   915  1504 D CompatibilityChangeReporter: Compat change id reported: 150939131; UID 10169; state: ENABLED
05-17 00:47:47.392   614   639 D PackageWatchdog: Received supported packages [PackageConfig{com.google.android.networkstack, 86400000}]
05-17 00:47:47.393   614   639 D ExplicitHealthCheckController: Getting health check requested packages
05-17 00:47:47.393   614   614 I PackageWatchdog: Syncing health check requests for packages: {}
05-17 00:47:47.394   614   614 D ExplicitHealthCheckController: Getting health check supported packages
05-17 00:47:47.394   614   639 I ExplicitHealthCheckController: Explicit health check requested packages []
05-17 00:47:47.395   614   639 I ExplicitHealthCheckController: No more health check requests, unbinding...
05-17 00:47:47.399   614  2880 I ExplicitHealthCheckController: Explicit health check supported packages [PackageConfig{com.google.android.networkstack, 86400000}]
05-17 00:47:47.399   614  2880 D PackageWatchdog: Received supported packages [PackageConfig{com.google.android.networkstack, 86400000}]
05-17 00:47:47.399   614   639 I ExplicitHealthCheckController: Explicit health check service is unbound
05-17 00:47:47.401   614  2880 I ExplicitHealthCheckController: Service not ready to get health check requested packages. Binding...
05-17 00:47:47.411   614  2880 I ExplicitHealthCheckController: Explicit health check service is bound
05-17 00:47:47.418   614   614 I ExplicitHealthCheckController: Explicit health check service is connected ComponentInfo{com.google.android.ext.services/android.ext.services.watchdog.ExplicitHealthCheckServiceImpl}
05-17 00:47:47.421   614   614 I ExplicitHealthCheckController: Service initialized, syncing requests
05-17 00:47:47.423   614   614 I PackageWatchdog: Syncing health check requests for packages: {}
05-17 00:47:47.424   614   614 D ExplicitHealthCheckController: Getting health check supported packages
05-17 00:47:47.431   614   639 I ExplicitHealthCheckController: Explicit health check supported packages [PackageConfig{com.google.android.networkstack, 86400000}]
05-17 00:47:47.432   614   639 D PackageWatchdog: Received supported packages [PackageConfig{com.google.android.networkstack, 86400000}]
05-17 00:47:47.433   614   639 D ExplicitHealthCheckController: Getting health check requested packages
05-17 00:47:47.438   614   639 I ExplicitHealthCheckController: Explicit health check requested packages []
05-17 00:47:47.439   614   639 I ExplicitHealthCheckController: No more health check requests, unbinding...
05-17 00:47:47.441   614   639 I ExplicitHealthCheckController: Explicit health check service is unbound
05-17 00:47:47.462   614   762 I RescueParty: Starting to observe: [android], updated namespace: wearable_sensing
05-17 00:47:47.464   614   665 I PackageWatchdog: Syncing state, reason: observing new packages
05-17 00:47:47.465   614   665 D PackageWatchdog: rescue-party-observer added the following packages to monitor [android]
05-17 00:47:47.465   614   665 I PackageWatchdog: Syncing state, reason: updated observers
05-17 00:47:47.466   614   665 I PackageWatchdog: Saving observer state to file
05-17 00:47:47.501   614   614 I PackageWatchdog: Syncing health check requests for packages: {}
05-17 00:47:47.501   614   614 I ExplicitHealthCheckController: Service not ready to get health check supported packages. Binding...
05-17 00:47:47.513   614   614 I ExplicitHealthCheckController: Explicit health check service is bound
05-17 00:47:47.523   614   614 I ExplicitHealthCheckController: Explicit health check service is connected ComponentInfo{com.google.android.ext.services/android.ext.services.watchdog.ExplicitHealthCheckServiceImpl}
05-17 00:47:47.525   614   614 I ExplicitHealthCheckController: Service initialized, syncing requests
05-17 00:47:47.526   614   614 I PackageWatchdog: Syncing health check requests for packages: {}
05-17 00:47:47.541   614   614 D ExplicitHealthCheckController: Getting health check supported packages
05-17 00:47:47.543   614  2880 I ExplicitHealthCheckController: Explicit health check supported packages [PackageConfig{com.google.android.networkstack, 86400000}]
05-17 00:47:47.544   614  2880 D PackageWatchdog: Received supported packages [PackageConfig{com.google.android.networkstack, 86400000}]
05-17 00:47:47.544   614  2880 D ExplicitHealthCheckController: Getting health check requested packages
05-17 00:47:47.550   614  2880 I ExplicitHealthCheckController: Explicit health check requested packages []
05-17 00:47:47.550   614  2880 I ExplicitHealthCheckController: No more health check requests, unbinding...
05-17 00:47:47.552   614  2880 I ExplicitHealthCheckController: Explicit health check service is unbound
05-17 00:47:47.919   614   762 I RescueParty: Starting to observe: [android], updated namespace: adservices
05-17 00:47:47.922   614   665 I PackageWatchdog: Syncing state, reason: observing new packages
05-17 00:47:47.926   614   665 D PackageWatchdog: rescue-party-observer added the following packages to monitor [android]
05-17 00:47:47.929   614   665 I PackageWatchdog: Syncing state, reason: updated observers
05-17 00:47:47.933   614   614 I PackageWatchdog: Syncing health check requests for packages: {}
05-17 00:47:47.935   614   614 I ExplicitHealthCheckController: Service not ready to get health check supported packages. Binding...
05-17 00:47:47.939   614   665 I PackageWatchdog: Saving observer state to file
05-17 00:47:47.949   614   614 I ExplicitHealthCheckController: Explicit health check service is bound
05-17 00:47:47.965  1681  2068 I AiAiTranslate: C2T - not in a conversation
05-17 00:47:47.969   915   915 I ClipboardListener: Clipboard overlay suppressed.
05-17 00:47:48.016   614   614 I PackageWatchdog: Syncing health check requests for packages: {}
05-17 00:47:48.016   614   614 I ExplicitHealthCheckController: Service not ready to get health check supported packages. Binding...
05-17 00:47:48.017   614   614 I ExplicitHealthCheckController: Not binding to service, service already connecting
05-17 00:47:48.023   614   614 I ExplicitHealthCheckController: Explicit health check service is connected ComponentInfo{com.google.android.ext.services/android.ext.services.watchdog.ExplicitHealthCheckServiceImpl}
05-17 00:47:48.025   614   614 I ExplicitHealthCheckController: Service initialized, syncing requests
05-17 00:47:48.026   614   614 I PackageWatchdog: Syncing health check requests for packages: {}
05-17 00:47:48.026   614   614 D ExplicitHealthCheckController: Getting health check supported packages
05-17 00:47:48.031   614  2880 I ExplicitHealthCheckController: Explicit health check supported packages [PackageConfig{com.google.android.networkstack, 86400000}]
05-17 00:47:48.038   614  2880 D PackageWatchdog: Received supported packages [PackageConfig{com.google.android.networkstack, 86400000}]
05-17 00:47:48.038   614  2880 D ExplicitHealthCheckController: Getting health check requested packages
05-17 00:47:48.045   614  2880 I ExplicitHealthCheckController: Explicit health check requested packages []
05-17 00:47:48.045   614  2880 I ExplicitHealthCheckController: No more health check requests, unbinding...
05-17 00:47:48.054  1681  2364 I AiAiTextClassifier: GenerateLinks did not find valid links, returning empty result
05-17 00:47:48.068   614  2880 I ExplicitHealthCheckController: Explicit health check service is unbound
05-17 00:47:48.242   614   762 I RescueParty: Starting to observe: [android], updated namespace: tare
05-17 00:47:48.243   614   665 I PackageWatchdog: Syncing state, reason: observing new packages
05-17 00:47:48.247   614   665 D PackageWatchdog: rescue-party-observer added the following packages to monitor [android]
05-17 00:47:48.249   614   665 I PackageWatchdog: Syncing state, reason: updated observers
05-17 00:47:48.250   614   665 I PackageWatchdog: Saving observer state to file
05-17 00:47:48.303   614   614 I PackageWatchdog: Syncing health check requests for packages: {}
05-17 00:47:48.305   614   614 I ExplicitHealthCheckController: Service not ready to get health check supported packages. Binding...
05-17 00:47:48.316   614   614 I ExplicitHealthCheckController: Explicit health check service is bound
05-17 00:47:48.343   614   614 I ExplicitHealthCheckController: Explicit health check service is connected ComponentInfo{com.google.android.ext.services/android.ext.services.watchdog.ExplicitHealthCheckServiceImpl}
05-17 00:47:48.345   614   614 I ExplicitHealthCheckController: Service initialized, syncing requests
05-17 00:47:48.346   614   614 I PackageWatchdog: Syncing health check requests for packages: {}
05-17 00:47:48.346   614   614 D ExplicitHealthCheckController: Getting health check supported packages
05-17 00:47:48.353   614   639 I ExplicitHealthCheckController: Explicit health check supported packages [PackageConfig{com.google.android.networkstack, 86400000}]
05-17 00:47:48.354   614   639 D PackageWatchdog: Received supported packages [PackageConfig{com.google.android.networkstack, 86400000}]
05-17 00:47:48.354   614   639 D ExplicitHealthCheckController: Getting health check requested packages
05-17 00:47:48.361   614   639 I ExplicitHealthCheckController: Explicit health check requested packages []
05-17 00:47:48.362   614   639 I ExplicitHealthCheckController: No more health check requests, unbinding...
05-17 00:47:48.366   614   639 I ExplicitHealthCheckController: Explicit health check service is unbound
05-17 00:47:48.566   614   762 I RescueParty: Starting to observe: [android], updated namespace: display_manager
05-17 00:47:48.567   614   665 I PackageWatchdog: Syncing state, reason: observing new packages
05-17 00:47:48.567   614   665 D PackageWatchdog: rescue-party-observer added the following packages to monitor [android]
05-17 00:47:48.567   614   665 I PackageWatchdog: Syncing state, reason: updated observers
05-17 00:47:48.568   614   665 I PackageWatchdog: Saving observer state to file
05-17 00:47:48.579   614   687 W BrightnessThrottler: DeviceConfig ThermalBrightnessThrottlingData is null
05-17 00:47:48.609   614   614 I PackageWatchdog: Syncing health check requests for packages: {}
05-17 00:47:48.610   614   614 I ExplicitHealthCheckController: Service not ready to get health check supported packages. Binding...
05-17 00:47:48.619   614   614 I ExplicitHealthCheckController: Explicit health check service is bound
05-17 00:47:48.626   614   614 I ExplicitHealthCheckController: Explicit health check service is connected ComponentInfo{com.google.android.ext.services/android.ext.services.watchdog.ExplicitHealthCheckServiceImpl}
05-17 00:47:48.634   614   614 I ExplicitHealthCheckController: Service initialized, syncing requests
05-17 00:47:48.635   614   614 I PackageWatchdog: Syncing health check requests for packages: {}
05-17 00:47:48.635   614   614 D ExplicitHealthCheckController: Getting health check supported packages
05-17 00:47:48.641   614  2880 I ExplicitHealthCheckController: Explicit health check supported packages [PackageConfig{com.google.android.networkstack, 86400000}]
05-17 00:47:48.641   614  2880 D PackageWatchdog: Received supported packages [PackageConfig{com.google.android.networkstack, 86400000}]
05-17 00:47:48.641   614  2880 D ExplicitHealthCheckController: Getting health check requested packages
05-17 00:47:48.643   614  2880 I ExplicitHealthCheckController: Explicit health check requested packages []
05-17 00:47:48.643   614  2880 I ExplicitHealthCheckController: No more health check requests, unbinding...
05-17 00:47:48.646   614  2880 I ExplicitHealthCheckController: Explicit health check service is unbound
05-17 00:47:48.617     0     0 I init    : processing action (persist.device_config.lmkd_native.thrashing_limit_critical=*) from (/system/etc/init/lmkd.rc:44)
05-17 00:47:48.719   614   762 I RescueParty: Starting to observe: [com.android.settings], updated namespace: activity_manager
05-17 00:47:48.721   614   665 I PackageWatchdog: Syncing state, reason: observing new packages
05-17 00:47:48.721   614   665 D PackageWatchdog: rescue-party-observer added the following packages to monitor [com.android.settings]
05-17 00:47:48.722   614   665 I PackageWatchdog: Syncing state, reason: updated observers
05-17 00:47:48.723   614   665 I PackageWatchdog: Saving observer state to file
05-17 00:47:48.767   614   614 I PackageWatchdog: Syncing health check requests for packages: {}
05-17 00:47:48.770   614   614 I ExplicitHealthCheckController: Service not ready to get health check supported packages. Binding...
05-17 00:47:48.783   614   614 I ExplicitHealthCheckController: Explicit health check service is bound
05-17 00:47:48.790   614   614 I ExplicitHealthCheckController: Explicit health check service is connected ComponentInfo{com.google.android.ext.services/android.ext.services.watchdog.ExplicitHealthCheckServiceImpl}
05-17 00:47:48.795   614   614 I ExplicitHealthCheckController: Service initialized, syncing requests
05-17 00:47:48.803   614   614 I PackageWatchdog: Syncing health check requests for packages: {}
05-17 00:47:48.812   614   614 D ExplicitHealthCheckController: Getting health check supported packages
05-17 00:47:48.820   614  2880 I ExplicitHealthCheckController: Explicit health check supported packages [PackageConfig{com.google.android.networkstack, 86400000}]
05-17 00:47:48.822   614  2880 D PackageWatchdog: Received supported packages [PackageConfig{com.google.android.networkstack, 86400000}]
05-17 00:47:48.824   614  2880 D ExplicitHealthCheckController: Getting health check requested packages
05-17 00:47:48.827   614  2880 I ExplicitHealthCheckController: Explicit health check requested packages []
05-17 00:47:48.827   614  2880 I ExplicitHealthCheckController: No more health check requests, unbinding...
05-17 00:47:48.830   614  2880 I ExplicitHealthCheckController: Explicit health check service is unbound
05-17 00:47:48.894   614   614 I AutofillManagerService: Ignoring change on package_deny_list_for_unimportant_view
05-17 00:47:48.902   614   655 D AutofillUI: destroySaveUiUiThread(): already destroyed
05-17 00:47:48.912   614   614 D AutofillManagerServiceImpl: Set component for user 0 as ComponentInfo{com.google.android.gms/com.google.android.gms.autofill.service.AutofillService} and info as ServiceInfo{343da5e com.google.android.gms.autofill.service.AutofillService}
05-17 00:47:48.914   614   614 I AutofillManagerService: Ignoring change on trigger_fill_request_on_filtered_important_views
05-17 00:47:48.914   614   614 I AutofillManagerService: Ignoring change on package_and_activity_allowlist_for_triggering_fill_request
05-17 00:47:48.914   614   614 I AutofillManagerService: Ignoring change on multiline_filter_enabled
05-17 00:47:48.915   614   614 I AutofillManagerService: Ignoring change on augmented_autofill_mode
05-17 00:47:48.915   614   614 I AutofillManagerService: Ignoring change on autofill_dialog_hints
05-17 00:47:48.916   614   614 I AutofillManagerService: Ignoring change on include_all_views_in_assist_structure
05-17 00:47:48.916   614   614 I AutofillManagerService: Ignoring change on should_enable_autofill_on_all_view_types
05-17 00:47:48.916   614   614 I AutofillManagerService: Ignoring change on autofill_save_dialog_landscape_body_height_max_percent
05-17 00:47:48.917   614   614 I AutofillManagerService: Ignoring change on non_autofillable_ime_action_ids
05-17 00:47:48.917   614   614 I AutofillManagerService: Ignoring change on autofill_save_dialog_portrait_body_height_max_percent
05-17 00:47:48.917   614   614 I AutofillManagerService: Ignoring change on include_all_autofill_type_not_none_views_in_assist_structure
05-17 00:47:48.918   614   614 I AutofillManagerService: Ignoring change on trigger_fill_request_on_unimportant_view
05-17 00:47:48.918   614   614 I AutofillManagerService: Ignoring change on autofill_dialog_enabled
05-17 00:47:48.924  1681  1681 D AugmentedAutofillService: onUnbind(): no proxy to destroy
05-17 00:47:48.924   614   614 W ServiceConnector.Impl: mayInterruptIfRunning not supported - ignoring
05-17 00:47:48.935  1681  2507 I AiAiAutofill: Disconnected AiAiAugmentedAutofillService.
05-17 00:47:48.906     0     0 I init    : Command 'setprop lmkd.reinit ${sys.boot_completed:-0}' action=persist.device_config.lmkd_native.thrashing_limit_critical=* (/system/etc/init/lmkd.rc:45) took 284ms and succeeded
05-17 00:47:48.913     0     0 I init    : processing action (lmkd.reinit=1) from (/system/etc/init/lmkd.rc:10)
05-17 00:47:48.919     0     0 I init    : starting service 'exec 24 (/system/bin/lmkd --reinit)'...
05-17 00:47:48.956  1681  1681 I AiAiAutofill: Created AiAiAugmentedAutofillService.
05-17 00:47:48.964  1681  1681 D AugmentedAutofillService: handleOnConnected(): debug=true, verbose=false
05-17 00:47:48.985  1681  2507 I AiAiAutofill: Connected AiAiAugmentedAutofillService.
05-17 00:47:48.973     0     0 I init    : ... started service 'exec 24 (/system/bin/lmkd --reinit)' has pid 4844
05-17 00:47:48.976     0     0 I init    : Command 'exec_background /system/bin/lmkd --reinit' action=lmkd.reinit=1 (/system/etc/init/lmkd.rc:11) took 59ms and succeeded
05-17 00:47:49.226   156   156 I lowmemorykiller: lmkd data connection established
05-17 00:47:49.302   156   156 I lowmemorykiller: Using psi monitors for memory pressure detection
05-17 00:47:49.303   156   156 I lowmemorykiller: Properties reinitilized
05-17 00:47:49.303  4844  4844 I lowmemorykiller: lmkd updated properties successfully
05-17 00:47:49.303   156   156 I lowmemorykiller: lmkd data connection dropped
05-17 00:47:49.304   156   156 I lowmemorykiller: closing lmkd data connection
05-17 00:47:49.287     0     0 I init    : Service 'exec 24 (/system/bin/lmkd --reinit)' (pid 4844) exited with status 0 oneshot service took 0.350000 seconds in background
05-17 00:47:49.293     0     0 I init    : Sending signal 9 to service 'exec 24 (/system/bin/lmkd --reinit)' (pid 4844) process group...
05-17 00:47:49.296     0     0 I libprocessgroup: Successfully killed process cgroup uid 0 pid 4844 in 0ms
05-17 00:47:49.397   614   762 I RescueParty: Starting to observe: [com.google.android.as, com.google.android.as.oss], updated namespace: device_personalization_services
05-17 00:47:49.399   614   665 I PackageWatchdog: Syncing state, reason: observing new packages
05-17 00:47:49.399   614   665 D PackageWatchdog: rescue-party-observer added the following packages to monitor [com.google.android.as, com.google.android.as.oss]
05-17 00:47:49.400   614   665 I PackageWatchdog: Syncing state, reason: updated observers
05-17 00:47:49.412   614   614 I PackageWatchdog: Syncing health check requests for packages: {}
05-17 00:47:49.412   614   614 I ExplicitHealthCheckController: Service not ready to get health check supported packages. Binding...
05-17 00:47:49.412   614   665 I PackageWatchdog: Saving observer state to file
05-17 00:47:49.416   614   614 I ExplicitHealthCheckController: Explicit health check service is bound
05-17 00:47:49.501   614   614 I PackageWatchdog: Syncing health check requests for packages: {}
05-17 00:47:49.502   614   614 I ExplicitHealthCheckController: Service not ready to get health check supported packages. Binding...
05-17 00:47:49.503   614   614 I ExplicitHealthCheckController: Not binding to service, service already connecting
05-17 00:47:49.505   614   614 I ExplicitHealthCheckController: Explicit health check service is connected ComponentInfo{com.google.android.ext.services/android.ext.services.watchdog.ExplicitHealthCheckServiceImpl}
05-17 00:47:49.506   614   614 I ExplicitHealthCheckController: Service initialized, syncing requests
05-17 00:47:49.507   614   614 I PackageWatchdog: Syncing health check requests for packages: {}
05-17 00:47:49.510   614   614 D ExplicitHealthCheckController: Getting health check supported packages
05-17 00:47:49.512   614  2388 I ExplicitHealthCheckController: Explicit health check supported packages [PackageConfig{com.google.android.networkstack, 86400000}]
05-17 00:47:49.513   614  2388 D PackageWatchdog: Received supported packages [PackageConfig{com.google.android.networkstack, 86400000}]
05-17 00:47:49.513   614  2388 D ExplicitHealthCheckController: Getting health check requested packages
05-17 00:47:49.522   614  2388 I ExplicitHealthCheckController: Explicit health check requested packages []
05-17 00:47:49.523   614  2388 I ExplicitHealthCheckController: No more health check requests, unbinding...
05-17 00:47:49.528   614  2388 I ExplicitHealthCheckController: Explicit health check service is unbound
05-17 00:47:49.575   359   359 W Zygote  : forkRepeatedly terminated due to non-simple command
05-17 00:47:49.576   359   359 D Zygote  : mbuffer starts with 1 , nice name is , mEnd = 35, mNext = 35, mLinesLeft = 0, mFd = 6
05-17 00:47:49.801   614   762 I RescueParty: Starting to observe: [android], updated namespace: credential_manager
05-17 00:47:49.802   614   665 I PackageWatchdog: Syncing state, reason: observing new packages
05-17 00:47:49.805   614   665 D PackageWatchdog: rescue-party-observer added the following packages to monitor [android]
05-17 00:47:49.806   614   665 I PackageWatchdog: Syncing state, reason: updated observers
05-17 00:47:49.807   614   665 I PackageWatchdog: Saving observer state to file
05-17 00:47:49.826   614   614 I PackageWatchdog: Syncing health check requests for packages: {}
05-17 00:47:49.827   614   614 I ExplicitHealthCheckController: Service not ready to get health check supported packages. Binding...
05-17 00:47:49.837   614   614 I ExplicitHealthCheckController: Explicit health check service is bound
05-17 00:47:49.842   614   614 I ExplicitHealthCheckController: Explicit health check service is connected ComponentInfo{com.google.android.ext.services/android.ext.services.watchdog.ExplicitHealthCheckServiceImpl}
05-17 00:47:49.844   614   614 I ExplicitHealthCheckController: Service initialized, syncing requests
05-17 00:47:49.850   614   614 I PackageWatchdog: Syncing health check requests for packages: {}
05-17 00:47:49.851   614   614 D ExplicitHealthCheckController: Getting health check supported packages
05-17 00:47:49.859   614  2880 I ExplicitHealthCheckController: Explicit health check supported packages [PackageConfig{com.google.android.networkstack, 86400000}]
05-17 00:47:49.860   614  2880 D PackageWatchdog: Received supported packages [PackageConfig{com.google.android.networkstack, 86400000}]
05-17 00:47:49.862   614  2880 D ExplicitHealthCheckController: Getting health check requested packages
05-17 00:47:49.863   614  2880 I ExplicitHealthCheckController: Explicit health check requested packages []
05-17 00:47:49.864   614  2880 I ExplicitHealthCheckController: No more health check requests, unbinding...
05-17 00:47:49.870   614  2880 I ExplicitHealthCheckController: Explicit health check service is unbound
05-17 00:47:49.942   614   762 I RescueParty: Starting to observe: [android, com.android.phone], updated namespace: telephony
05-17 00:47:49.943   614   665 I PackageWatchdog: Syncing state, reason: observing new packages
05-17 00:47:49.944   614   665 D PackageWatchdog: rescue-party-observer added the following packages to monitor [android, com.android.phone]
05-17 00:47:49.944   614   665 I PackageWatchdog: Syncing state, reason: updated observers
05-17 00:47:49.944   614   665 I PackageWatchdog: Not pruning observers, elapsed time: 0ms
05-17 00:47:49.953   614   665 I PackageWatchdog: Saving observer state to file
05-17 00:47:49.954   614   614 I PackageWatchdog: Syncing health check requests for packages: {}
05-17 00:47:49.955   614   614 I ExplicitHealthCheckController: Service not ready to get health check supported packages. Binding...
05-17 00:47:49.964   614   614 I ExplicitHealthCheckController: Explicit health check service is bound
05-17 00:47:49.978   614   614 I ExplicitHealthCheckController: Explicit health check service is connected ComponentInfo{com.google.android.ext.services/android.ext.services.watchdog.ExplicitHealthCheckServiceImpl}
05-17 00:47:49.980   614   614 I ExplicitHealthCheckController: Service initialized, syncing requests
05-17 00:47:49.987   614   614 I PackageWatchdog: Syncing health check requests for packages: {}
05-17 00:47:49.987   614   614 D ExplicitHealthCheckController: Getting health check supported packages
05-17 00:47:49.989   614  2388 I ExplicitHealthCheckController: Explicit health check supported packages [PackageConfig{com.google.android.networkstack, 86400000}]
05-17 00:47:49.990   614  2388 D PackageWatchdog: Received supported packages [PackageConfig{com.google.android.networkstack, 86400000}]
05-17 00:47:49.991   614  2388 D ExplicitHealthCheckController: Getting health check requested packages
05-17 00:47:49.996   614  2388 I ExplicitHealthCheckController: Explicit health check requested packages []
05-17 00:47:49.997   614  2388 I ExplicitHealthCheckController: No more health check requests, unbinding...
05-17 00:47:50.006   614  2388 I ExplicitHealthCheckController: Explicit health check service is unbound
05-17 00:47:50.060   614   762 I RescueParty: Starting to observe: [android], updated namespace: media_better_together
05-17 00:47:50.060   614   665 I PackageWatchdog: Syncing state, reason: observing new packages
05-17 00:47:50.064   614   665 D PackageWatchdog: rescue-party-observer added the following packages to monitor [android]
05-17 00:47:50.064   614   665 I PackageWatchdog: Syncing state, reason: updated observers
05-17 00:47:50.065   614   665 I PackageWatchdog: Not pruning observers, elapsed time: 0ms
05-17 00:47:50.066   614   665 I PackageWatchdog: Saving observer state to file
05-17 00:47:50.093   614   614 I PackageWatchdog: Syncing health check requests for packages: {}
05-17 00:47:50.093   614   614 I ExplicitHealthCheckController: Service not ready to get health check supported packages. Binding...
05-17 00:47:50.099   614   614 I ExplicitHealthCheckController: Explicit health check service is bound
05-17 00:47:50.110   614   614 I ExplicitHealthCheckController: Explicit health check service is connected ComponentInfo{com.google.android.ext.services/android.ext.services.watchdog.ExplicitHealthCheckServiceImpl}
05-17 00:47:50.111   614   614 I ExplicitHealthCheckController: Service initialized, syncing requests
05-17 00:47:50.114   614   614 I PackageWatchdog: Syncing health check requests for packages: {}
05-17 00:47:50.115   614   614 D ExplicitHealthCheckController: Getting health check supported packages
05-17 00:47:50.117   614   762 I RescueParty: Starting to observe: [android], updated namespace: health_fitness
05-17 00:47:50.122   614  2388 I ExplicitHealthCheckController: Explicit health check supported packages [PackageConfig{com.google.android.networkstack, 86400000}]
05-17 00:47:50.124   614  2388 D PackageWatchdog: Received supported packages [PackageConfig{com.google.android.networkstack, 86400000}]
05-17 00:47:50.125   614  2388 D ExplicitHealthCheckController: Getting health check requested packages
05-17 00:47:50.128   614   665 I PackageWatchdog: Syncing state, reason: observing new packages
05-17 00:47:50.129   614   665 D PackageWatchdog: rescue-party-observer added the following packages to monitor [android]
05-17 00:47:50.134   614   614 I PackageWatchdog: Syncing health check requests for packages: {}
05-17 00:47:50.135   614   614 D ExplicitHealthCheckController: Getting health check supported packages
05-17 00:47:50.140   614  2388 I ExplicitHealthCheckController: Explicit health check requested packages []
05-17 00:47:50.148   614  2388 I ExplicitHealthCheckController: No more health check requests, unbinding...
05-17 00:47:50.148   614   665 I PackageWatchdog: Syncing state, reason: updated observers
05-17 00:47:50.150   614   639 I ExplicitHealthCheckController: Explicit health check supported packages [PackageConfig{com.google.android.networkstack, 86400000}]
05-17 00:47:50.152   614   639 D PackageWatchdog: Received supported packages [PackageConfig{com.google.android.networkstack, 86400000}]
05-17 00:47:50.152   614   665 I PackageWatchdog: Saving observer state to file
05-17 00:47:50.155   614   614 I PackageWatchdog: Syncing health check requests for packages: {}
05-17 00:47:50.155   614  2388 I ExplicitHealthCheckController: Explicit health check service is unbound
05-17 00:47:50.160   614   639 I ExplicitHealthCheckController: Service not ready to get health check requested packages. Binding...
05-17 00:47:50.167   614   639 I ExplicitHealthCheckController: Explicit health check service is bound
05-17 00:47:50.168   614   614 I ExplicitHealthCheckController: Service not ready to get health check supported packages. Binding...
05-17 00:47:50.171   614   614 I ExplicitHealthCheckController: Not binding to service, service already connecting
05-17 00:47:50.180   614   614 I ExplicitHealthCheckController: Explicit health check service is connected ComponentInfo{com.google.android.ext.services/android.ext.services.watchdog.ExplicitHealthCheckServiceImpl}
05-17 00:47:50.185   614   614 I ExplicitHealthCheckController: Service initialized, syncing requests
05-17 00:47:50.186   614   614 I PackageWatchdog: Syncing health check requests for packages: {}
05-17 00:47:50.190   614   614 D ExplicitHealthCheckController: Getting health check supported packages
05-17 00:47:50.200   614   762 I RescueParty: Starting to observe: [android], updated namespace: app_standby
05-17 00:47:50.201   614   665 I PackageWatchdog: Syncing state, reason: observing new packages
05-17 00:47:50.202   614   665 D PackageWatchdog: rescue-party-observer added the following packages to monitor [android]
05-17 00:47:50.208   614   665 I PackageWatchdog: Syncing state, reason: updated observers
05-17 00:47:50.209   614   665 I PackageWatchdog: Saving observer state to file
05-17 00:47:50.220   614   639 I ExplicitHealthCheckController: Explicit health check supported packages [PackageConfig{com.google.android.networkstack, 86400000}]
05-17 00:47:50.233   614   614 I PackageWatchdog: Syncing health check requests for packages: {}
05-17 00:47:50.235   614   614 D ExplicitHealthCheckController: Getting health check supported packages
05-17 00:47:50.239   614   639 D PackageWatchdog: Received supported packages [PackageConfig{com.google.android.networkstack, 86400000}]
05-17 00:47:50.239   614   639 D ExplicitHealthCheckController: Getting health check requested packages
05-17 00:47:50.246   614  2880 I ExplicitHealthCheckController: Explicit health check requested packages []
05-17 00:47:50.246   614  2880 I ExplicitHealthCheckController: No more health check requests, unbinding...
