05-17 00:58:17.214   614  1862 D ActivityManager: sync unfroze 1906 com.google.process.gservices for 7
05-17 00:58:17.234   614  1862 W ContentProviderHelper: Slow operation: 161ms so far, now at getContentProviderImpl: after updateOomAdj
05-17 00:58:17.251  1518  2189 I Delight5Decoder: Delight5DecoderWrapper.loadLanguageModel():690 Loaded dynamic LM 4.en
05-17 00:58:17.259  1518  2189 I Delight5Decoder: Delight5DecoderWrapper.loadLanguageModel():649 loadLanguageModel() : 3, version [n/a]
05-17 00:58:17.283   614  1862 W ContentProviderHelper: Slow operation: 187ms so far, now at getContentProviderImpl: done!
05-17 00:58:17.290   614   666 W system_server: Long monitor contention with owner binder:614_16 (1862) at android.app.ContentProviderHolder com.android.server.am.ContentProviderHelper.getContentProviderImpl(android.app.IApplicationThread, java.lang.String, android.os.IBinder, int, java.lang.String, java.lang.String, boolean, int)(ContentProviderHelper.java:614) waiters=0 in boolean com.android.server.am.BroadcastQueueModernImpl.lambda$new$0(android.os.Message) for 201ms
05-17 00:58:17.362  1518  2189 I Delight5Decoder: Delight5DecoderWrapper.loadLanguageModel():690 Loaded dynamic LM 3.en
05-17 00:58:17.404  2907  3005 I FontLog : Font PFD returned from cache for {Google Sans Text, wdth 100.0, wght 400, ital 0.0, bestEffort false} [CONTEXT service_id=132 ]
05-17 00:58:17.414  2907  3005 I FontLog : Fetch {Google Sans Text, wdth 100.0, wght 400, ital 0.0, bestEffort false} end status Status{statusCode=SUCCESS, resolution=null} [CONTEXT service_id=132 ]
05-17 00:58:17.422  1518  1994 I SP      : Syncing kc_tflite_model (20220919) with slices: [{tflite-kc-en_us_secagg-20220805_235142, m:*:*:*, fg}], metadata: false
05-17 00:58:17.443  2907  3005 I FontLog : Pulling font file for id = 16, cache size = 7 [CONTEXT service_id=132 ]
05-17 00:58:17.457  1518  1518 I KeyboardViewUtil: KeyboardViewUtil.calculateMaxKeyboardBodyHeight():40 leave 473 height for app when screen height:2952, header height:154 and isFullscreenMode:false, so the max keyboard body height is:2325
05-17 00:58:17.462  1518  1518 I SoftKeyboardView: SoftKeyboardView.setMaxHeight():731 Set max keyboard height:2325.
05-17 00:58:17.478  1518  1518 I DeviceModeUtil: DeviceModeUtil.getDeviceMode():122 Get device mode phone by ui mode:1 and smallestScreenWidthDp:411
05-17 00:58:17.487  1518  1905 E OpenGLRenderer: Unable to match the desired swap behavior.
05-17 00:58:17.495  1518  1518 I GoogleInputMethodService: GoogleInputMethodService.setKeyboardViewShown():3483 setKeyboardViewShown() : type = HEADER, shownType = SHOW_OPTIONAL
05-17 00:58:17.521  1518  1518 I GoogleInputMethodService: GoogleInputMethodService.setKeyboardViewShown():3530 setKeyboardViewShown() : shouldShow = true
05-17 00:58:17.525  1518  1518 I GoogleInputMethodService: GoogleInputMethodService.setKeyboardViewShown():3483 setKeyboardViewShown() : type = BODY, shownType = SHOW_MANDATORY
05-17 00:58:17.529  1518  1518 I GoogleInputMethodService: GoogleInputMethodService.setKeyboardViewShown():3530 setKeyboardViewShown() : shouldShow = true
05-17 00:58:17.542  1518  1518 I GoogleInputMethodService: GoogleInputMethodService.setKeyboardViewShown():3483 setKeyboardViewShown() : type = FLOATING_CANDIDATES, shownType = HIDE
05-17 00:58:17.550  2907  3005 I FontLog : Received query Google Sans Text, URI content://com.google.android.gms.fonts [CONTEXT service_id=132 ]
05-17 00:58:17.551  1518  1518 I GoogleInputMethodService: GoogleInputMethodService.setKeyboardViewShown():3530 setKeyboardViewShown() : shouldShow = false
05-17 00:58:17.559  2907  3005 I FontLog : Query [Google Sans Text] resolved to {Google Sans Text, wdth 100.0, wght 400, ital 0.0, bestEffort false} [CONTEXT service_id=132 ]
05-17 00:58:17.587   614   775 W InputDispatcher: Dispatching key to 6e976f2 com.example.campusconnect/com.example.campusconnect.MainActivity even though there are other unprocessed events
05-17 00:58:17.591  2907  3005 I FontLog : Font PFD returned from cache for {Google Sans Text, wdth 100.0, wght 400, ital 0.0, bestEffort false} [CONTEXT service_id=132 ]
05-17 00:58:17.602  2907  3005 I FontLog : Fetch {Google Sans Text, wdth 100.0, wght 400, ital 0.0, bestEffort false} end status Status{statusCode=SUCCESS, resolution=null} [CONTEXT service_id=132 ]
05-17 00:58:17.618  1518  1518 I DeviceModeUtil: DeviceModeUtil.getDeviceMode():122 Get device mode phone by ui mode:1 and smallestScreenWidthDp:411
05-17 00:58:17.619  1518  1994 I EmojiSlicingStrategy: EmojiSlicingStrategy.matchEnabledLocalesWithPackLocales():127 matchEnabledLocalesWithPackLocales() : User enabled 1 locales; returning 1 slices
05-17 00:58:17.625  1518  1994 I SP      : Syncing bundled_emoji (2023020111) with slices: [{7b9ddb0b8c001e17cee03b1edf554b20, m:*:*:*}], metadata: false
05-17 00:58:17.637  1518  1518 I DeviceModeUtil: DeviceModeUtil.getDeviceMode():122 Get device mode phone by ui mode:1 and smallestScreenWidthDp:411
05-17 00:58:17.654  1518  1518 I DeviceModeUtil: DeviceModeUtil.getDeviceMode():122 Get device mode phone by ui mode:1 and smallestScreenWidthDp:411
05-17 00:58:17.669  1518  1518 I KeyboardViewUtil: KeyboardViewUtil.calculateMaxKeyboardBodyHeight():40 leave 473 height for app when screen height:2952, header height:154 and isFullscreenMode:false, so the max keyboard body height is:2325
05-17 00:58:17.679  1518  1518 I DeviceModeUtil: DeviceModeUtil.getDeviceMode():122 Get device mode phone by ui mode:1 and smallestScreenWidthDp:411
05-17 00:58:17.738  1518  1518 I Choreographer: Skipped 105 frames!  The application may be doing too much work on its main thread.
05-17 00:58:17.940  2907  3005 I FontLog : Pulling font file for id = 17, cache size = 8 [CONTEXT service_id=132 ]
05-17 00:58:17.987  2907  2907 W AutofillChimeraService: Pending fill request while another request in the same session was triggered. [CONTEXT service_id=177 ]
05-17 00:58:18.040  2907  2919 W .gms.persistent: Suspending all threads took: 6.269ms
05-17 00:58:18.086  2907  2919 I .gms.persistent: Background young concurrent copying GC freed 252935(9986KB) AllocSpace objects, 4(80KB) LOS objects, 36% free, 17MB/26MB, paused 32ms,12.664ms total 403.386ms
05-17 00:58:18.139  1518  1994 I SP      : Syncing kc_tflite_model (20220919) with slices: [{tflite-kc-en_us_secagg-20220805_235142, m:*:*:*, fg}], metadata: false
05-17 00:58:18.230  4494  4526 E libEGL  : called unimplemented OpenGL ES API
05-17 00:58:18.255  1518  1995 I CrankEngineLocales: CrankEngineLocales.getLocaleToUseForCrankEngine():66 Using locale en_US for emoji prediction
05-17 00:58:18.266  1518  1995 I CrankEngineLocales: CrankEngineLocales.getLocaleToUseForCrankEngine():66 Using locale en_US for emoji prediction
05-17 00:58:18.282  4494  4526 D EGL_emulation: app_time_stats: avg=329.31ms min=74.15ms max=544.41ms count=4
05-17 00:58:18.367   614   775 W InputDispatcher: Dispatching key to 6e976f2 com.example.campusconnect/com.example.campusconnect.MainActivity even though there are other unprocessed events
05-17 00:58:18.402   915   928 I ndroid.systemui: Background young concurrent copying GC freed 345747(15MB) AllocSpace objects, 1(20KB) LOS objects, 43% free, 20MB/35MB, paused 36.179ms,332us total 338.313ms
05-17 00:58:18.446  1518  1518 I AndroidIME: KeyboardViewManager.updateKeyboardBackgroundFrameVisibility():357 Set background frame visibility. old:8, new:8
05-17 00:58:18.682  1518  1527 I putmethod.latin: Background concurrent copying GC freed 98446(4690KB) AllocSpace objects, 10(400KB) LOS objects, 49% free, 9750KB/19MB, paused 9.176ms,442us total 1.166s
05-17 00:58:18.750  1518  5111 W OpenGLRenderer: Failed to choose config with EGL_SWAP_BEHAVIOR_PRESERVED, retrying without...
05-17 00:58:18.767  1518  5111 W OpenGLRenderer: Failed to initialize 101010-2 format, error = EGL_SUCCESS
05-17 00:58:18.835  1518  1529 W SP      : File ref is being finalized but wasn't closed, file: 2023012316_en[3]
05-17 00:58:18.843  1518  1529 W SP      : File ref is being finalized but wasn't closed, file: 2023012316_en[3]
05-17 00:58:18.851  1518  1529 W SP      : File ref is being finalized but wasn't closed, file: tflite-nwp-be541314788c7304827a9710c3ac4edb[3]
05-17 00:58:18.853  1518  1529 W SP      : File ref is being finalized but wasn't closed, file: tflite-nwp-be541314788c7304827a9710c3ac4edb[3]
05-17 00:58:19.254   614   775 W InputDispatcher: Dispatching key to 6e976f2 com.example.campusconnect/com.example.campusconnect.MainActivity even though there are other unprocessed events
05-17 00:58:19.347  3099  3099 D BoundBrokerSvc: onBind: Intent { act=com.google.android.mdd.service.START dat=chimera-action:/... cmp=com.google.android.gms/.chimera.GmsBoundBrokerService }
05-17 00:58:19.387  3099  3099 D BoundBrokerSvc: Loading bound service for intent: Intent { act=com.google.android.mdd.service.START dat=chimera-action:/... cmp=com.google.android.gms/.chimera.GmsBoundBrokerService }
05-17 00:58:19.505  1518  5110 E SurfaceSyncGroup: Failed to receive transaction ready in 1000ms. Marking SurfaceSyncGroup(wmsSync-VRI[InputMethod]#0) as ready
05-17 00:58:19.527  1518  5110 E SurfaceSyncGroup: Failed to receive transaction ready in 1000ms. Marking SurfaceSyncGroup(VRI[InputMethod]#1) as ready
05-17 00:58:19.527   614  1065 W ServiceManagerCppClient: Permission failure: android.permission.ROTATE_SURFACE_FLINGER from uid=10147 pid=0
05-17 00:58:19.529   614  1065 D PermissionCache: checking android.permission.ROTATE_SURFACE_FLINGER for uid=10147 => denied (2374 us)
05-17 00:58:19.531   614  1065 W ServiceManagerCppClient: Permission failure: android.permission.INTERNAL_SYSTEM_WINDOW from uid=10147 pid=0
05-17 00:58:19.540   614  1065 D PermissionCache: checking android.permission.INTERNAL_SYSTEM_WINDOW for uid=10147 => denied (9033 us)
05-17 00:58:19.542   614  1065 W ServiceManagerCppClient: Permission failure: android.permission.ACCESS_SURFACE_FLINGER from uid=10147 pid=0
05-17 00:58:19.563   614  1065 D PermissionCache: checking android.permission.ACCESS_SURFACE_FLINGER for uid=10147 => denied (8604 us)
05-17 00:58:19.599  4494  4494 D InsetsController: show(ime(), fromIme=true)
05-17 00:58:19.665  1518  1533 I OpenGLRenderer: Davey! duration=3578ms; Flags=1, FrameTimelineVsyncId=228518, IntendedVsync=991972310444, Vsync=993722310374, InputEventId=0, HandleInputStart=993754831300, AnimationStart=993755238900, PerformTraversalsStart=993755587900, DrawStart=994485623800, FrameDeadline=991988977110, FrameInterval=993738260600, FrameStartTime=16666666, SyncQueued=995061919100, SyncStart=995074412200, IssueDrawCommandsStart=995106262800, SwapBuffers=995518962100, FrameCompleted=995563500100, DequeueBufferDuration=148300, QueueBufferDuration=5837600, GpuCompleted=995563500100, SwapBuffersCompleted=995534879200, DisplayPresentTime=0, CommandSubmissionCompleted=995518962100, 
05-17 00:58:19.727  1518  1994 I SP      : Syncing kc_tflite_model (20220919) with slices: [{tflite-kc-en_us_secagg-20220805_235142, m:*:*:*, fg}], metadata: false
05-17 00:58:19.734   915   964 W Looper  : Slow delivery took 39ms wmshell.main h=android.os.Handler c=com.android.wm.shell.common.DisplayInsetsController$PerDisplay$DisplayWindowInsetsControllerImpl$$ExternalSyntheticLambda1@ba7f8 m=0
05-17 00:58:19.766   915   964 W Looper  : Slow dispatch took 31ms wmshell.main h=android.os.Handler c=com.android.wm.shell.pip.PinnedStackListenerForwarder$PinnedTaskListenerImpl$$ExternalSyntheticLambda2@dcb0f m=0
05-17 00:58:19.791  1518  1994 I SP      : GC for 'delight' (10) with ttl of 0 ms took 1 ms (1/0/0)
05-17 00:58:19.806  1518  1995 I CrankEngineLocales: CrankEngineLocales.getLocaleToUseForCrankEngine():66 Using locale en_US for emoji prediction
05-17 00:58:19.811  1518  5097 I AbstractSyncResultCallback: AbstractSyncResultCallback.onFailure():36 onFailure(): delight.sync cancelled; expected if new request supersedes pending one.
05-17 00:58:19.821  1518  1994 I SuperDelight: SuperDelightBundledSlicingStrategy.getSlices():39 BundledSlicing#getSlices() : Locale = [en_US]
05-17 00:58:19.826  1518  1994 I SuperDelight: SuperDelightBundledSlicingStrategy.getSlices():65 BundledSlicing#getSlices(): result {slices=[bundled_delight:main_en_us_2022051700_2], last batch=true, sync metadata=false}
05-17 00:58:19.831  1518  1994 I SP      : Syncing bundled_delight (2022101700) with slices: [main_en_us_2022051700_2], metadata: false
05-17 00:58:19.850  1518  1994 I AbstractSyncResultCallback: AbstractSyncResultCallback.onFailure():36 onFailure(): delight.sync cancelled; expected if new request supersedes pending one.
05-17 00:58:19.970  4494  4520 D EGL_emulation: app_time_stats: avg=403909.44ms min=5640.12ms max=802178.75ms count=2
05-17 00:58:20.030  3099  3099 D BoundBrokerSvc: onBind: Intent { act=com.google.android.gms.common.BIND_SHARED_PREFS pkg=com.google.android.gms }
05-17 00:58:20.031  3099  3099 D BoundBrokerSvc: Loading bound service for intent: Intent { act=com.google.android.gms.common.BIND_SHARED_PREFS pkg=com.google.android.gms }
05-17 00:58:20.078  4494  4526 E libEGL  : called unimplemented OpenGL ES API
05-17 00:58:20.114  4494  4526 D EGL_emulation: app_time_stats: avg=606.00ms min=324.67ms max=906.71ms count=3
05-17 00:58:20.135  3099  3099 D BoundBrokerSvc: onUnbind: Intent { act=com.google.android.gms.common.BIND_SHARED_PREFS pkg=com.google.android.gms }
05-17 00:58:20.163  1518  1518 W InputConnectionWrapper: InputConnectionWrapper.recordDuration():1451 IPC IC_GET_SURROUNDING_TEXT took 477 ms
05-17 00:58:20.182  1518  1994 I SP      : GC for 'kc_tflite_model' (10) with ttl of 0 ms took 23 ms (0/1/22)
05-17 00:58:20.330   614   666 W system_server: Long monitor contention with owner binder:614_14 (1842) at android.util.Pair com.android.server.am.ProcessList.getNumForegroundServices()(ProcessList.java:5416) waiters=0 in boolean com.android.server.am.BroadcastQueueModernImpl.lambda$new$0(android.os.Message) for 267ms
05-17 00:58:20.347   614   614 W FillRequestEventLogger: Shouldn't be logging AutofillFillRequestReported again for same event
05-17 00:58:20.430  1518  1763 I LstmExtension: LstmExtension.onCreate():110 onCreate(): Finished in 1 ms
05-17 00:58:20.442   614   614 W FillResponseEventLogger: Shouldn't be logging AutofillFillRequestReported again for same event
05-17 00:58:20.478  1518  1518 I NormalModeController: NormalModeController.getKeyboardBodyViewHolderPaddingBottom():116 currentPrimeKeyboardType:SOFT systemPaddingBottom:-1
05-17 00:58:20.511   614   655 W Looper  : Slow dispatch took 173ms android.ui h=com.android.server.am.ActivityManagerService$UiHandler c=com.android.server.am.UidObserverController$$ExternalSyntheticLambda0@8379b53 m=0
05-17 00:58:20.578   614   614 D AutofillSession: clearPendingIntentLocked
05-17 00:58:20.599   614   614 D AutofillInlineSuggestionsRequestSession: onInlineSuggestionsResponseLocked called for:1073741824:-640933252@1497054674
05-17 00:58:20.599  3099  3099 D BoundBrokerSvc: onBind: Intent { act=com.google.android.gms.common.BIND_SHARED_PREFS pkg=com.google.android.gms }
05-17 00:58:20.602  3099  3099 D BoundBrokerSvc: Loading bound service for intent: Intent { act=com.google.android.gms.common.BIND_SHARED_PREFS pkg=com.google.android.gms }
05-17 00:58:20.611   614   614 D AutofillInlineSuggestionsRequestSession: maybeNotifyFillUiEventLoked(): hasSuggestionToShow=false, mPreviousHasNonPinSuggestionShow=false
05-17 00:58:20.617   614   614 D AutofillInlineSuggestionsRequestSession: Send inline response: 0
05-17 00:58:20.627   614   614 W Looper  : Slow dispatch took 345ms main h=android.os.Handler c=com.android.server.autofill.RemoteFillService$$ExternalSyntheticLambda4@bea01d m=0
05-17 00:58:20.648   614   614 W Looper  : Slow delivery took 318ms main h=android.os.Handler c=com.android.server.statusbar.StatusBarManagerService$$ExternalSyntheticLambda1@9613292 m=0
05-17 00:58:20.675  1227  1227 V InlineSuggestionRenderService: handleDestroySuggestionViews called for 0:1497054674
05-17 00:58:20.695   614   655 W Looper  : Slow dispatch took 122ms android.ui h=com.android.server.am.ActivityManagerService$UiHandler c=com.android.server.am.UidObserverController$$ExternalSyntheticLambda0@8379b53 m=0
05-17 00:58:20.710  1518  5069 W JobInfoUtil: JobInfoUtil.setJobInfo():56 The max execution delay will be ignored for periodic task: daily_ping_task
05-17 00:58:20.730   614   655 D AutofillUI: destroySaveUiUiThread(): already destroyed
05-17 00:58:20.811   614   614 W system_server: Long monitor contention with owner binder:614_A (1065) at void com.android.server.am.ActivityManagerService.publishService(android.os.IBinder, android.content.Intent, android.os.IBinder)(ActivityManagerService.java:13444) waiters=0 in boolean com.android.server.am.ActivityManagerService.unbindService(android.app.IServiceConnection) for 123ms
05-17 00:58:20.817  3099  3099 D BoundBrokerSvc: onUnbind: Intent { act=com.google.android.gms.common.BIND_SHARED_PREFS pkg=com.google.android.gms }
05-17 00:58:20.843  1518  1994 I SuperDelight: SuperDelightDownloadMetadataParser.parse():185 SuperDelightDownloadMetadataParser#parse(delight): Manifest parsed with 885 packs
05-17 00:58:20.850  1518  1994 I AbstractSyncResultCallback: AbstractSyncResultCallback.onFailure():36 onFailure(): kc_tflite_model.sync cancelled; expected if new request supersedes pending one.
05-17 00:58:20.859  1518  5097 I SuperDelight: SuperDelightManager$2.onSuccess():635 delight sync success, adding to data file manager
05-17 00:58:20.863  1518  5097 I DataFileManager: DataFileManager.addDataWithoutNotify():162 data en-840 already exists
05-17 00:58:20.870  1518  5097 I DataFileManager: DataFileManager.addDataWithoutNotify():162 data en-US already exists
05-17 00:58:20.878  4494  4494 I Choreographer: Skipped 33 frames!  The application may be doing too much work on its main thread.
05-17 00:58:20.890  1518  5069 I JobSchedulerImpl: JobSchedulerImpl.schedule():91 Schedule task: daily_ping_task (id=-1305128564). Success.
05-17 00:58:20.918   915  1000 D EGL_emulation: app_time_stats: avg=134457.39ms min=27.53ms max=806449.12ms count=6
05-17 00:58:20.939  4494  4494 I ImeTracker: com.example.campusconnect:89a70b3e: onShown
05-17 00:58:20.953   614   614 W Looper  : Slow dispatch took 265ms main h=android.os.Handler c=com.android.internal.infra.ServiceConnector$Impl$$ExternalSyntheticLambda1@b2a2119 m=0
05-17 00:58:20.955  2907  2953 I IPCThreadState: oneway function results for code 1 on binder at 0x7f602218fce0 will be dropped but finished with status UNKNOWN_TRANSACTION and reply parcel size 80
05-17 00:58:20.963   614   655 W Looper  : Slow dispatch took 124ms android.ui h=com.android.server.am.ActivityManagerService$UiHandler c=com.android.server.am.UidObserverController$$ExternalSyntheticLambda0@8379b53 m=0
05-17 00:58:21.005   614   775 W InputDispatcher: Dispatching key to 6e976f2 com.example.campusconnect/com.example.campusconnect.MainActivity even though there are other unprocessed events
05-17 00:58:21.019  1518  1995 I CrankEngineLocales: CrankEngineLocales.getLocaleToUseForCrankEngine():66 Using locale en_US for emoji prediction
05-17 00:58:21.037  4494  4520 D EGL_emulation: app_time_stats: avg=352.34ms min=95.96ms max=609.30ms count=3
05-17 00:58:21.077   614   614 W Looper  : Drained
05-17 00:58:21.090  4494  4510 I OpenGLRenderer: Davey! duration=726ms; Flags=0, FrameTimelineVsyncId=229269, IntendedVsync=996322321362, Vsync=996872321274, InputEventId=3291014, HandleInputStart=996922722900, AnimationStart=996923027000, PerformTraversalsStart=996979973400, DrawStart=996982020200, FrameDeadline=996472310240, FrameInterval=996878126400, FrameStartTime=16666664, SyncQueued=996982166000, SyncStart=996983309200, IssueDrawCommandsStart=996983412100, SwapBuffers=996985902100, FrameCompleted=997050014200, DequeueBufferDuration=10309200, QueueBufferDuration=47505800, GpuCompleted=997035656400, SwapBuffersCompleted=997050014200, DisplayPresentTime=0, CommandSubmissionCompleted=996985902100, 
05-17 00:58:21.147  1518  1518 E InputConnectionWrapper: InputConnectionWrapper.waitForInputConnectionFutureInternal():1530 Failed to get the input connection call's result.
05-17 00:58:21.147  1518  1518 E InputConnectionWrapper: java.util.concurrent.TimeoutException: Waited 500 milliseconds (plus 2 milliseconds, 558100 nanoseconds delay) for muo@801e9c3[status=PENDING, info=[task=[running=[RUNNING ON ICWrapper-1], huw@ddc2240]]]
05-17 00:58:21.147  1518  1518 E InputConnectionWrapper: 	at mrp.get(PG:46)
05-17 00:58:21.147  1518  1518 E InputConnectionWrapper: 	at hvf.h(PG:1)
05-17 00:58:21.147  1518  1518 E InputConnectionWrapper: 	at hvf.w(PG:5)
05-17 00:58:21.147  1518  1518 E InputConnectionWrapper: 	at pgk.n(PG:6)
05-17 00:58:21.147  1518  1518 E InputConnectionWrapper: 	at hvo.z(PG:1)
05-17 00:58:21.147  1518  1518 E InputConnectionWrapper: 	at hvo.m(PG:1)
05-17 00:58:21.147  1518  1518 E InputConnectionWrapper: 	at hvo.p(PG:5)
05-17 00:58:21.147  1518  1518 E InputConnectionWrapper: 	at hvf.b(PG:14)
05-17 00:58:21.147  1518  1518 E InputConnectionWrapper: 	at dfg.onUpdateSelection(PG:5)
05-17 00:58:21.147  1518  1518 E InputConnectionWrapper: 	at android.inputmethodservice.InputMethodService$InputMethodSessionImpl.updateSelection(InputMethodService.java:1281)
05-17 00:58:21.147  1518  1518 E InputConnectionWrapper: 	at android.inputmethodservice.IInputMethodSessionWrapper.executeMessage(IInputMethodSessionWrapper.java:107)
05-17 00:58:21.147  1518  1518 E InputConnectionWrapper: 	at com.android.internal.os.HandlerCaller$MyHandler.handleMessage(HandlerCaller.java:44)
05-17 00:58:21.147  1518  1518 E InputConnectionWrapper: 	at android.os.Handler.dispatchMessage(Handler.java:106)
05-17 00:58:21.147  1518  1518 E InputConnectionWrapper: 	at android.os.Looper.loopOnce(Looper.java:205)
05-17 00:58:21.147  1518  1518 E InputConnectionWrapper: 	at android.os.Looper.loop(Looper.java:294)
05-17 00:58:21.147  1518  1518 E InputConnectionWrapper: 	at android.app.ActivityThread.main(ActivityThread.java:8177)
05-17 00:58:21.147  1518  1518 E InputConnectionWrapper: 	at java.lang.reflect.Method.invoke(Native Method)
05-17 00:58:21.147  1518  1518 E InputConnectionWrapper: 	at com.android.internal.os.RuntimeInit$MethodAndArgsCaller.run(RuntimeInit.java:552)
05-17 00:58:21.147  1518  1518 E InputConnectionWrapper: 	at com.android.internal.os.ZygoteInit.main(ZygoteInit.java:971)
05-17 00:58:21.153  1518  1518 W InputConnectionWrapper: InputConnectionWrapper.recordDuration():1451 IPC IC_GET_SURROUNDING_TEXT took 578 ms
05-17 00:58:21.212   915   915 D StatusBarIconController: ignoring old pipeline callback because the new wifi icon is enabled
05-17 00:58:21.250  4494  4526 E libEGL  : called unimplemented OpenGL ES API
05-17 00:58:21.258  4494  4526 D EGL_emulation: app_time_stats: avg=568.19ms min=353.10ms max=783.27ms count=2
05-17 00:58:21.319  1518  1518 I Choreographer: Skipped 190 frames!  The application may be doing too much work on its main thread.
05-17 00:58:21.353  4494  4494 I TextInputPlugin: Composing region changed by the framework. Restarting the input method.
05-17 00:58:21.453  1518  1518 I AndroidIME: KeyboardViewManager.saveKeyboardBottomGap():282 realScreenHeight: 0 screenHeightInInches: 5.571429
05-17 00:58:21.453  1518  1518 I AndroidIME: keyboardHolderHeight: 1008 navigationHeight: 168
05-17 00:58:21.453  1518  1518 I AndroidIME: getKeyboardBodyViewHolderPaddingBottom(): 0 getKeyboardBottomGapFromScreen(): 0
05-17 00:58:21.453  1518  1518 I AndroidIME: keyboardBottomGap: 168 bodyViewHolderBottomPadding: 0
05-17 00:58:21.453  1518  1518 I AndroidIME: decorViewStableInsetBottom: 168 updated: false
05-17 00:58:21.483  1518  1533 I OpenGLRenderer: Davey! duration=3326ms; Flags=0, FrameTimelineVsyncId=228831, IntendedVsync=994138982558, Vsync=997305648908, InputEventId=0, HandleInputStart=997324412400, AnimationStart=997324932800, PerformTraversalsStart=997326449300, DrawStart=997425009700, FrameDeadline=995588976966, FrameInterval=997319819900, FrameStartTime=16666665, SyncQueued=997431410600, SyncStart=997431773900, IssueDrawCommandsStart=997431981700, SwapBuffers=997434553400, FrameCompleted=997466094800, DequeueBufferDuration=80100, QueueBufferDuration=524400, GpuCompleted=997466094800, SwapBuffersCompleted=997446803200, DisplayPresentTime=0, CommandSubmissionCompleted=997434553400, 
05-17 00:58:21.495  1518  1518 W InputContextProxyV4: InputContextProxyV4.applyClientDiffInternal():897 Ignore [FetchSuggestions] diff due to stale request: 3<7, inputStateId=2, lastInputStateId=5
05-17 00:58:21.515  4494  4494 W RemoteInputConnectionImpl: getSurroundingText on inactive InputConnection
05-17 00:58:21.527  4494  4494 W RemoteInputConnectionImpl: getTextBeforeCursor on inactive InputConnection
05-17 00:58:21.580   915   928 I ndroid.systemui: Background concurrent copying GC freed 414822(19MB) AllocSpace objects, 0(0B) LOS objects, 49% free, 17MB/34MB, paused 1.180ms,182us total 311.800ms
05-17 00:58:21.584  4494  4494 W RemoteInputConnectionImpl: getSurroundingText on inactive InputConnection
05-17 00:58:21.587  4494  4494 W RemoteInputConnectionImpl: getTextBeforeCursor on inactive InputConnection
05-17 00:58:21.602  4494  4494 W RemoteInputConnectionImpl: getSurroundingText on inactive InputConnection
05-17 00:58:21.606  4494  4494 W RemoteInputConnectionImpl: getTextBeforeCursor on inactive InputConnection
05-17 00:58:21.610  4494  4494 W RemoteInputConnectionImpl: getSurroundingText on inactive InputConnection
05-17 00:58:21.623  4494  4494 W RemoteInputConnectionImpl: getTextBeforeCursor on inactive InputConnection
05-17 00:58:21.630  1518  1518 I LstmExtension: LstmExtension.onCreateServiceInternal():120 onCreateServiceInternal()
05-17 00:58:21.631  1518  1518 I LstmExtension: LstmExtension.onCreateServiceInternal():127 onCreateServiceInternal(): Finished in 1 ms
05-17 00:58:21.634  2907  2953 I FontLog : Received query Noto Color Emoji Compat, URI content://com.google.android.gms.fonts [CONTEXT service_id=132 ]
05-17 00:58:21.635  2907  2953 I FontLog : Query [Noto Color Emoji Compat] resolved to {Noto Color Emoji Compat, wdth 100.0, wght 400, ital 0.0, bestEffort false} [CONTEXT service_id=132 ]
05-17 00:58:21.642  4494  4494 W RemoteInputConnectionImpl: getSurroundingText on inactive InputConnection
05-17 00:58:21.647  4494  4494 W RemoteInputConnectionImpl: getTextBeforeCursor on inactive InputConnection
05-17 00:58:21.649  4494  4494 W RemoteInputConnectionImpl: getSurroundingText on inactive InputConnection
05-17 00:58:21.660  4494  4494 W RemoteInputConnectionImpl: getSurroundingText on inactive InputConnection
05-17 00:58:21.663  4494  4494 W RemoteInputConnectionImpl: getTextBeforeCursor on inactive InputConnection
05-17 00:58:21.666  4494  4494 W RemoteInputConnectionImpl: getSurroundingText on inactive InputConnection
05-17 00:58:21.669  4494  4494 W RemoteInputConnectionImpl: getSurroundingText on inactive InputConnection
05-17 00:58:21.672  4494  4494 W RemoteInputConnectionImpl: getTextBeforeCursor on inactive InputConnection
05-17 00:58:21.680  4494  4494 W RemoteInputConnectionImpl: getTextBeforeCursor on inactive InputConnection
05-17 00:58:21.682  4494  4494 W RemoteInputConnectionImpl: getSurroundingText on inactive InputConnection
05-17 00:58:21.704  1518  1518 I GoogleInputMethodService: GoogleInputMethodService.onStartInput():1877 onStartInput(EditorInfo{inputType=0x8001(Normal) imeOptions=0x2000006 privateImeOptions=null actionName=DONE actionLabel=null actionId=0 initialSelStart=5 initialSelEnd=5 initialCapsMode=0x0 hintText=null label=null packageName=com.example.campusconnect fieldId=1 fieldName=null extras=Bundle[mParcelledData.dataSize=168]}, true)
05-17 00:58:21.704  1518  1518 I GoogleInputMethodService: GoogleInputMethodService.shouldHideHeaderOnInitialState():4008 ShouldHideHeaderOnInitialState = false
05-17 00:58:21.706  1518  1518 I GoogleInputMethodService: GoogleInputMethodService.updateDeviceLockedStatus():2087 repeatCheckTimes = 2, unlocked = true
05-17 00:58:21.707  1518  1518 W SessionManager: SessionManager.beginSession():53 Try to begin an already begun session [INPUT_SESSION], end it first
05-17 00:58:21.708  1518  1518 W SessionManager: SessionManager.endSession():96 Child session [INPUT_VIEW_SESSION] is not ended while ending session [{TRAINING_CACHE_SESSION=1747443495040, INPUT_SESSION=1747443493883, IME_SESSION=1747443494629, INPUT_VIEW_SESSION=1747443494460}], ending it now.
05-17 00:58:21.709  1518  1518 W SessionManager: SessionManager.endSession():96 Child session [IME_SESSION] is not ended while ending session [{TRAINING_CACHE_SESSION=1747443495040, INPUT_SESSION=1747443493883, IME_SESSION=1747443494629, INPUT_VIEW_SESSION=1747443494460}], ending it now.
05-17 00:58:21.714  1518  1518 I GoogleInputMethodService: GoogleInputMethodService.onStartInputView():1995 onStartInputView(EditorInfo{inputType=0x8001(Normal) imeOptions=0x2000006 privateImeOptions=null actionName=DONE actionLabel=null actionId=0 initialSelStart=5 initialSelEnd=5 initialCapsMode=0x0 hintText=null label=null packageName=com.example.campusconnect fieldId=1 fieldName=null extras=Bundle[{androidx.core.view.inputmethod.EditorInfoCompat.STYLUS_HANDWRITING_ENABLED=true}]}, true)
05-17 00:58:21.717  1518  1518 I GoogleInputMethodService: GoogleInputMethodService.updateDeviceLockedStatus():2087 repeatCheckTimes = 2, unlocked = true
05-17 00:58:21.719  1518  1518 W ModuleManager: ModuleManager.loadModule():450 Module erj is not available
05-17 00:58:21.743  1518  1518 I InputContextChangeTracker: InputContextChangeTracker.fixLyingSelectionRangeFromSurroundingText():1497 fixLyingSelectionRangeFromSurroundingText(): [5, 5]([5, 5]) -> [8, 8]([8, 8])
05-17 00:58:21.751  2907  2953 I FontLog : Fetch {Noto Color Emoji Compat, wdth 100.0, wght 400, ital 0.0, bestEffort false} end status Status{statusCode=SUCCESS, resolution=null} [CONTEXT service_id=132 ]
05-17 00:58:21.755  1518  1763 I DeviceModeUtil: DeviceModeUtil.getDeviceMode():122 Get device mode phone by ui mode:1 and smallestScreenWidthDp:411
05-17 00:58:21.760  2907  2953 I FontLog : Pulling font file for id = 18, cache size = 7 [CONTEXT service_id=132 ]
05-17 00:58:21.762  1518  1518 I KeyboardViewUtil: KeyboardViewUtil.getKeyboardHeightRatio():189 systemKeyboardHeightRatio:1.000000; userKeyboardHeightRatio:1.000000.
05-17 00:58:21.822  1518  1518 W TooltipLifecycleManager: TooltipLifecycleManager.dismissTooltips():159 Tooltip with id spell_check_add_to_dictionary not found in tooltipManager.
05-17 00:58:21.825  1518  1518 I KeyboardWrapper: KeyboardWrapper.consumeEvent():275 Skip consuming an event as current keyboard is deactivated (state=0, keyboard existence=true)
05-17 00:58:21.826  1518  1518 I VoiceInputManagerWrapper: VoiceInputManagerWrapper.shutdown():77 shutdown()
05-17 00:58:21.831  1518  1518 I AndroidIME: AbstractIme.onDeactivate():207 LatinIme.onDeactivate()
05-17 00:58:21.832  1518  1518 W SessionManager: SessionManager.endSession():88 Try to end a not begun session [IME_SESSION].
05-17 00:58:21.833  1518  1518 I AndroidIME: AbstractIme.onActivate():86 LatinIme.onActivate() : EditorInfo = inputType=0x8001(Normal) imeOptions=0x2000006 privateImeOptions=null actionName=DONE actionLabel=null actionId=0 initialSelStart=5 initialSelEnd=5 initialCapsMode=0x0 hintText=null label=null packageName=com.example.campusconnect fieldId=1 fieldName=null extras=Bundle[{androidx.core.view.inputmethod.EditorInfoCompat.STYLUS_HANDWRITING_ENABLED=true}], IncognitoMode = false, DeviceLocked = false
05-17 00:58:21.835  1518  1518 I Delight5Facilitator: Delight5Facilitator.initializeForIme():777 initializeForIme() : Locale = [en_US], layout = qwerty
05-17 00:58:21.837  1518  1518 I VoiceInputManagerWrapper: VoiceInputManagerWrapper.cancelShutdown():55 cancelShutdown()
05-17 00:58:21.837  1518  1518 I VoiceInputManagerWrapper: VoiceInputManagerWrapper.syncLanguagePacks():67 syncLanguagePacks()
05-17 00:58:21.838  1518  5095 I SpeechFactory: SpeechRecognitionFactory.maybeScheduleAutoPackDownloadForFallback():205 maybeScheduleAutoPackDownloadForFallback()
05-17 00:58:21.838  1518  5095 I FallbackOnDeviceRecognitionProvider: FallbackOnDeviceRecognitionProvider.maybeScheduleAutoPackDownload():195 maybeScheduleAutoPackDownload() for language tag en-US
05-17 00:58:21.839  1518  1518 I LatinIme: LatinIme.updateEnableInlineSuggestionsOnDecoderSideFlags():1003 inline flag updated to:false
05-17 00:58:21.851  1518  1518 I KeyboardWrapper: KeyboardWrapper.consumeEvent():275 Skip consuming an event as current keyboard is deactivated (state=0, keyboard existence=true)
05-17 00:58:21.887  1518  1518 I KeyboardViewController: KeyboardViewController.lambda$showSelfAndAncestors$6():609 current view doesn't has the priority com.google.android.libraries.inputmethod.accesspoint.widget.AccessPointsBar{522e6a3 G.E...... ......I. 0,0-0,0 #7f0b0018 app:id/0_resource_name_obfuscated} to show itself, DEFAULT
05-17 00:58:21.889  1518  1518 I KeyboardViewUtil: KeyboardViewUtil.calculateMaxKeyboardBodyHeight():40 leave 473 height for app when screen height:2952, header height:154 and isFullscreenMode:false, so the max keyboard body height is:2325
05-17 00:58:21.889  1518  1526 I putmethod.latin: JIT allocated 106KB for compiled code of boolean drz.a(ikb, java.lang.Object[])
05-17 00:58:21.890  1518  1518 I DeviceModeUtil: DeviceModeUtil.getDeviceMode():122 Get device mode phone by ui mode:1 and smallestScreenWidthDp:411
05-17 00:58:21.891  1518  1526 I putmethod.latin: Compiler allocated 5216KB to compile boolean drz.a(ikb, java.lang.Object[])
05-17 00:58:21.891  1518  1518 I GoogleInputMethodService: GoogleInputMethodService.setKeyboardViewShown():3483 setKeyboardViewShown() : type = HEADER, shownType = SHOW_OPTIONAL
05-17 00:58:21.892  1518  1518 I GoogleInputMethodService: GoogleInputMethodService.setKeyboardViewShown():3530 setKeyboardViewShown() : shouldShow = true
05-17 00:58:21.892  1518  1518 I GoogleInputMethodService: GoogleInputMethodService.setKeyboardViewShown():3483 setKeyboardViewShown() : type = BODY, shownType = SHOW_MANDATORY
05-17 00:58:21.894  1518  1518 I GoogleInputMethodService: GoogleInputMethodService.setKeyboardViewShown():3530 setKeyboardViewShown() : shouldShow = true
05-17 00:58:21.895  1518  1518 I GoogleInputMethodService: GoogleInputMethodService.setKeyboardViewShown():3483 setKeyboardViewShown() : type = FLOATING_CANDIDATES, shownType = HIDE
05-17 00:58:21.896  1518  1518 I GoogleInputMethodService: GoogleInputMethodService.setKeyboardViewShown():3530 setKeyboardViewShown() : shouldShow = false
05-17 00:58:21.900  1518  1518 I KeyboardViewUtil: KeyboardViewUtil.calculateMaxKeyboardBodyHeight():40 leave 473 height for app when screen height:2952, header height:154 and isFullscreenMode:false, so the max keyboard body height is:2325
05-17 00:58:21.902  1518  1518 I DeviceModeUtil: DeviceModeUtil.getDeviceMode():122 Get device mode phone by ui mode:1 and smallestScreenWidthDp:411
05-17 00:58:21.905  1518  1518 I DeviceModeUtil: DeviceModeUtil.getDeviceMode():122 Get device mode phone by ui mode:1 and smallestScreenWidthDp:411
05-17 00:58:21.905  1518  1518 I KeyboardModeManager: KeyboardModeManager.setInputView():364 setInputView() : supportsOneHandedMode=true
05-17 00:58:21.906  1518  1518 I NormalModeController: NormalModeController.getKeyboardBodyViewHolderPaddingBottom():116 currentPrimeKeyboardType:SOFT systemPaddingBottom:-1
05-17 00:58:21.907  1518  1518 I NormalModeController: NormalModeController.getKeyboardBodyViewHolderPaddingBottom():116 currentPrimeKeyboardType:SOFT systemPaddingBottom:-1
05-17 00:58:21.909  1518  1518 I KeyboardModeManager: KeyboardModeManager.setInputView():356 setInputView() : entry=hwn{languageTag=en-US, variant=qwerty, hasLocalizedResources=true, conditionCacheKey=_device=phone_device_size=default_enable_adaptive_text_editing=true_enable_inline_suggestions_on_client_side=false_enable_large_tablet_batch_1=false_enable_large_tablet_batch_2=false_enable_more_candidates_view_for_multilingual=false_enable_nav_redesign=false_enable_number_row=false_enable_preemptive_decode=true_enable_secondary_symbols=false_expressions=normal_four_or_more_letter_rows=false_keyboard_mode=normal_language=en-US_orientation=portrait_physical_keyboard=qwerty_show_secondary_digits=true_show_suggestions=true_split_with_duplicate_keys=true_variant=qwerty, imeDef.stringId=ime_english_united_states, imeDef.className=com.google.android.apps.inputmethod.libs.latin5.LatinIme, imeDef.languageTag=en-US}
05-17 00:58:21.933   915  1000 D EGL_emulation: app_time_stats: avg=49.75ms min=7.18ms max=144.20ms count=18
05-17 00:58:21.940  1518  1518 I VoiceImeExtension: VoiceImeExtension.shouldStartVoiceInputAutomatically():383 No private IME option set to start voice input.
05-17 00:58:21.968  1518  2254 E native  : E0000 00:00:1747443501.968732    2254 keyboard.cc:27] Cannot create a keyboard with 0 valid keys
05-17 00:58:22.006  3099  3099 D BoundBrokerSvc: onBind: Intent { act=com.google.android.gms.common.BIND_SHARED_PREFS pkg=com.google.android.gms }
05-17 00:58:22.007  3099  3099 D BoundBrokerSvc: Loading bound service for intent: Intent { act=com.google.android.gms.common.BIND_SHARED_PREFS pkg=com.google.android.gms }
05-17 00:58:22.021  3099  3099 D BoundBrokerSvc: onUnbind: Intent { act=com.google.android.gms.common.BIND_SHARED_PREFS pkg=com.google.android.gms }
05-17 00:58:22.023  2907  2953 I FontLog : Pulling font file for id = 18, cache size = 7 [CONTEXT service_id=132 ]
05-17 00:58:22.165  1518  1518 W InputConnectionWrapper: InputConnectionWrapper.recordDuration():1451 IPC IC_GET_SURROUNDING_TEXT took 116 ms
05-17 00:58:22.166  4494  4494 I TextInputPlugin: Composing region changed by the framework. Restarting the input method.
05-17 00:58:22.181  1518  1518 I Choreographer: Skipped 31 frames!  The application may be doing too much work on its main thread.
05-17 00:58:22.181  4494  4494 W RemoteInputConnectionImpl: setComposingRegion on inactive InputConnection
05-17 00:58:22.269  4494  4526 E libEGL  : called unimplemented OpenGL ES API
05-17 00:58:22.310  4494  4526 D EGL_emulation: app_time_stats: avg=210.09ms min=82.39ms max=444.99ms count=5
05-17 00:58:22.383  4494  4494 W RemoteInputConnectionImpl: getSurroundingText on inactive InputConnection
05-17 00:58:22.420  4494  4494 W RemoteInputConnectionImpl: getTextBeforeCursor on inactive InputConnection
05-17 00:58:22.431  4494  4494 W RemoteInputConnectionImpl: getSurroundingText on inactive InputConnection
05-17 00:58:22.442  4494  4494 W RemoteInputConnectionImpl: getTextBeforeCursor on inactive InputConnection
05-17 00:58:22.451  4494  4494 W RemoteInputConnectionImpl: getSurroundingText on inactive InputConnection
05-17 00:58:22.455  4494  4494 W RemoteInputConnectionImpl: getTextBeforeCursor on inactive InputConnection
05-17 00:58:22.458  4494  4494 W RemoteInputConnectionImpl: getSurroundingText on inactive InputConnection
05-17 00:58:22.461  4494  4494 W RemoteInputConnectionImpl: getSurroundingText on inactive InputConnection
05-17 00:58:22.465  4494  4494 W RemoteInputConnectionImpl: getTextBeforeCursor on inactive InputConnection
05-17 00:58:22.470  4494  4494 W RemoteInputConnectionImpl: getTextBeforeCursor on inactive InputConnection
05-17 00:58:22.543  4494  4494 W RemoteInputConnectionImpl: getSurroundingText on inactive InputConnection
05-17 00:58:22.550  1518  1905 D EGL_emulation: app_time_stats: avg=1006.65ms min=312.99ms max=1916.53ms count=3
05-17 00:58:22.603  1518  1533 I OpenGLRenderer: Davey! duration=942ms; Flags=0, FrameTimelineVsyncId=229523, IntendedVsync=997655643550, Vsync=998172310196, InputEventId=0, HandleInputStart=998181847600, AnimationStart=998181903400, PerformTraversalsStart=998182516100, DrawStart=998360550500, FrameDeadline=997672310216, FrameInterval=998181224100, FrameStartTime=16666666, SyncQueued=998371374900, SyncStart=998371740400, IssueDrawCommandsStart=998372064100, SwapBuffers=998495238000, FrameCompleted=998598308300, DequeueBufferDuration=211100, QueueBufferDuration=23176900, GpuCompleted=998550176300, SwapBuffersCompleted=998598308300, DisplayPresentTime=0, CommandSubmissionCompleted=998495238000, 
05-17 00:58:22.614  1518  1994 I SP      : GC for 'kc_tflite_model' (10) with ttl of 0 ms took 86 ms (0/86/0)
05-17 00:58:22.835  4494  4494 W RemoteInputConnectionImpl: getTextBeforeCursor on inactive InputConnection
05-17 00:58:22.869  1518  1518 W InputConnectionWrapper: InputConnectionWrapper.recordDuration():1451 IPC IC_GET_TEXT_BEFORE_CURSOR took 258 ms
05-17 00:58:22.966  4494  4494 W RemoteInputConnectionImpl: getTextBeforeCursor on inactive InputConnection
05-17 00:58:23.029  4494  4494 W RemoteInputConnectionImpl: getSurroundingText on inactive InputConnection
05-17 00:58:23.178  4494  4494 W RemoteInputConnectionImpl: getTextBeforeCursor on inactive InputConnection
05-17 00:58:23.186  1518  1518 W InputConnectionWrapper: InputConnectionWrapper.recordDuration():1451 IPC IC_GET_TEXT_BEFORE_CURSOR took 127 ms
05-17 00:58:23.230  4494  4494 W RemoteInputConnectionImpl: getSurroundingText on inactive InputConnection
05-17 00:58:23.250  1518  2189 I native  : I0000 00:00:1747443503.250799    2189 input-context-store.cc:255] Ignoring stale client request for FetchSuggestions
05-17 00:58:23.260  4494  4494 W RemoteInputConnectionImpl: getTextBeforeCursor on inactive InputConnection
05-17 00:58:23.261  1518  2189 I Delight5Decoder: Delight5DecoderWrapper.setKeyboardLayout():457 setKeyboardLayout()
05-17 00:58:23.343  1518  1518 I NormalModeController: NormalModeController.getKeyboardBodyViewHolderPaddingBottom():116 currentPrimeKeyboardType:SOFT systemPaddingBottom:-1
05-17 00:58:23.365  1518  1994 I AbstractSyncResultCallback: AbstractSyncResultCallback.onFailure():36 onFailure(): kc_tflite_model.sync cancelled; expected if new request supersedes pending one.
05-17 00:58:23.383  1518  1994 I SP      : GC for 'bundled_delight' (10) with ttl of 0 ms took 1 ms (1/0/0)
05-17 00:58:23.395  1518  1994 I LmManager: LmManager$1.onFailure():81 Bundled delight sync failed
05-17 00:58:23.395  1518  1994 I LmManager: java.util.concurrent.CancellationException: Task was cancelled.
05-17 00:58:23.395  1518  1994 I LmManager: 	at mrp.s(PG:3)
05-17 00:58:23.395  1518  1994 I LmManager: 	at mrp.get(PG:4)
05-17 00:58:23.395  1518  1994 I LmManager: 	at mgr.Q(PG:1)
05-17 00:58:23.395  1518  1994 I LmManager: 	at mfu.V(PG:2)
05-17 00:58:23.395  1518  1994 I LmManager: 	at mtg.run(PG:4)
05-17 00:58:23.395  1518  1994 I LmManager: 	at msq.execute(PG:1)
05-17 00:58:23.395  1518  1994 I LmManager: 	at mrp.q(PG:1)
05-17 00:58:23.395  1518  1994 I LmManager: 	at mrp.k(PG:12)
05-17 00:58:23.395  1518  1994 I LmManager: 	at mrp.p(PG:5)
05-17 00:58:23.395  1518  1994 I LmManager: 	at msm.c(PG:2)
05-17 00:58:23.395  1518  1994 I LmManager: 	at mso.e(PG:2)
05-17 00:58:23.395  1518  1994 I LmManager: 	at mtr.run(PG:8)
05-17 00:58:23.395  1518  1994 I LmManager: 	at java.util.concurrent.Executors$RunnableAdapter.call(Executors.java:487)
05-17 00:58:23.395  1518  1994 I LmManager: 	at java.util.concurrent.FutureTask.run(FutureTask.java:264)
05-17 00:58:23.395  1518  1994 I LmManager: 	at hbs.run(PG:2)
05-17 00:58:23.395  1518  1994 I LmManager: 	at java.util.concurrent.ThreadPoolExecutor.runWorker(ThreadPoolExecutor.java:1145)
05-17 00:58:23.395  1518  1994 I LmManager: 	at java.util.concurrent.ThreadPoolExecutor$Worker.run(ThreadPoolExecutor.java:644)
05-17 00:58:23.395  1518  1994 I LmManager: 	at java.lang.Thread.run(Thread.java:1012)
05-17 00:58:23.395  1518  1994 I LmManager: 	at hbf.run(PG:2)
05-17 00:58:23.415  1518  1994 I SuperDelight: SuperDelightMergingStrategy.merge():55 SuperDelightMergingStrategy#merge(): selected[[main_en_840_2022102600_1, main_en_us_2022101700_1]] synced[[main_en_840_2022102600_1]]
05-17 00:58:23.442  1518  1994 I AbstractSyncResultCallback: AbstractSyncResultCallback.onFailure():36 onFailure(): bundled_delight.sync cancelled; expected if new request supersedes pending one.
05-17 00:58:23.446  1518  1994 I SP      : Sync for delight succeeded in 7069 ms: no changes
05-17 00:58:23.467  4494  4494 W RemoteInputConnectionImpl: getSurroundingText on inactive InputConnection
05-17 00:58:23.485  4494  4526 E libEGL  : called unimplemented OpenGL ES API
05-17 00:58:23.487  3099  3099 D BoundBrokerSvc: onBind: Intent { act=com.google.android.gms.common.BIND_SHARED_PREFS pkg=com.google.android.gms }
05-17 00:58:23.490  3099  3099 D BoundBrokerSvc: Loading bound service for intent: Intent { act=com.google.android.gms.common.BIND_SHARED_PREFS pkg=com.google.android.gms }
05-17 00:58:23.501  4494  4494 W RemoteInputConnectionImpl: getTextBeforeCursor on inactive InputConnection
05-17 00:58:23.508  4494  4526 D EGL_emulation: app_time_stats: avg=399.02ms min=330.12ms max=500.37ms count=3
05-17 00:58:23.531  4494  4494 W RemoteInputConnectionImpl: getSurroundingText on inactive InputConnection
05-17 00:58:23.554  4494  4494 W RemoteInputConnectionImpl: getTextBeforeCursor on inactive InputConnection
05-17 00:58:23.615   614  1065 W system_server: Long monitor contention with owner binder:614_14 (1842) at int com.android.server.am.ActivityManagerService.bindServiceInstance(android.app.IApplicationThread, android.os.IBinder, android.content.Intent, java.lang.String, android.app.IServiceConnection, long, java.lang.String, boolean, int, java.lang.String, android.app.IApplicationThread, java.lang.String, int)(ActivityManagerService.java:13404) waiters=1 in void com.android.server.am.ActivityManagerService.serviceDoneExecuting(android.os.IBinder, int, int, int) for 126ms
05-17 00:58:23.678  4494  4494 W RemoteInputConnectionImpl: getTextBeforeCursor on inactive InputConnection
05-17 00:58:23.703  3099  3099 D BoundBrokerSvc: onUnbind: Intent { act=com.google.android.gms.common.BIND_SHARED_PREFS pkg=com.google.android.gms }
05-17 00:58:23.719  1518  1518 I GoogleInputMethodService: GoogleInputMethodService.onStartInput():1877 onStartInput(EditorInfo{inputType=0x8001(Normal) imeOptions=0x2000006 privateImeOptions=null actionName=DONE actionLabel=null actionId=0 initialSelStart=7 initialSelEnd=7 initialCapsMode=0x0 hintText=null label=null packageName=com.example.campusconnect fieldId=1 fieldName=null extras=Bundle[mParcelledData.dataSize=168]}, true)
05-17 00:58:23.734  1518  1518 I GoogleInputMethodService: GoogleInputMethodService.shouldHideHeaderOnInitialState():4008 ShouldHideHeaderOnInitialState = false
05-17 00:58:23.750  1518  1518 I GoogleInputMethodService: GoogleInputMethodService.updateDeviceLockedStatus():2087 repeatCheckTimes = 2, unlocked = true
05-17 00:58:23.762  1518  1518 W SessionManager: SessionManager.beginSession():53 Try to begin an already begun session [INPUT_SESSION], end it first
05-17 00:58:23.766  1518  1518 W SessionManager: SessionManager.endSession():96 Child session [INPUT_VIEW_SESSION] is not ended while ending session [{TRAINING_CACHE_SESSION=1747443501834, INPUT_SESSION=1747443501710, IME_SESSION=1747443501833, INPUT_VIEW_SESSION=1747443501715}], ending it now.
05-17 00:58:23.799  1518  1518 W SessionManager: SessionManager.endSession():96 Child session [IME_SESSION] is not ended while ending session [{TRAINING_CACHE_SESSION=1747443501834, INPUT_SESSION=1747443501710, IME_SESSION=1747443501833, INPUT_VIEW_SESSION=1747443501715}], ending it now.
05-17 00:58:23.826  1518  1518 I GoogleInputMethodService: GoogleInputMethodService.onStartInputView():1995 onStartInputView(EditorInfo{inputType=0x8001(Normal) imeOptions=0x2000006 privateImeOptions=null actionName=DONE actionLabel=null actionId=0 initialSelStart=7 initialSelEnd=7 initialCapsMode=0x0 hintText=null label=null packageName=com.example.campusconnect fieldId=1 fieldName=null extras=Bundle[{androidx.core.view.inputmethod.EditorInfoCompat.STYLUS_HANDWRITING_ENABLED=true}]}, true)
05-17 00:58:23.831  1518  1518 I GoogleInputMethodService: GoogleInputMethodService.updateDeviceLockedStatus():2087 repeatCheckTimes = 2, unlocked = true
05-17 00:58:23.834  1518  1518 W ModuleManager: ModuleManager.loadModule():450 Module erj is not available
05-17 00:58:23.842  1518  1763 I DeviceModeUtil: DeviceModeUtil.getDeviceMode():122 Get device mode phone by ui mode:1 and smallestScreenWidthDp:411
05-17 00:58:23.863  1518  1518 I InputContextChangeTracker: InputContextChangeTracker.fixLyingSelectionRangeFromSurroundingText():1497 fixLyingSelectionRangeFromSurroundingText(): [7, 7]([7, 7]) -> [3, 3]([3, 3])
05-17 00:58:23.933  1518  1994 I SP      : Sync for emoji succeeded in 7521 ms: no changes
05-17 00:58:23.950  1518  5098 I SuperDelight: SuperDelightManager$2.onSuccess():635 bundled_delight sync success, adding to data file manager
05-17 00:58:23.953  1518  1518 I KeyboardViewUtil: KeyboardViewUtil.getKeyboardHeightRatio():189 systemKeyboardHeightRatio:1.000000; userKeyboardHeightRatio:1.000000.
05-17 00:58:23.957  1518  1518 W TooltipLifecycleManager: TooltipLifecycleManager.dismissTooltips():159 Tooltip with id spell_check_add_to_dictionary not found in tooltipManager.
05-17 00:58:23.962  1518  5098 I DataFileManager: DataFileManager.removeDataWithoutNotify():199 removing data en-US bundled_delight
05-17 00:58:23.966  1518  1994 I SP      : GC for 'delight' (10) with ttl of 0 ms took 1 ms (0/0/1)
05-17 00:58:23.973  1518  1994 I SP      : Sync for bundled_emoji succeeded in 7088 ms: no changes
05-17 00:58:23.977  1518  1994 I SP      : GC for 'emoji' (10) with ttl of 0 ms took 0 ms (0/0/0)
05-17 00:58:24.018  1518  1518 I KeyboardWrapper: KeyboardWrapper.consumeEvent():275 Skip consuming an event as current keyboard is deactivated (state=0, keyboard existence=true)
05-17 00:58:24.027  1518  1518 I VoiceInputManagerWrapper: VoiceInputManagerWrapper.shutdown():77 shutdown()
