05-17 00:47:50.247   614  2388 I ExplicitHealthCheckController: Explicit health check supported packages [PackageConfig{com.google.android.networkstack, 86400000}]
05-17 00:47:50.253   614  2388 D PackageWatchdog: Received supported packages [PackageConfig{com.google.android.networkstack, 86400000}]
05-17 00:47:50.257   614   744 D CompatibilityChangeReporter: Compat change id reported: 262645982; UID 10132; state: DISABLED
05-17 00:47:50.260   614   744 D CompatibilityChangeReporter: Compat change id reported: 218533173; UID 10087; state: ENABLED
05-17 00:47:50.261   614   744 D CompatibilityChangeReporter: Compat change id reported: 262645982; UID 10087; state: ENABLED
05-17 00:47:50.262   614   744 D CompatibilityChangeReporter: Compat change id reported: 218533173; UID 10125; state: ENABLED
05-17 00:47:50.265   614   744 D CompatibilityChangeReporter: Compat change id reported: 262645982; UID 10125; state: ENABLED
05-17 00:47:50.274   614  2880 I ExplicitHealthCheckController: Explicit health check service is unbound
05-17 00:47:50.275   614  2388 I ExplicitHealthCheckController: Service not ready to get health check requested packages. Binding...
05-17 00:47:50.277   614   744 D CompatibilityChangeReporter: Compat change id reported: 218533173; UID 10085; state: ENABLED
05-17 00:47:50.278   614   744 D CompatibilityChangeReporter: Compat change id reported: 262645982; UID 10085; state: ENABLED
05-17 00:47:50.284   614   744 D CompatibilityChangeReporter: Compat change id reported: 218533173; UID 10131; state: ENABLED
05-17 00:47:50.285   614   744 D CompatibilityChangeReporter: Compat change id reported: 262645982; UID 10131; state: ENABLED
05-17 00:47:50.288   614   744 D CompatibilityChangeReporter: Compat change id reported: 218533173; UID 10129; state: ENABLED
05-17 00:47:50.289   614   744 D CompatibilityChangeReporter: Compat change id reported: 262645982; UID 10129; state: DISABLED
05-17 00:47:50.293   614   744 D CompatibilityChangeReporter: Compat change id reported: 218533173; UID 10183; state: ENABLED
05-17 00:47:50.294   614   744 D CompatibilityChangeReporter: Compat change id reported: 262645982; UID 10183; state: ENABLED
05-17 00:47:50.296   614  2388 I ExplicitHealthCheckController: Explicit health check service is bound
05-17 00:47:50.302   614   614 I ExplicitHealthCheckController: Explicit health check service is connected ComponentInfo{com.google.android.ext.services/android.ext.services.watchdog.ExplicitHealthCheckServiceImpl}
05-17 00:47:50.302   614   614 I ExplicitHealthCheckController: Service initialized, syncing requests
05-17 00:47:50.305   614   614 I PackageWatchdog: Syncing health check requests for packages: {}
05-17 00:47:50.312   614   614 D ExplicitHealthCheckController: Getting health check supported packages
05-17 00:47:50.313   614   744 D CompatibilityChangeReporter: Compat change id reported: 218533173; UID 10139; state: ENABLED
05-17 00:47:50.314   614   744 D CompatibilityChangeReporter: Compat change id reported: 262645982; UID 10139; state: ENABLED
05-17 00:47:50.316   614   639 I ExplicitHealthCheckController: Explicit health check supported packages [PackageConfig{com.google.android.networkstack, 86400000}]
05-17 00:47:50.317   614   639 D PackageWatchdog: Received supported packages [PackageConfig{com.google.android.networkstack, 86400000}]
05-17 00:47:50.318   614   639 D ExplicitHealthCheckController: Getting health check requested packages
05-17 00:47:50.319   614   639 I ExplicitHealthCheckController: Explicit health check requested packages []
05-17 00:47:50.321   614   639 I ExplicitHealthCheckController: No more health check requests, unbinding...
05-17 00:47:50.327   614   639 I ExplicitHealthCheckController: Explicit health check service is unbound
05-17 00:47:50.336   614   744 D CompatibilityChangeReporter: Compat change id reported: 218533173; UID 10153; state: ENABLED
05-17 00:47:50.342   614   744 D CompatibilityChangeReporter: Compat change id reported: 218533173; UID 10127; state: ENABLED
05-17 00:47:50.342   614   744 D CompatibilityChangeReporter: Compat change id reported: 262645982; UID 10127; state: ENABLED
05-17 00:47:50.344   614   744 D CompatibilityChangeReporter: Compat change id reported: 218533173; UID 10142; state: ENABLED
05-17 00:47:50.351   614   744 D CompatibilityChangeReporter: Compat change id reported: 262645982; UID 10142; state: DISABLED
05-17 00:47:50.353   614   744 D CompatibilityChangeReporter: Compat change id reported: 218533173; UID 10194; state: ENABLED
05-17 00:47:50.354   614   744 D CompatibilityChangeReporter: Compat change id reported: 262645982; UID 10194; state: ENABLED
05-17 00:47:50.361   614   744 D CompatibilityChangeReporter: Compat change id reported: 218533173; UID 10177; state: ENABLED
05-17 00:47:50.362   614   744 D CompatibilityChangeReporter: Compat change id reported: 262645982; UID 10177; state: ENABLED
05-17 00:47:50.367   614   762 I RescueParty: Starting to observe: [com.google.android.apps.nexuslauncher], updated namespace: launcher
05-17 00:47:50.368   614   665 I PackageWatchdog: Syncing state, reason: observing new packages
05-17 00:47:50.373   614   614 I PackageWatchdog: Syncing health check requests for packages: {}
05-17 00:47:50.374   614   614 I ExplicitHealthCheckController: Service not ready to get health check supported packages. Binding...
05-17 00:47:50.377   614   744 D CompatibilityChangeReporter: Compat change id reported: 218533173; UID 10106; state: ENABLED
05-17 00:47:50.383   614   744 D CompatibilityChangeReporter: Compat change id reported: 262645982; UID 10106; state: ENABLED
05-17 00:47:50.390  1198  1198 I ActivityThread: Schedule relaunch activity: com.google.android.apps.nexuslauncher.NexusLauncherActivity
05-17 00:47:50.391   614   614 I ExplicitHealthCheckController: Explicit health check service is bound
05-17 00:47:50.394   614   665 D PackageWatchdog: rescue-party-observer added the following packages to monitor [com.google.android.apps.nexuslauncher]
05-17 00:47:50.396   614   665 I PackageWatchdog: Syncing state, reason: updated observers
05-17 00:47:50.399   614   614 I PackageWatchdog: Syncing health check requests for packages: {}
05-17 00:47:50.402   614   614 I ExplicitHealthCheckController: Service not ready to get health check supported packages. Binding...
05-17 00:47:50.403   614   614 I ExplicitHealthCheckController: Not binding to service, service already connecting
05-17 00:47:50.406   614   614 I ExplicitHealthCheckController: Explicit health check service is connected ComponentInfo{com.google.android.ext.services/android.ext.services.watchdog.ExplicitHealthCheckServiceImpl}
05-17 00:47:50.408   614   614 I ExplicitHealthCheckController: Service initialized, syncing requests
05-17 00:47:50.410   614   614 I PackageWatchdog: Syncing health check requests for packages: {}
05-17 00:47:50.411   614   614 D ExplicitHealthCheckController: Getting health check supported packages
05-17 00:47:50.414   614   665 I PackageWatchdog: Saving observer state to file
05-17 00:47:50.415   614   744 D CompatibilityChangeReporter: Compat change id reported: 218533173; UID 10121; state: ENABLED
05-17 00:47:50.417   614  1587 I ExplicitHealthCheckController: Explicit health check supported packages [PackageConfig{com.google.android.networkstack, 86400000}]
05-17 00:47:50.418   614   744 D CompatibilityChangeReporter: Compat change id reported: 262645982; UID 10121; state: ENABLED
05-17 00:47:50.425  1198  1198 D b/254119092: clearActivity
05-17 00:47:50.425  1198  1198 D b/254119092: mActivity and mContext agree taskbarIsPresent=false
05-17 00:47:50.430   614   744 D CompatibilityChangeReporter: Compat change id reported: 218533173; UID 10180; state: ENABLED
05-17 00:47:50.436   614   744 D CompatibilityChangeReporter: Compat change id reported: 262645982; UID 10180; state: ENABLED
05-17 00:47:50.442   614   744 D CompatibilityChangeReporter: Compat change id reported: 218533173; UID 10150; state: ENABLED
05-17 00:47:50.443   614  1587 D PackageWatchdog: Received supported packages [PackageConfig{com.google.android.networkstack, 86400000}]
05-17 00:47:50.446   614  1587 D ExplicitHealthCheckController: Getting health check requested packages
05-17 00:47:50.450   614   744 D CompatibilityChangeReporter: Compat change id reported: 262645982; UID 10150; state: ENABLED
05-17 00:47:50.452   614   744 D CompatibilityChangeReporter: Compat change id reported: 218533173; UID 10095; state: ENABLED
05-17 00:47:50.456   614  2388 I ExplicitHealthCheckController: Explicit health check requested packages []
05-17 00:47:50.458  1198  1198 W WindowOnBackDispatcher: sendCancelIfRunning: isInProgress=falsecallback=android.view.ViewRootImpl$$ExternalSyntheticLambda17@6df0b14
05-17 00:47:50.458   614  2388 I ExplicitHealthCheckController: No more health check requests, unbinding...
05-17 00:47:50.461   614   744 D CompatibilityChangeReporter: Compat change id reported: 262645982; UID 10095; state: ENABLED
05-17 00:47:50.464   614   639 D CoreBackPreview: Window{1c31 u0 com.google.android.apps.nexuslauncher/com.google.android.apps.nexuslauncher.NexusLauncherActivity}: Setting back callback null
05-17 00:47:50.469   614   744 D CompatibilityChangeReporter: Compat change id reported: 262645982; UID 10128; state: ENABLED
05-17 00:47:50.473   614  2388 I ExplicitHealthCheckController: Explicit health check service is unbound
05-17 00:47:50.477   614   744 D CompatibilityChangeReporter: Compat change id reported: 218533173; UID 10149; state: ENABLED
05-17 00:47:50.483   614   744 D CompatibilityChangeReporter: Compat change id reported: 262645982; UID 10149; state: DISABLED
05-17 00:47:50.489   614   744 D CompatibilityChangeReporter: Compat change id reported: 218533173; UID 10082; state: ENABLED
05-17 00:47:50.490  1198  1198 D AutofillManager: view is not autofillable - activity denied for autofill
05-17 00:47:50.497   614   744 D CompatibilityChangeReporter: Compat change id reported: 262645982; UID 10082; state: ENABLED
05-17 00:47:50.503   614  1587 D SearchUiPerUserService: Removing callback for session Id=com.google.android.apps.nexuslauncher:cea77d6d-507e-447b-9307-6be0f99040ce,0 and callback=android.os.BinderProxy@c1f4065
05-17 00:47:50.507   614   744 D CompatibilityChangeReporter: Compat change id reported: 218533173; UID 10124; state: ENABLED
05-17 00:47:50.510   614   744 D CompatibilityChangeReporter: Compat change id reported: 262645982; UID 10124; state: DISABLED
05-17 00:47:50.521   614   744 D CompatibilityChangeReporter: Compat change id reported: 218533173; UID 10099; state: ENABLED
05-17 00:47:50.525   614  2880 D SearchUiPerUserService: Removing all callbacks for session Id=com.google.android.apps.nexuslauncher:cea77d6d-507e-447b-9307-6be0f99040ce,0 and 0 callbacks.
05-17 00:47:50.529   614   744 D CompatibilityChangeReporter: Compat change id reported: 262645982; UID 10099; state: ENABLED
05-17 00:47:50.536   614  2880 W InputManager-JNI: Input channel object '1c31 com.google.android.apps.nexuslauncher/com.google.android.apps.nexuslauncher.NexusLauncherActivity (client)' was disposed without first being removed with the input manager!
05-17 00:47:50.550   614   744 D CompatibilityChangeReporter: Compat change id reported: 218533173; UID 10188; state: ENABLED
05-17 00:47:50.552   614   744 D CompatibilityChangeReporter: Compat change id reported: 262645982; UID 10188; state: ENABLED
05-17 00:47:50.569   614   744 D CompatibilityChangeReporter: Compat change id reported: 218533173; UID 10118; state: ENABLED
05-17 00:47:50.571   614   744 D CompatibilityChangeReporter: Compat change id reported: 262645982; UID 10118; state: ENABLED
05-17 00:47:50.579   614   744 D CompatibilityChangeReporter: Compat change id reported: 218533173; UID 10161; state: ENABLED
05-17 00:47:50.595   614   744 D CompatibilityChangeReporter: Compat change id reported: 262645982; UID 10161; state: ENABLED
05-17 00:47:50.603  1198  1198 W WindowOnBackDispatcher: OnBackInvokedCallback is not enabled for the application.
05-17 00:47:50.603  1198  1198 W WindowOnBackDispatcher: Set 'android:enableOnBackInvokedCallback="true"' in the application manifest.
05-17 00:47:50.614   614   744 D CompatibilityChangeReporter: Compat change id reported: 218533173; UID 10116; state: ENABLED
05-17 00:47:50.615   614   744 D CompatibilityChangeReporter: Compat change id reported: 262645982; UID 10116; state: DISABLED
05-17 00:47:50.637   614   762 I RescueParty: Starting to observe: [android], updated namespace: companion
05-17 00:47:50.646   614   665 I PackageWatchdog: Syncing state, reason: observing new packages
05-17 00:47:50.647   614   665 D PackageWatchdog: rescue-party-observer added the following packages to monitor [android]
05-17 00:47:50.647   614   665 I PackageWatchdog: Syncing state, reason: updated observers
05-17 00:47:50.648   614   665 I PackageWatchdog: Saving observer state to file
05-17 00:47:50.678   614   614 I PackageWatchdog: Syncing health check requests for packages: {}
05-17 00:47:50.678   614   614 I ExplicitHealthCheckController: Service not ready to get health check supported packages. Binding...
05-17 00:47:50.680   614   762 I RescueParty: Starting to observe: [android], updated namespace: package_manager_service
05-17 00:47:50.683   614   665 I PackageWatchdog: Syncing state, reason: observing new packages
05-17 00:47:50.683   614   665 D PackageWatchdog: rescue-party-observer added the following packages to monitor [android]
05-17 00:47:50.683   614   665 I PackageWatchdog: Syncing state, reason: updated observers
05-17 00:47:50.686   614   665 I PackageWatchdog: Saving observer state to file
05-17 00:47:50.687   614   614 I ExplicitHealthCheckController: Explicit health check service is bound
05-17 00:47:50.711   614   614 I PackageWatchdog: Syncing health check requests for packages: {}
05-17 00:47:50.711   614   614 I ExplicitHealthCheckController: Service not ready to get health check supported packages. Binding...
05-17 00:47:50.719   614   614 I ExplicitHealthCheckController: Not binding to service, service already connecting
05-17 00:47:50.722   614   614 I ExplicitHealthCheckController: Explicit health check service is connected ComponentInfo{com.google.android.ext.services/android.ext.services.watchdog.ExplicitHealthCheckServiceImpl}
05-17 00:47:50.732   614   614 I ExplicitHealthCheckController: Service initialized, syncing requests
05-17 00:47:50.733   614   614 I PackageWatchdog: Syncing health check requests for packages: {}
05-17 00:47:50.734   614   614 D ExplicitHealthCheckController: Getting health check supported packages
05-17 00:47:50.736   614  1587 I ExplicitHealthCheckController: Explicit health check supported packages [PackageConfig{com.google.android.networkstack, 86400000}]
05-17 00:47:50.737   614  1587 D PackageWatchdog: Received supported packages [PackageConfig{com.google.android.networkstack, 86400000}]
05-17 00:47:50.739   614  1587 D ExplicitHealthCheckController: Getting health check requested packages
05-17 00:47:50.746   614  1587 I ExplicitHealthCheckController: Explicit health check requested packages []
05-17 00:47:50.749   614  1587 I ExplicitHealthCheckController: No more health check requests, unbinding...
05-17 00:47:50.763   614  1587 I ExplicitHealthCheckController: Explicit health check service is unbound
05-17 00:47:50.773   614   762 I RescueParty: Starting to observe: [android, com.google.android.permissioncontroller, com.android.settings, com.android.systemui], updated namespace: privacy
05-17 00:47:50.777   614   665 I PackageWatchdog: Syncing state, reason: observing new packages
05-17 00:47:50.785   614   665 D PackageWatchdog: rescue-party-observer added the following packages to monitor [android, com.google.android.permissioncontroller, com.android.settings, com.android.systemui]
05-17 00:47:50.785   614   665 I PackageWatchdog: Syncing state, reason: updated observers
05-17 00:47:50.787   614   665 I PackageWatchdog: Saving observer state to file
05-17 00:47:50.819   614   614 I PackageWatchdog: Syncing health check requests for packages: {}
05-17 00:47:50.819   614   614 I ExplicitHealthCheckController: Service not ready to get health check supported packages. Binding...
05-17 00:47:50.850   614   614 D OomAdjuster: Not killing cached processes
05-17 00:47:50.851   614   614 I ExplicitHealthCheckController: Explicit health check service is bound
05-17 00:47:50.868   614   614 I ExplicitHealthCheckController: Explicit health check service is connected ComponentInfo{com.google.android.ext.services/android.ext.services.watchdog.ExplicitHealthCheckServiceImpl}
05-17 00:47:50.870   614   614 I ExplicitHealthCheckController: Service initialized, syncing requests
05-17 00:47:50.873   614   614 I PackageWatchdog: Syncing health check requests for packages: {}
05-17 00:47:50.873   614   614 D ExplicitHealthCheckController: Getting health check supported packages
05-17 00:47:50.879   614  1587 I ExplicitHealthCheckController: Explicit health check supported packages [PackageConfig{com.google.android.networkstack, 86400000}]
05-17 00:47:50.879   614  1587 D PackageWatchdog: Received supported packages [PackageConfig{com.google.android.networkstack, 86400000}]
05-17 00:47:50.885   614  1587 D ExplicitHealthCheckController: Getting health check requested packages
05-17 00:47:50.889   614  1587 I ExplicitHealthCheckController: Explicit health check requested packages []
05-17 00:47:50.897   614  1587 I ExplicitHealthCheckController: No more health check requests, unbinding...
05-17 00:47:50.915   614  1587 I ExplicitHealthCheckController: Explicit health check service is unbound
05-17 00:47:50.927   614   762 I RescueParty: Starting to observe: [android, com.google.android.as, com.android.systemui], updated namespace: systemui
05-17 00:47:50.929   614   665 I PackageWatchdog: Syncing state, reason: observing new packages
05-17 00:47:50.937   614   665 D PackageWatchdog: rescue-party-observer added the following packages to monitor [android, com.google.android.as, com.android.systemui]
05-17 00:47:50.937   614   665 I PackageWatchdog: Syncing state, reason: updated observers
05-17 00:47:50.937   614   665 I PackageWatchdog: Not pruning observers, elapsed time: 0ms
05-17 00:47:50.937   614   665 I PackageWatchdog: Saving observer state to file
05-17 00:47:50.952   614  4841 E SettingsToPropertiesMapper: key=persist.device_config.configuration.AdbWritableFlags__adb_writable_flags_list value=adservices/disable_sdk_sandbox,adservices/enforce_broadcast_receiver_restrictions,adservices/fledge_ad_selection_enforce_foreground_status_custom_audience,adservices/fledge_custom_audience_max_count,adservices/fledge_custom_audience_max_num_ads,adservices/fledge_custom_audience_max_owner_count,adservices/fledge_custom_audience_per_app_max_count,adservices/fledge_js_isolate_enforce_max_heap_size,adservices/fledge_js_isolate_max_heap_size_bytes,adservices/sdk_request_permits_per_second,adservices/sdksandbox_customized_sdk_context_enabled,configuration/namespace_to_package_mapping,constrain_display_apis/always_constrain_display_apis,constrain_display_apis/never_constrain_display_apis,constrain_display_apis/never_constrain_display_apis_all_packages,device_policy_manager/disable_resources_updatability,flipendo/default_savings_mode_launch,flipendo/essential_apps,flipendo/flipendo_enabled_launch,flipendo/grayscale_enabled_launch,flipendo/lever_ble_scanning_enabled_launch,flipendo/lever_hotspot_enabled_launch,flipendo/lever_work_profile_enabled_launch,flipendo/resuspend_delay_minutes,namespace/key,namespace1/key1,namespace1/key2,namespace2/key1,namespace2/key2,package_manager_service/incfs_default_timeouts,package_manager_service/known_digesters_list,privacy/location_access_check_periodic_interval_millis,rollback/enable_rollback_timeout,rollback/watchdog_explicit_health_check_enabled,rollback/watchdog_request_timeout_millis,rollback/watchdog_trigger_failure_count,rollback/watchdog_trigger_failure_duration_millis,rollback_boot/rollback_lifetime_in_millis,systemui/nas_generate_actions,systemui/nas_generate_replies,systemui/nas_max_messages_to_extract,systemui/nas_max_suggestions,testspace/another,testspace/flagname,textclassifier/config_updater_model_enabled,textclassifier/key,textclassifier/key2,textclassifier/manifest_url_annotator_en,textclassifier/manifest_url_annotator_ru,textclassifier/model_download_backoff_delay_in_millis,textclassifier/model_download_manager_enabled,textclassifier/multi_language_support_enabled,textclassifier/testing_locale_list_override,textclassifier/textclassifier_service_package_override,window_manager/enable_default_rescind_bal_privileges_from_pending_intent_sender,wrong/nas_generate_replies, exceeds system property max length.
05-17 00:47:50.972  1198  1306 I AiAiSuggestUi: Connecting to system intelligence module.
05-17 00:47:51.024   915   915 D NavigationModeController: getCurrentUserContext: contextUser=0 currentUser=0
05-17 00:47:51.036   614   614 I PackageWatchdog: Syncing health check requests for packages: {}
05-17 00:47:51.037   614   614 I ExplicitHealthCheckController: Service not ready to get health check supported packages. Binding...
05-17 00:47:51.058   614   614 I ExplicitHealthCheckController: Explicit health check service is bound
05-17 00:47:51.059   614   614 W Looper  : Slow dispatch took 111ms main h=android.os.Handler c=com.android.server.PackageWatchdog$$ExternalSyntheticLambda2@e774693 m=0
05-17 00:47:51.060   614   614 I ExplicitHealthCheckController: Explicit health check service is connected ComponentInfo{com.google.android.ext.services/android.ext.services.watchdog.ExplicitHealthCheckServiceImpl}
05-17 00:47:51.061   614   614 I ExplicitHealthCheckController: Service initialized, syncing requests
05-17 00:47:51.062   614   614 I PackageWatchdog: Syncing health check requests for packages: {}
05-17 00:47:51.063   614   614 D ExplicitHealthCheckController: Getting health check supported packages
05-17 00:47:51.066   614  2357 I ExplicitHealthCheckController: Explicit health check supported packages [PackageConfig{com.google.android.networkstack, 86400000}]
05-17 00:47:51.066  1198  1198 D AutofillManager: Fill dialog is enabled:false, hints=[password, passwordAuto, creditCardNumber, creditCardSecurityCode, creditCardExpirationDate]
05-17 00:47:51.067   614  2357 D PackageWatchdog: Received supported packages [PackageConfig{com.google.android.networkstack, 86400000}]
05-17 00:47:51.071   614  2357 D ExplicitHealthCheckController: Getting health check requested packages
05-17 00:47:51.072   614  2357 I ExplicitHealthCheckController: Explicit health check requested packages []
05-17 00:47:51.073   614  2357 I ExplicitHealthCheckController: No more health check requests, unbinding...
05-17 00:47:51.074  1198  4301 I AiAiSuggestUi: Successfully connected to system intelligence: 
05-17 00:47:51.076   614  2357 I ExplicitHealthCheckController: Explicit health check service is unbound
05-17 00:47:51.101  1198  1198 D DeviceSearchAlg: search timeout = %d200
05-17 00:47:51.105  1198  1198 W PageIndicator: Total number of pages invalid: 0. Assuming 1 page.
05-17 00:47:51.106  1198  1198 W BcSmartspaceView: Current card is not present in the Adapter; cannot log.
05-17 00:47:51.128  1198  1198 I OverviewComponentObserver: updateOverviewTargets: mIsHomeDisabled=false, isDefaultHomeNull=false, mIsDefaultHome=true
05-17 00:47:51.155   614   762 I RescueParty: Starting to observe: [android], updated namespace: media
05-17 00:47:51.227  2907  4818 I bwir    : updateFromConfigurations using legacy put method [CONTEXT service_id=204 ]
05-17 00:47:51.234   614   665 I PackageWatchdog: Syncing state, reason: observing new packages
05-17 00:47:51.237   614   614 I PackageWatchdog: Syncing health check requests for packages: {}
05-17 00:47:51.238   614   614 I ExplicitHealthCheckController: Service not ready to get health check supported packages. Binding...
05-17 00:47:51.242   614   614 I ExplicitHealthCheckController: Explicit health check service is bound
05-17 00:47:51.244   614   614 I ExplicitHealthCheckController: Explicit health check service is connected ComponentInfo{com.google.android.ext.services/android.ext.services.watchdog.ExplicitHealthCheckServiceImpl}
05-17 00:47:51.245   614   614 I ExplicitHealthCheckController: Service initialized, syncing requests
05-17 00:47:51.246   614   614 I PackageWatchdog: Syncing health check requests for packages: {}
05-17 00:47:51.247   614   614 D ExplicitHealthCheckController: Getting health check supported packages
05-17 00:47:51.249   614  1587 I ExplicitHealthCheckController: Explicit health check supported packages [PackageConfig{com.google.android.networkstack, 86400000}]
05-17 00:47:51.251   614   665 D PackageWatchdog: rescue-party-observer added the following packages to monitor [android]
05-17 00:47:51.252   614  1587 D PackageWatchdog: Received supported packages [PackageConfig{com.google.android.networkstack, 86400000}]
05-17 00:47:51.252   614  1587 D ExplicitHealthCheckController: Getting health check requested packages
05-17 00:47:51.253   614  1587 I ExplicitHealthCheckController: Explicit health check requested packages []
05-17 00:47:51.253   614  1587 I ExplicitHealthCheckController: No more health check requests, unbinding...
05-17 00:47:51.256   614  1587 I ExplicitHealthCheckController: Explicit health check service is unbound
05-17 00:47:51.257   614   665 I PackageWatchdog: Syncing state, reason: updated observers
05-17 00:47:51.258   614   665 I PackageWatchdog: Saving observer state to file
05-17 00:47:51.292   614   639 D SearchUiPerUserService: Creating SearchSessionInfo for session Id=com.google.android.apps.nexuslauncher:cbd77728-fed0-4dac-9d81-cd75b0fc8a3a,0
05-17 00:47:51.294   614   639 D SearchUiPerUserService: Storing callback for session Id=com.google.android.apps.nexuslauncher:cbd77728-fed0-4dac-9d81-cd75b0fc8a3a,0 and callback=android.os.BinderProxy@5132d30
05-17 00:47:51.296  1681  1681 I AiAiEcho: SearchContextManagerImpl::setSearchContext resultTypes=[141151] extras=[Bundle[mParcelledData.dataSize=684]] sessionId=[com.google.android.apps.nexuslauncher:cbd77728-fed0-4dac-9d81-cd75b0fc8a3a,0]
05-17 00:47:51.298  1198  1306 D SearchTargetUtil:  query= size=1
05-17 00:47:51.299  1198  1306 D SearchTargetUtil: layoutType=icon_row resultType=4096 packageName= extras=Bundle{icon_container_enabled=true,zero_state_all_apps_web_suggest_count=3,rank=1.0,key_ipc_start=367298,hide_subtitle=true,zero_state_qsb_web_suggest_count=10,}ParentID: null targetID: SESSION_INFO:0::zero_state_flags
05-17 00:47:51.313   614   614 I PackageWatchdog: Syncing health check requests for packages: {}
05-17 00:47:51.314   614   614 I ExplicitHealthCheckController: Service not ready to get health check supported packages. Binding...
05-17 00:47:51.321   614   614 I ExplicitHealthCheckController: Explicit health check service is bound
05-17 00:47:51.322   614   614 I ExplicitHealthCheckController: Explicit health check service is connected ComponentInfo{com.google.android.ext.services/android.ext.services.watchdog.ExplicitHealthCheckServiceImpl}
05-17 00:47:51.323   614   614 I ExplicitHealthCheckController: Service initialized, syncing requests
05-17 00:47:51.324   614   614 I PackageWatchdog: Syncing health check requests for packages: {}
05-17 00:47:51.324   614   614 D ExplicitHealthCheckController: Getting health check supported packages
05-17 00:47:51.326   614  2357 I ExplicitHealthCheckController: Explicit health check supported packages [PackageConfig{com.google.android.networkstack, 86400000}]
05-17 00:47:51.326   614  2357 D PackageWatchdog: Received supported packages [PackageConfig{com.google.android.networkstack, 86400000}]
05-17 00:47:51.326   614  2357 D ExplicitHealthCheckController: Getting health check requested packages
05-17 00:47:51.327   614  2357 I ExplicitHealthCheckController: Explicit health check requested packages []
05-17 00:47:51.328   614  2357 I ExplicitHealthCheckController: No more health check requests, unbinding...
05-17 00:47:51.331   614  2357 I ExplicitHealthCheckController: Explicit health check service is unbound
05-17 00:47:51.348   614  2357 W ProcessStats: Tracking association SourceState{711b6ff com.google.android.apps.nexuslauncher/10168 BFgs #3303} whose proc state 4 is better than process ProcessState{2a82c3c com.google.android.googlequicksearchbox:search/10132 pkg=com.google.android.googlequicksearchbox} proc state 6 (21 skipped)
05-17 00:47:51.417  1198  1198 I ContentCaptureHelper: Setting logging level to DEBUG
05-17 00:47:51.417  1198  1198 D ContentCaptureManager: setFlushViewTreeAppearingEventDisabled(): setting to false
05-17 00:47:51.418  1198  1198 D ContentCaptureManager: updateWindowAttributes(): window flags=-2137980672
05-17 00:47:51.464  1198  1198 I Choreographer: Skipped 62 frames!  The application may be doing too much work on its main thread.
05-17 00:47:51.473  1198  1198 D AutofillManager: view is not autofillable - activity denied for autofill
05-17 00:47:51.490   614   639 D CoreBackPreview: Window{59f3e53 u0 com.google.android.apps.nexuslauncher/com.google.android.apps.nexuslauncher.NexusLauncherActivity}: Setting back callback OnBackInvokedCallbackInfo{mCallback=android.window.IOnBackInvokedCallback$Stub$Proxy@84f045, mPriority=0, mIsAnimationCallback=false}
05-17 00:47:51.496  1198  1198 D MainContentCaptureSession: Destroying session (ctx=com.google.android.apps.nexuslauncher.NexusLauncherActivity@cea68bf, id=1531982349) with 0 event(s) for act:com.google.android.apps.nexuslauncher/.NexusLauncherActivity [state=2 (ACTIVE), disabled=false]
05-17 00:47:51.497  1198  1306 I ImeTracker: com.google.android.apps.nexuslauncher:81c86320: onRequestHide at ORIGIN_CLIENT_HIDE_SOFT_INPUT reason HIDE_SOFT_INPUT
05-17 00:47:51.498  1198  1306 I ImeTracker: com.google.android.apps.nexuslauncher:81c86320: onFailed at PHASE_CLIENT_VIEW_SERVED
05-17 00:47:51.501  1198  1198 D TISBindHelper: TIS service connected
05-17 00:47:51.502  1198  1198 D b/254119092: Set mActivity=com.google.android.apps.nexuslauncher.NexusLauncherActivity@abf0f7e
05-17 00:47:51.502  1198  1198 D b/254119092: mActivity and mContext agree taskbarIsPresent=false
05-17 00:47:51.502  1198  1198 D MainContentCaptureSession: handleScheduleFlush(act:com.google.android.apps.nexuslauncher/.NexusLauncherActivity [state=1 (WAITING_FOR_SERVER), disabled=false], reason=FORCE_FLUSH): not a timeout reason because mDirectServiceInterface is not ready yet
05-17 00:47:51.504   614   639 I ActivityTaskManager: Activity reported stop, but no longer stopping: ActivityRecord{bd5e3ac u0 com.google.android.apps.nexuslauncher/.NexusLauncherActivity t35} STOPPED
05-17 00:47:51.611   614   762 I RescueParty: Starting to observe: [android, com.android.settings], updated namespace: app_hibernation
05-17 00:47:51.612   614   665 I PackageWatchdog: Syncing state, reason: observing new packages
05-17 00:47:51.618   614   665 D PackageWatchdog: rescue-party-observer added the following packages to monitor [android, com.android.settings]
05-17 00:47:51.619   614   665 I PackageWatchdog: Syncing state, reason: updated observers
05-17 00:47:51.621   614   665 I PackageWatchdog: Saving observer state to file
05-17 00:47:51.628   614   614 D AppHibernationService: App hibernation changed to enabled=true
05-17 00:47:51.653   614   614 I PackageWatchdog: Syncing health check requests for packages: {}
05-17 00:47:51.654   614   614 I ExplicitHealthCheckController: Service not ready to get health check supported packages. Binding...
05-17 00:47:51.687   614   614 I ExplicitHealthCheckController: Explicit health check service is bound
05-17 00:47:51.689   614   614 I ExplicitHealthCheckController: Explicit health check service is connected ComponentInfo{com.google.android.ext.services/android.ext.services.watchdog.ExplicitHealthCheckServiceImpl}
05-17 00:47:51.691   614   614 I ExplicitHealthCheckController: Service initialized, syncing requests
05-17 00:47:51.691   614   614 I PackageWatchdog: Syncing health check requests for packages: {}
05-17 00:47:51.692   614   614 D ExplicitHealthCheckController: Getting health check supported packages
05-17 00:47:51.693   614   639 I ExplicitHealthCheckController: Explicit health check supported packages [PackageConfig{com.google.android.networkstack, 86400000}]
05-17 00:47:51.694   614   639 D PackageWatchdog: Received supported packages [PackageConfig{com.google.android.networkstack, 86400000}]
05-17 00:47:51.694   614   639 D ExplicitHealthCheckController: Getting health check requested packages
05-17 00:47:51.698   614   639 I ExplicitHealthCheckController: Explicit health check requested packages []
05-17 00:47:51.699   614   639 I ExplicitHealthCheckController: No more health check requests, unbinding...
05-17 00:47:51.702   614   639 I ExplicitHealthCheckController: Explicit health check service is unbound
05-17 00:47:52.165   614   762 I RescueParty: Starting to observe: [android, com.android.systemui], updated namespace: window_manager
05-17 00:47:52.167   614   665 I PackageWatchdog: Syncing state, reason: observing new packages
05-17 00:47:52.168   614   665 D PackageWatchdog: rescue-party-observer added the following packages to monitor [android, com.android.systemui]
05-17 00:47:52.168   614   665 I PackageWatchdog: Syncing state, reason: updated observers
05-17 00:47:52.169   614   665 I PackageWatchdog: Saving observer state to file
05-17 00:47:52.232   614   614 I PackageWatchdog: Syncing health check requests for packages: {}
05-17 00:47:52.232   614   614 I ExplicitHealthCheckController: Service not ready to get health check supported packages. Binding...
05-17 00:47:52.236   614   614 I ExplicitHealthCheckController: Explicit health check service is bound
05-17 00:47:52.237   614   614 I PackageWatchdog: Syncing health check requests for packages: {}
05-17 00:47:52.237   614   614 I ExplicitHealthCheckController: Service not ready to get health check supported packages. Binding...
05-17 00:47:52.238   614   614 I ExplicitHealthCheckController: Not binding to service, service already connecting
05-17 00:47:52.241   614   614 I ExplicitHealthCheckController: Explicit health check service is connected ComponentInfo{com.google.android.ext.services/android.ext.services.watchdog.ExplicitHealthCheckServiceImpl}
05-17 00:47:52.247   614   614 I ExplicitHealthCheckController: Service initialized, syncing requests
05-17 00:47:52.247   614   614 I PackageWatchdog: Syncing health check requests for packages: {}
05-17 00:47:52.248   614   614 D ExplicitHealthCheckController: Getting health check supported packages
05-17 00:47:52.256   614   639 I ExplicitHealthCheckController: Explicit health check supported packages [PackageConfig{com.google.android.networkstack, 86400000}]
05-17 00:47:52.256   614   639 D PackageWatchdog: Received supported packages [PackageConfig{com.google.android.networkstack, 86400000}]
05-17 00:47:52.256   614   639 D ExplicitHealthCheckController: Getting health check requested packages
05-17 00:47:52.258   614   639 I ExplicitHealthCheckController: Explicit health check requested packages []
05-17 00:47:52.258   614   639 I ExplicitHealthCheckController: No more health check requests, unbinding...
05-17 00:47:52.261   614   639 I ExplicitHealthCheckController: Explicit health check service is unbound
05-17 00:47:52.812   614   762 I RescueParty: Starting to observe: [android, com.google.android.bluetooth], updated namespace: bluetooth
05-17 00:47:52.813   614   665 I PackageWatchdog: Syncing state, reason: observing new packages
05-17 00:47:52.816   614   665 D PackageWatchdog: rescue-party-observer added the following packages to monitor [android, com.google.android.bluetooth]
05-17 00:47:52.817   614   665 I PackageWatchdog: Syncing state, reason: updated observers
05-17 00:47:52.819   614   665 I PackageWatchdog: Saving observer state to file
05-17 00:47:52.872   614   614 D BluetoothDeviceConfigChangeTracker: shouldRestartWhenPropertiesUpdated: INIT_gd_hal_snoop_logger_filtering='true',scan_timeout_millis='300000',location_denylist_name='',audio_policy_hf_enabled='true',INIT_gd_hal_snoop_logger_socket='true',location_denylist_advertising_data='0016AAFE40/00FFFFFFF0,0016AAFE/00FFFFFF,00FF4C0002/00FFFFFFFF',le_audio_enabled_by_default='false',location_denylist_mac='',audio_policy_ag_enabled='true'
05-17 00:47:52.873   614   614 D BluetoothDeviceConfigListener: All properties unchanged, skipping restart
05-17 00:47:52.891   614   614 I PackageWatchdog: Syncing health check requests for packages: {}
05-17 00:47:52.891   614   614 I ExplicitHealthCheckController: Service not ready to get health check supported packages. Binding...
05-17 00:47:52.897   614   614 I ExplicitHealthCheckController: Explicit health check service is bound
05-17 00:47:52.915   614   614 I ExplicitHealthCheckController: Explicit health check service is connected ComponentInfo{com.google.android.ext.services/android.ext.services.watchdog.ExplicitHealthCheckServiceImpl}
05-17 00:47:52.916   614   614 I ExplicitHealthCheckController: Service initialized, syncing requests
05-17 00:47:52.917   614   614 I PackageWatchdog: Syncing health check requests for packages: {}
05-17 00:47:52.917   614   614 D ExplicitHealthCheckController: Getting health check supported packages
05-17 00:47:52.918   614   639 I ExplicitHealthCheckController: Explicit health check supported packages [PackageConfig{com.google.android.networkstack, 86400000}]
05-17 00:47:52.919   614   639 D PackageWatchdog: Received supported packages [PackageConfig{com.google.android.networkstack, 86400000}]
05-17 00:47:52.920   614   639 D ExplicitHealthCheckController: Getting health check requested packages
05-17 00:47:52.921   614   639 I ExplicitHealthCheckController: Explicit health check requested packages []
05-17 00:47:52.921   614   639 I ExplicitHealthCheckController: No more health check requests, unbinding...
05-17 00:47:52.925   614   639 I ExplicitHealthCheckController: Explicit health check service is unbound
05-17 00:47:53.005   614   762 I RescueParty: Starting to observe: [android, com.google.android.apps.nexuslauncher, com.android.systemui], updated namespace: latency_tracker
05-17 00:47:53.009   614   665 I PackageWatchdog: Syncing state, reason: observing new packages
05-17 00:47:53.010   614   665 D PackageWatchdog: rescue-party-observer added the following packages to monitor [android, com.google.android.apps.nexuslauncher, com.android.systemui]
05-17 00:47:53.011   614   665 I PackageWatchdog: Syncing state, reason: updated observers
05-17 00:47:53.012   614   614 I PackageWatchdog: Syncing health check requests for packages: {}
05-17 00:47:53.013   614   614 I ExplicitHealthCheckController: Service not ready to get health check supported packages. Binding...
05-17 00:47:53.014   614   665 I PackageWatchdog: Saving observer state to file
05-17 00:47:53.037   614   614 I ExplicitHealthCheckController: Explicit health check service is bound
05-17 00:47:53.064   614   614 I PackageWatchdog: Syncing health check requests for packages: {}
05-17 00:47:53.065   614   614 I ExplicitHealthCheckController: Service not ready to get health check supported packages. Binding...
05-17 00:47:53.066   614   614 I ExplicitHealthCheckController: Not binding to service, service already connecting
05-17 00:47:53.072   614   614 I ExplicitHealthCheckController: Explicit health check service is connected ComponentInfo{com.google.android.ext.services/android.ext.services.watchdog.ExplicitHealthCheckServiceImpl}
05-17 00:47:53.073   614   614 I ExplicitHealthCheckController: Service initialized, syncing requests
05-17 00:47:53.079   614   762 I RescueParty: Starting to observe: [android], updated namespace: battery_saver
05-17 00:47:53.080   614   614 I PackageWatchdog: Syncing health check requests for packages: {}
05-17 00:47:53.081   614   614 D ExplicitHealthCheckController: Getting health check supported packages
05-17 00:47:53.081   614   665 I PackageWatchdog: Syncing state, reason: observing new packages
05-17 00:47:53.089   614   614 E DeviceConfig: Parsing int failed for location_mode
05-17 00:47:53.092   614   665 D PackageWatchdog: rescue-party-observer added the following packages to monitor [android]
05-17 00:47:53.092   614   665 I PackageWatchdog: Syncing state, reason: updated observers
05-17 00:47:53.094   614  2387 I ExplicitHealthCheckController: Explicit health check supported packages [PackageConfig{com.google.android.networkstack, 86400000}]
05-17 00:47:53.095   614  2387 D PackageWatchdog: Received supported packages [PackageConfig{com.google.android.networkstack, 86400000}]
05-17 00:47:53.095   614  2387 D ExplicitHealthCheckController: Getting health check requested packages
05-17 00:47:53.098   614   665 I PackageWatchdog: Saving observer state to file
05-17 00:47:53.098   614  2387 I ExplicitHealthCheckController: Explicit health check requested packages []
05-17 00:47:53.098   614  2387 I ExplicitHealthCheckController: No more health check requests, unbinding...
05-17 00:47:53.110   614  2387 I ExplicitHealthCheckController: Explicit health check service is unbound
05-17 00:47:53.141   614   762 I RescueParty: Starting to observe: [android], updated namespace: constrain_display_apis
05-17 00:47:53.162   614   614 I PackageWatchdog: Syncing health check requests for packages: {}
05-17 00:47:53.162   614   614 I ExplicitHealthCheckController: Service not ready to get health check supported packages. Binding...
05-17 00:47:53.172   614   665 I PackageWatchdog: Syncing state, reason: observing new packages
05-17 00:47:53.176   614   614 I ExplicitHealthCheckController: Explicit health check service is bound
05-17 00:47:53.187   614   614 I ExplicitHealthCheckController: Explicit health check service is connected ComponentInfo{com.google.android.ext.services/android.ext.services.watchdog.ExplicitHealthCheckServiceImpl}
05-17 00:47:53.188   614   614 I ExplicitHealthCheckController: Service initialized, syncing requests
05-17 00:47:53.191   614   614 I PackageWatchdog: Syncing health check requests for packages: {}
05-17 00:47:53.192   614   614 D ExplicitHealthCheckController: Getting health check supported packages
05-17 00:47:53.193   614   665 D PackageWatchdog: rescue-party-observer added the following packages to monitor [android]
05-17 00:47:53.193   614   665 I PackageWatchdog: Syncing state, reason: updated observers
05-17 00:47:53.194   614   614 I PackageWatchdog: Syncing health check requests for packages: {}
05-17 00:47:53.194   614   614 D ExplicitHealthCheckController: Getting health check supported packages
05-17 00:47:53.199   614   665 I PackageWatchdog: Saving observer state to file
05-17 00:47:53.218   614   639 I ExplicitHealthCheckController: Explicit health check supported packages [PackageConfig{com.google.android.networkstack, 86400000}]
05-17 00:47:53.225   614  2387 I ExplicitHealthCheckController: Explicit health check supported packages [PackageConfig{com.google.android.networkstack, 86400000}]
05-17 00:47:53.242   614   762 I RescueParty: Starting to observe: [android], updated namespace: backup_and_restore
05-17 00:47:53.294   614   762 I RescueParty: Starting to observe: [android, com.google.android.networkstack], updated namespace: tethering
05-17 00:47:53.992   614   639 W system_server: Long monitor contention with owner android.bg (665) at boolean com.android.server.PackageWatchdog.saveToFile()(PackageWatchdog.java:1101) waiters=0 in void com.android.server.PackageWatchdog.onSupportedPackages(java.util.List) for 769ms
05-17 00:47:53.993   614   639 D PackageWatchdog: Received supported packages [PackageConfig{com.google.android.networkstack, 86400000}]
05-17 00:47:53.994   614   639 D ExplicitHealthCheckController: Getting health check requested packages
05-17 00:47:53.995   614  2387 W system_server: Long monitor contention with owner android.bg (665) at boolean com.android.server.PackageWatchdog.saveToFile()(PackageWatchdog.java:1101) waiters=1 in void com.android.server.PackageWatchdog.onSupportedPackages(java.util.List) for 770ms
05-17 00:47:53.996   614  2387 D PackageWatchdog: Received supported packages [PackageConfig{com.google.android.networkstack, 86400000}]
05-17 00:47:53.996   614   639 I ExplicitHealthCheckController: Explicit health check requested packages []
05-17 00:47:53.997   614  2387 D ExplicitHealthCheckController: Getting health check requested packages
05-17 00:47:53.997   614   665 I PackageWatchdog: Syncing state, reason: observing new packages
05-17 00:47:53.998   614   665 D PackageWatchdog: rescue-party-observer added the following packages to monitor [android]
05-17 00:47:53.999   614   639 I ExplicitHealthCheckController: No more health check requests, unbinding...
05-17 00:47:54.000   614  2387 I ExplicitHealthCheckController: Explicit health check requested packages []
05-17 00:47:54.002   614   639 I ExplicitHealthCheckController: Explicit health check service is unbound
05-17 00:47:54.003   614  2387 I ExplicitHealthCheckController: No more health check requests, unbinding...
05-17 00:47:54.004   614  2387 I ExplicitHealthCheckController: Explicit health check service is unbound
05-17 00:47:54.004   614   614 I PackageWatchdog: Syncing health check requests for packages: {}
05-17 00:47:54.005   614   614 I ExplicitHealthCheckController: Service not ready to get health check supported packages. Binding...
05-17 00:47:54.005   614   665 I PackageWatchdog: Syncing state, reason: updated observers
05-17 00:47:54.006   614   665 I PackageWatchdog: Syncing state, reason: observing new packages
05-17 00:47:54.007   614   665 D PackageWatchdog: rescue-party-observer added the following packages to monitor [android, com.google.android.networkstack]
05-17 00:47:54.008   614   665 I PackageWatchdog: Syncing state, reason: updated observers
05-17 00:47:54.009   614   665 I PackageWatchdog: Saving observer state to file
05-17 00:47:54.010   614   614 I ExplicitHealthCheckController: Explicit health check service is bound
05-17 00:47:54.179   614   614 I PackageWatchdog: Syncing health check requests for packages: {}
05-17 00:47:54.180   614   614 I ExplicitHealthCheckController: Service not ready to get health check supported packages. Binding...
05-17 00:47:54.180   614   614 I ExplicitHealthCheckController: Not binding to service, service already connecting
05-17 00:47:54.180   614   614 W Looper  : Slow dispatch took 170ms main h=android.os.Handler c=com.android.server.PackageWatchdog$$ExternalSyntheticLambda2@e774693 m=0
05-17 00:47:54.181   614   614 I ExplicitHealthCheckController: Explicit health check service is connected ComponentInfo{com.google.android.ext.services/android.ext.services.watchdog.ExplicitHealthCheckServiceImpl}
05-17 00:47:54.181   614   614 I ExplicitHealthCheckController: Service initialized, syncing requests
05-17 00:47:54.185   614   614 I PackageWatchdog: Syncing health check requests for packages: {}
05-17 00:47:54.185   614   614 D ExplicitHealthCheckController: Getting health check supported packages
05-17 00:47:54.186   614  2387 I ExplicitHealthCheckController: Explicit health check supported packages [PackageConfig{com.google.android.networkstack, 86400000}]
05-17 00:47:54.187   614  2387 D PackageWatchdog: Received supported packages [PackageConfig{com.google.android.networkstack, 86400000}]
05-17 00:47:54.187   614  2387 D ExplicitHealthCheckController: Getting health check requested packages
05-17 00:47:54.188   614  2387 I ExplicitHealthCheckController: Explicit health check requested packages []
05-17 00:47:54.188   614  2387 I ExplicitHealthCheckController: No more health check requests, unbinding...
05-17 00:47:54.192   614  2387 I ExplicitHealthCheckController: Explicit health check service is unbound
05-17 00:47:54.478  2933  2933 W WindowOnBackDispatcher: sendCancelIfRunning: isInProgress=falsecallback=android.view.ViewRootImpl$$ExternalSyntheticLambda17@870ef61
05-17 00:47:54.479   614   639 D CoreBackPreview: Window{74c5b84 u0 com.google.android.apps.nexuslauncher/com.google.android.apps.nexuslauncher.NexusLauncherActivity}: Setting back callback null
05-17 00:47:54.480   614   639 W InputManager-JNI: Input channel object '74c5b84 com.google.android.apps.nexuslauncher/com.google.android.apps.nexuslauncher.NexusLauncherActivity (client)' was disposed without first being removed with the input manager!
05-17 00:47:54.492   614   639 D CoreBackPreview: Window{b66997f u0 com.google.android.apps.nexuslauncher/com.google.android.apps.nexuslauncher.NexusLauncherActivity}: Setting back callback OnBackInvokedCallbackInfo{mCallback=android.window.IOnBackInvokedCallback$Stub$Proxy@24af2aa, mPriority=0, mIsAnimationCallback=false}
05-17 00:47:55.581   915   915 D StatusBarIconController: ignoring old pipeline callbacks, because the new mobile icons are enabled
05-17 00:47:56.242  2907  3959 I NearbyDiscovery: FastPair: isDestroyable: Scanner is alive. [CONTEXT service_id=265 ]
05-17 00:47:56.242  2907  3959 I NearbyDiscovery: DiscoveryService: Skip stopSelf(), fast pair controller is not destroyable. [CONTEXT service_id=265 ]
05-17 00:47:56.419   614   656 I DropBoxManagerService: add tag=system_server_strictmode isTagEnabled=true flags=0x2
05-17 00:47:56.423   614   656 I DropBoxManagerService: add tag=system_server_strictmode isTagEnabled=true flags=0x2
05-17 00:47:56.427   614   656 I DropBoxManagerService: add tag=system_server_strictmode isTagEnabled=true flags=0x2
05-17 00:47:56.433   614   656 I DropBoxManagerService: add tag=system_server_strictmode isTagEnabled=true flags=0x2
05-17 00:47:56.437   614   656 I DropBoxManagerService: add tag=system_server_strictmode isTagEnabled=true flags=0x2
