05-17 00:58:28.002  1518  1518 I Delight5Facilitator: Delight5Facilitator.initializeForIme():777 initializeForIme() : Locale = [en_US], layout = qwerty
05-17 00:58:28.004  1518  1518 I VoiceInputManagerWrapper: VoiceInputManagerWrapper.cancelShutdown():55 cancelShutdown()
05-17 00:58:28.005  1518  1518 I VoiceInputManagerWrapper: VoiceInputManagerWrapper.syncLanguagePacks():67 syncLanguagePacks()
05-17 00:58:28.006  1518  5095 I SpeechFactory: SpeechRecognitionFactory.maybeScheduleAutoPackDownloadForFallback():205 maybeScheduleAutoPackDownloadForFallback()
05-17 00:58:28.006  1518  5095 I FallbackOnDeviceRecognitionProvider: FallbackOnDeviceRecognitionProvider.maybeScheduleAutoPackDownload():195 maybeScheduleAutoPackDownload() for language tag en-US
05-17 00:58:28.007  1518  1518 I LatinIme: LatinIme.updateEnableInlineSuggestionsOnDecoderSideFlags():1003 inline flag updated to:false
05-17 00:58:28.025  1518  1518 I KeyboardWrapper: KeyboardWrapper.consumeEvent():275 Skip consuming an event as current keyboard is deactivated (state=0, keyboard existence=true)
05-17 00:58:28.033  1518  1518 I KeyboardViewController: KeyboardViewController.lambda$showSelfAndAncestors$6():609 current view doesn't has the priority com.google.android.libraries.inputmethod.accesspoint.widget.AccessPointsBar{522e6a3 G.E...... ......I. 0,0-0,0 #7f0b0018 app:id/0_resource_name_obfuscated} to show itself, DEFAULT
05-17 00:58:28.034  1518  1518 I KeyboardViewUtil: KeyboardViewUtil.calculateMaxKeyboardBodyHeight():40 leave 473 height for app when screen height:2952, header height:154 and isFullscreenMode:false, so the max keyboard body height is:2325
05-17 00:58:28.035  1518  1518 I DeviceModeUtil: DeviceModeUtil.getDeviceMode():122 Get device mode phone by ui mode:1 and smallestScreenWidthDp:411
05-17 00:58:28.035  1518  1518 I GoogleInputMethodService: GoogleInputMethodService.setKeyboardViewShown():3483 setKeyboardViewShown() : type = HEADER, shownType = SHOW_OPTIONAL
05-17 00:58:28.036  1518  1518 I GoogleInputMethodService: GoogleInputMethodService.setKeyboardViewShown():3530 setKeyboardViewShown() : shouldShow = true
05-17 00:58:28.036  1518  1518 I GoogleInputMethodService: GoogleInputMethodService.setKeyboardViewShown():3483 setKeyboardViewShown() : type = BODY, shownType = SHOW_MANDATORY
05-17 00:58:28.036  1518  1518 I GoogleInputMethodService: GoogleInputMethodService.setKeyboardViewShown():3530 setKeyboardViewShown() : shouldShow = true
05-17 00:58:28.037  1518  1518 I GoogleInputMethodService: GoogleInputMethodService.setKeyboardViewShown():3483 setKeyboardViewShown() : type = FLOATING_CANDIDATES, shownType = HIDE
05-17 00:58:28.037  1518  1518 I GoogleInputMethodService: GoogleInputMethodService.setKeyboardViewShown():3530 setKeyboardViewShown() : shouldShow = false
05-17 00:58:28.038  1518  1518 I KeyboardViewUtil: KeyboardViewUtil.calculateMaxKeyboardBodyHeight():40 leave 473 height for app when screen height:2952, header height:154 and isFullscreenMode:false, so the max keyboard body height is:2325
05-17 00:58:28.039  1518  1518 I DeviceModeUtil: DeviceModeUtil.getDeviceMode():122 Get device mode phone by ui mode:1 and smallestScreenWidthDp:411
05-17 00:58:28.043  1518  1518 I DeviceModeUtil: DeviceModeUtil.getDeviceMode():122 Get device mode phone by ui mode:1 and smallestScreenWidthDp:411
05-17 00:58:28.043  1518  1518 I KeyboardModeManager: KeyboardModeManager.setInputView():364 setInputView() : supportsOneHandedMode=true
05-17 00:58:28.046  1518  1518 I NormalModeController: NormalModeController.getKeyboardBodyViewHolderPaddingBottom():116 currentPrimeKeyboardType:SOFT systemPaddingBottom:-1
05-17 00:58:28.047  1518  1518 I NormalModeController: NormalModeController.getKeyboardBodyViewHolderPaddingBottom():116 currentPrimeKeyboardType:SOFT systemPaddingBottom:-1
05-17 00:58:28.048  1518  1518 I KeyboardModeManager: KeyboardModeManager.setInputView():356 setInputView() : entry=hwn{languageTag=en-US, variant=qwerty, hasLocalizedResources=true, conditionCacheKey=_device=phone_device_size=default_enable_adaptive_text_editing=true_enable_inline_suggestions_on_client_side=false_enable_large_tablet_batch_1=false_enable_large_tablet_batch_2=false_enable_more_candidates_view_for_multilingual=false_enable_nav_redesign=false_enable_number_row=false_enable_preemptive_decode=true_enable_secondary_symbols=false_expressions=normal_four_or_more_letter_rows=false_keyboard_mode=normal_language=en-US_orientation=portrait_physical_keyboard=qwerty_show_secondary_digits=true_show_suggestions=true_split_with_duplicate_keys=true_variant=qwerty, imeDef.stringId=ime_english_united_states, imeDef.className=com.google.android.apps.inputmethod.libs.latin5.LatinIme, imeDef.languageTag=en-US}
05-17 00:58:28.052  1518  1518 I VoiceImeExtension: VoiceImeExtension.shouldStartVoiceInputAutomatically():383 No private IME option set to start voice input.
05-17 00:58:28.055   614  1065 D AutofillInlineSuggestionsRequestSession: onInlineSuggestionsSessionInvalidated() called.
05-17 00:58:28.060  4494  4494 D InsetsController: show(ime(), fromIme=true)
05-17 00:58:28.061  4494  4494 I ImeTracker: com.example.campusconnect:e941dfb9: onCancelled at PHASE_CLIENT_APPLY_ANIMATION
05-17 00:58:28.066  1518  1518 W InputContextProxyV4: InputContextProxyV4.applyClientDiffInternal():897 Ignore [FetchSuggestions] diff due to stale request: 57<68, inputStateId=4, lastInputStateId=14
05-17 00:58:28.067   614  1065 D AutofillInlineSuggestionsRequestSession: onInlineSuggestionsRequest() received: InlineSuggestionsRequest { maxSuggestionCount = 9, inlinePresentationSpecs = [InlinePresentationSpec { minSize = 147x154, maxSize = 840x154, style = Bundle[mParcelledData.dataSize=2816] }, InlinePresentationSpec { minSize = 147x154, maxSize = 840x154, style = Bundle[mParcelledData.dataSize=2816] }, InlinePresentationSpec { minSize = 147x154, maxSize = 840x154, style = Bundle[mParcelledData.dataSize=2816] }, InlinePresentationSpec { minSize = 147x154, maxSize = 840x154, style = Bundle[mParcelledData.dataSize=2816] }, InlinePresentationSpec { minSize = 147x154, maxSize = 840x154, style = Bundle[mParcelledData.dataSize=2816] }, InlinePresentationSpec { minSize = 147x154, maxSize = 840x154, style = Bundle[mParcelledData.dataSize=2816] }, InlinePresentationSpec { minSize = 147x154, maxSize = 840x154, style = Bundle[mParcelledData.dataSize=2816] }, InlinePresentationSpec { minSize = 147x154, maxSize = 840x154, style = Bundle[mParcelledData.dataSize=2816] }, InlinePresentationSpec { minSize = 147x154, maxSize = 840x154, style = Bundle[mParcelledData.dataSize=2816] }], hostPackageName = com.google.android.inputmethod.latin, supportedLocales = [en_US], extras = Bundle[EMPTY_PARCEL], hostInputToken = android.os.BinderProxy@8a4d4aa, hostDisplayId = 0, inlineTooltipPresentationSpec = null }
05-17 00:58:28.071  1518  1518 W InputContextProxyV4: InputContextProxyV4.applyClientDiffInternal():897 Ignore [FetchSuggestions] diff due to stale request: 59<68, inputStateId=6, lastInputStateId=14
05-17 00:58:28.071  1518  1518 W InputContextProxyV4: InputContextProxyV4.applyClientDiffInternal():897 Ignore [FetchSuggestions] diff due to stale request: 61<68, inputStateId=8, lastInputStateId=14
05-17 00:58:28.073  1518  1518 W InputContextProxyV4: InputContextProxyV4.applyClientDiffInternal():897 Ignore [FetchSuggestions] diff due to stale request: 64<68, inputStateId=11, lastInputStateId=14
05-17 00:58:28.077  3099  3099 D BoundBrokerSvc: onBind: Intent { act=com.google.android.gms.common.BIND_SHARED_PREFS pkg=com.google.android.gms }
05-17 00:58:28.093  4494  4494 D InsetsController: show(ime(), fromIme=true)
05-17 00:58:28.093  3099  3099 D BoundBrokerSvc: Loading bound service for intent: Intent { act=com.google.android.gms.common.BIND_SHARED_PREFS pkg=com.google.android.gms }
05-17 00:58:28.101  4494  4494 I ImeTracker: com.example.campusconnect:ff4e748: onCancelled at PHASE_CLIENT_APPLY_ANIMATION
05-17 00:58:28.111  3099  3099 D BoundBrokerSvc: onUnbind: Intent { act=com.google.android.gms.common.BIND_SHARED_PREFS pkg=com.google.android.gms }
05-17 00:58:28.137  2907  2907 W AutofillChimeraService: Pending fill request while another request in the same session was triggered. [CONTEXT service_id=177 ]
05-17 00:58:28.159   614   614 W FillRequestEventLogger: Shouldn't be logging AutofillFillRequestReported again for same event
05-17 00:58:28.159   614   614 W FillResponseEventLogger: Shouldn't be logging AutofillFillRequestReported again for same event
05-17 00:58:28.160   614   614 D AutofillSession: clearPendingIntentLocked
05-17 00:58:28.161   614   614 D AutofillInlineSuggestionsRequestSession: onInlineSuggestionsResponseLocked called for:1073741824:-661160972@1917174695
05-17 00:58:28.162   614   614 D AutofillInlineSuggestionsRequestSession: maybeNotifyFillUiEventLoked(): hasSuggestionToShow=false, mPreviousHasNonPinSuggestionShow=false
05-17 00:58:28.162   614   614 D AutofillInlineSuggestionsRequestSession: Send inline response: 0
05-17 00:58:28.163   614   655 D AutofillUI: destroySaveUiUiThread(): already destroyed
05-17 00:58:28.166  1227  1227 V InlineSuggestionRenderService: handleDestroySuggestionViews called for 0:1917174695
05-17 00:58:28.180  2907  2953 I IPCThreadState: oneway function results for code 1 on binder at 0x7f60221b0b90 will be dropped but finished with status UNKNOWN_TRANSACTION and reply parcel size 80
05-17 00:58:28.199  4494  4526 E libEGL  : called unimplemented OpenGL ES API
05-17 00:58:28.209  4494  4526 D EGL_emulation: app_time_stats: avg=353.46ms min=170.61ms max=460.92ms count=4
05-17 00:58:28.224  1518  1518 W InputContextProxyV4: InputContextProxyV4.applyClientDiffInternal():897 Ignore [FetchSuggestions] diff due to stale request: 66<68, inputStateId=13, lastInputStateId=14
05-17 00:58:28.232  1518  1518 I NormalModeController: NormalModeController.getKeyboardBodyViewHolderPaddingBottom():116 currentPrimeKeyboardType:SOFT systemPaddingBottom:-1
05-17 00:58:28.239  1518  2189 I Delight5Decoder: Delight5DecoderWrapper.setKeyboardLayout():457 setKeyboardLayout()
05-17 00:58:28.303  1518  1518 W TooltipLifecycleManager: TooltipLifecycleManager.dismissTooltips():159 Tooltip with id spell_check_add_to_dictionary not found in tooltipManager.
05-17 00:58:28.321  1518  1994 I SuperDelight: SuperDelightBundledSlicingStrategy.getSlices():39 BundledSlicing#getSlices() : Locale = [en_US]
05-17 00:58:28.325  1518  1994 I SuperDelight: SuperDelightBundledSlicingStrategy.getSlices():65 BundledSlicing#getSlices(): result {slices=[bundled_delight:main_en_us_2022051700_2], last batch=true, sync metadata=false}
05-17 00:58:28.326  1518  1994 I SP      : Syncing bundled_delight (2022101700) with slices: [main_en_us_2022051700_2], metadata: false
05-17 00:58:28.543  3099  3099 D BoundBrokerSvc: onBind: Intent { act=com.google.android.gms.common.BIND_SHARED_PREFS pkg=com.google.android.gms }
05-17 00:58:28.558  3099  3099 D BoundBrokerSvc: Loading bound service for intent: Intent { act=com.google.android.gms.common.BIND_SHARED_PREFS pkg=com.google.android.gms }
05-17 00:58:28.646  3099  3099 D BoundBrokerSvc: onUnbind: Intent { act=com.google.android.gms.common.BIND_SHARED_PREFS pkg=com.google.android.gms }
05-17 00:58:28.732  1518  1527 I putmethod.latin: Background concurrent copying GC freed 195149(7252KB) AllocSpace objects, 11(504KB) LOS objects, 49% free, 11MB/22MB, paused 47.700ms,2.954ms total 231.964ms
05-17 00:58:28.752  1518  1529 W SP      : File ref is being finalized but wasn't closed, file: main_en_us_2022051700_2[2]
05-17 00:58:28.759  1518  1529 W SP      : File ref is being finalized but wasn't closed, file: main_en_us_2022051700_2[2]
05-17 00:58:28.766  1518  1529 W SP      : File ref is being finalized but wasn't closed, file: main_en_us_2022101700_1[4]
05-17 00:58:28.767  1518  1529 W SP      : File ref is being finalized but wasn't closed, file: main_en_840_2022102600_1[4]
05-17 00:58:28.782  1518  1529 W SP      : File ref is being finalized but wasn't closed, file: main_en_us_2022101700_1[4]
05-17 00:58:28.791  1518  1529 W SP      : File ref is being finalized but wasn't closed, file: main_en_840_2022102600_1[4]
05-17 00:58:28.794  1518  1529 W SP      : File ref is being finalized but wasn't closed, file: 2023012316_en[6]
05-17 00:58:28.927  1518  1995 I CrankEngineLocales: CrankEngineLocales.getLocaleToUseForCrankEngine():66 Using locale en_US for emoji prediction
05-17 00:58:28.959  1518  1995 I CrankEngineLocales: CrankEngineLocales.getLocaleToUseForCrankEngine():66 Using locale en_US for emoji prediction
05-17 00:58:28.965  1518  1995 I CrankEngineLocales: CrankEngineLocales.getLocaleToUseForCrankEngine():66 Using locale en_US for emoji prediction
05-17 00:58:29.222  1518  1994 I SP      : GC for 'delight' (10) with ttl of 0 ms took 0 ms (0/0/0)
05-17 00:58:29.241  1518  5098 I AbstractSyncResultCallback: AbstractSyncResultCallback.onFailure():36 onFailure(): delight.sync cancelled; expected if new request supersedes pending one.
05-17 00:58:29.251  1518  1994 I SP      : GC for 'bundled_delight' (10) with ttl of 0 ms took 20 ms (11/0/9)
05-17 00:58:29.262  1518  1994 I LmManager: LmManager$1.onFailure():81 Bundled delight sync failed
05-17 00:58:29.262  1518  1994 I LmManager: java.util.concurrent.CancellationException: Task was cancelled.
05-17 00:58:29.262  1518  1994 I LmManager: 	at mrp.s(PG:3)
05-17 00:58:29.262  1518  1994 I LmManager: 	at mrp.get(PG:4)
05-17 00:58:29.262  1518  1994 I LmManager: 	at mgr.Q(PG:1)
05-17 00:58:29.262  1518  1994 I LmManager: 	at mfu.V(PG:2)
05-17 00:58:29.262  1518  1994 I LmManager: 	at mtg.run(PG:4)
05-17 00:58:29.262  1518  1994 I LmManager: 	at msq.execute(PG:1)
05-17 00:58:29.262  1518  1994 I LmManager: 	at mrp.q(PG:1)
05-17 00:58:29.262  1518  1994 I LmManager: 	at mrp.k(PG:12)
05-17 00:58:29.262  1518  1994 I LmManager: 	at mrp.p(PG:5)
05-17 00:58:29.262  1518  1994 I LmManager: 	at msm.c(PG:2)
05-17 00:58:29.262  1518  1994 I LmManager: 	at mso.e(PG:2)
05-17 00:58:29.262  1518  1994 I LmManager: 	at mtr.run(PG:8)
05-17 00:58:29.262  1518  1994 I LmManager: 	at java.util.concurrent.Executors$RunnableAdapter.call(Executors.java:487)
05-17 00:58:29.262  1518  1994 I LmManager: 	at java.util.concurrent.FutureTask.run(FutureTask.java:264)
05-17 00:58:29.262  1518  1994 I LmManager: 	at hbs.run(PG:2)
05-17 00:58:29.262  1518  1994 I LmManager: 	at java.util.concurrent.ThreadPoolExecutor.runWorker(ThreadPoolExecutor.java:1145)
05-17 00:58:29.262  1518  1994 I LmManager: 	at java.util.concurrent.ThreadPoolExecutor$Worker.run(ThreadPoolExecutor.java:644)
05-17 00:58:29.262  1518  1994 I LmManager: 	at java.lang.Thread.run(Thread.java:1012)
05-17 00:58:29.262  1518  1994 I LmManager: 	at hbf.run(PG:2)
05-17 00:58:29.278  1518  1995 I CrankEngineLocales: CrankEngineLocales.getLocaleToUseForCrankEngine():66 Using locale en_US for emoji prediction
05-17 00:58:29.279  1518  1995 I CrankEngineLocales: CrankEngineLocales.getLocaleToUseForCrankEngine():66 Using locale en_US for emoji prediction
05-17 00:58:29.294  1518  1994 I AbstractSyncResultCallback: AbstractSyncResultCallback.onFailure():36 onFailure(): delight.sync cancelled; expected if new request supersedes pending one.
05-17 00:58:29.310  1518  1994 I AbstractSyncResultCallback: AbstractSyncResultCallback.onFailure():36 onFailure(): bundled_delight.sync cancelled; expected if new request supersedes pending one.
05-17 00:58:29.326  1518  5097 I SuperDelight: SuperDelightManager$2.onSuccess():635 delight sync success, adding to data file manager
05-17 00:58:29.329  1518  5097 I DataFileManager: DataFileManager.addDataWithoutNotify():162 data en-840 already exists
05-17 00:58:29.330  1518  5097 I DataFileManager: DataFileManager.addDataWithoutNotify():162 data en-US already exists
05-17 00:58:29.339  1518  5098 I SuperDelight: SuperDelightManager$2.onSuccess():635 bundled_delight sync success, adding to data file manager
05-17 00:58:29.354  1518  1995 I CrankEngineLocales: CrankEngineLocales.getLocaleToUseForCrankEngine():66 Using locale en_US for emoji prediction
05-17 00:58:29.366  1518  5098 I DataFileManager: DataFileManager.addDataWithoutNotify():162 data en-US already exists
05-17 00:58:29.578  4494  4526 E libEGL  : called unimplemented OpenGL ES API
05-17 00:58:29.597  4494  4526 D EGL_emulation: app_time_stats: avg=461.71ms min=367.94ms max=533.46ms count=3
05-17 00:58:29.677  1198  1198 D TaplEvents: TIS / TouchInteractionService.onInputEvent: MotionEvent { action=ACTION_DOWN, actionButton=0, id[0]=0, x[0]=170.99121, y[0]=421.89746, toolType[0]=TOOL_TYPE_FINGER, buttonState=0, classification=NONE, metaState=0, flags=0x0, edgeFlags=0x0, pointerCount=1, historySize=0, eventTime=1005621, downTime=1005621, deviceId=4, source=0x5002, displayId=0, eventId=53461328 }
05-17 00:58:29.723   614   654 I GnssLocationProvider: WakeLock acquired by handleDownloadPsdsData()
05-17 00:58:29.747  1518  1994 I SuperDelight: SuperDelightMergingStrategy.merge():55 SuperDelightMergingStrategy#merge(): selected[[main_en_840_2022102600_1, main_en_us_2022101700_1]] synced[[main_en_840_2022102600_1]]
05-17 00:58:29.757  1518  1994 I SP      : Sync for delight succeeded in 2418 ms: no changes
05-17 00:58:29.762  1518  1994 I SP      : Sync for bundled_delight succeeded in 2353 ms: no changes
05-17 00:58:29.770  1518  1994 I SP      : GC for 'delight' (10) with ttl of 0 ms took 1 ms (1/0/0)
05-17 00:58:29.785  1518  1994 I SP      : GC for 'bundled_delight' (10) with ttl of 0 ms took 4 ms (1/3/0)
05-17 00:58:29.789  1518  1994 I LmManager: LmManager$1.onSuccess():76 Bundled delight sync success
05-17 00:58:29.795   614  5124 E GnssPsdsDownloader: No Long-Term PSDS servers were specified in the GnssConfiguration
05-17 00:58:29.825  1198  1198 D TaplEvents: TIS / TouchInteractionService.onInputEvent: MotionEvent { action=ACTION_UP, actionButton=0, id[0]=0, x[0]=170.99121, y[0]=421.89746, toolType[0]=TOOL_TYPE_FINGER, buttonState=0, classification=NONE, metaState=0, flags=0x0, edgeFlags=0x0, pointerCount=1, historySize=0, eventTime=1005794, downTime=1005621, deviceId=4, source=0x5002, displayId=0, eventId=326361481 }
05-17 00:58:29.853  1518  5098 I SuperDelight: SuperDelightManager$2.onSuccess():635 bundled_delight sync success, adding to data file manager
05-17 00:58:29.855  1518  5098 I DataFileManager: DataFileManager.addDataWithoutNotify():162 data en-US already exists
05-17 00:58:29.894  1518  5097 I SuperDelight: SuperDelightManager$2.onSuccess():635 delight sync success, adding to data file manager
05-17 00:58:29.908  1518  5097 I DataFileManager: DataFileManager.addDataWithoutNotify():162 data en-840 already exists
05-17 00:58:29.914  1518  5097 I DataFileManager: DataFileManager.addDataWithoutNotify():162 data en-US already exists
05-17 00:58:30.107  1518  1995 I CrankEngineLocales: CrankEngineLocales.getLocaleToUseForCrankEngine():66 Using locale en_US for emoji prediction
05-17 00:58:30.389  1518  1518 I GoogleInputMethodService: GoogleInputMethodService.onStartInput():1877 onStartInput(EditorInfo{inputType=0x8001(Normal) imeOptions=0x2000006 privateImeOptions=null actionName=DONE actionLabel=null actionId=0 initialSelStart=1 initialSelEnd=1 initialCapsMode=0x0 hintText=null label=null packageName=com.example.campusconnect fieldId=1 fieldName=null extras=Bundle[mParcelledData.dataSize=168]}, true)
05-17 00:58:30.391  1518  1518 I GoogleInputMethodService: GoogleInputMethodService.shouldHideHeaderOnInitialState():4008 ShouldHideHeaderOnInitialState = false
05-17 00:58:30.395  4494  4494 I ImeTracker: com.example.campusconnect:d58e7002: onRequestShow at ORIGIN_CLIENT_SHOW_SOFT_INPUT reason SHOW_SOFT_INPUT
05-17 00:58:30.397  1518  1518 I GoogleInputMethodService: GoogleInputMethodService.updateDeviceLockedStatus():2087 repeatCheckTimes = 2, unlocked = true
05-17 00:58:30.399  1518  1518 W SessionManager: SessionManager.beginSession():53 Try to begin an already begun session [INPUT_SESSION], end it first
05-17 00:58:30.399  4494  4494 D InputMethodManager: showSoftInput() view=io.flutter.embedding.android.FlutterView{df28f06 VFE...... .F...... 0,0-1440,3036 #1 aid=1073741824} flags=0 reason=SHOW_SOFT_INPUT
05-17 00:58:30.410  1518  1518 W SessionManager: SessionManager.endSession():96 Child session [INPUT_VIEW_SESSION] is not ended while ending session [{TRAINING_CACHE_SESSION=1747443507995, INPUT_SESSION=1747443507958, IME_SESSION=1747443507993, INPUT_VIEW_SESSION=1747443507960}], ending it now.
05-17 00:58:30.425  1518  1518 W SessionManager: SessionManager.endSession():96 Child session [IME_SESSION] is not ended while ending session [{TRAINING_CACHE_SESSION=1747443507995, INPUT_SESSION=1747443507958, IME_SESSION=1747443507993, INPUT_VIEW_SESSION=1747443507960}], ending it now.
05-17 00:58:30.427   915   915 D StatusBarIconController: ignoring old pipeline callback because the new wifi icon is enabled
05-17 00:58:30.439   614  1065 I AppsFilter: interaction: PackageSetting{b8b4fa5 com.example.campusconnect/10194} -> PackageSetting{b335f7a com.google.android.inputmethod.latin/10147} BLOCKED
05-17 00:58:30.442   614  1065 W FillRequestEventLogger: Couldn't find packageName: com.google.android.inputmethod.latin
05-17 00:58:30.446  1518  1518 I GoogleInputMethodService: GoogleInputMethodService.onStartInputView():1995 onStartInputView(EditorInfo{inputType=0x8001(Normal) imeOptions=0x2000006 privateImeOptions=null actionName=DONE actionLabel=null actionId=0 initialSelStart=1 initialSelEnd=1 initialCapsMode=0x0 hintText=null label=null packageName=com.example.campusconnect fieldId=1 fieldName=null extras=Bundle[{androidx.core.view.inputmethod.EditorInfoCompat.STYLUS_HANDWRITING_ENABLED=true}]}, true)
05-17 00:58:30.449   614   614 D AutofillInlineSuggestionsRequestSession: onCreateInlineSuggestionsRequestLocked called: 1073741824:-640933252@1190503983
05-17 00:58:30.470  1518  1518 I GoogleInputMethodService: GoogleInputMethodService.updateDeviceLockedStatus():2087 repeatCheckTimes = 2, unlocked = true
05-17 00:58:30.475  1518  1518 W ModuleManager: ModuleManager.loadModule():450 Module erj is not available
05-17 00:58:30.486  1518  1763 I DeviceModeUtil: DeviceModeUtil.getDeviceMode():122 Get device mode phone by ui mode:1 and smallestScreenWidthDp:411
05-17 00:58:30.515  4494  4494 I AssistStructure: Flattened final assist data: 452 bytes, containing 1 windows, 3 views
05-17 00:58:30.518   614   720 D AutofillSession: createPendingIntent for request 4
05-17 00:58:30.544   614   720 D ContentCapturePerUserService: Notified activity assist data for activity: Token{e0276ab ActivityRecord{7aaf4a7 u0 com.example.campusconnect/.MainActivity t36}} without a session Id
05-17 00:58:30.603  1518  1518 W InputConnectionWrapper: InputConnectionWrapper.recordDuration():1451 IPC IC_GET_SURROUNDING_TEXT took 116 ms
05-17 00:58:30.630  1198  1198 D TaplEvents: TIS / TouchInteractionService.onInputEvent: MotionEvent { action=ACTION_DOWN, actionButton=0, id[0]=0, x[0]=170.99121, y[0]=486.9287, toolType[0]=TOOL_TYPE_FINGER, buttonState=0, classification=NONE, metaState=0, flags=0x0, edgeFlags=0x0, pointerCount=1, historySize=0, eventTime=1006609, downTime=1006609, deviceId=4, source=0x5002, displayId=0, eventId=625428350 }
05-17 00:58:30.643  1518  1518 I KeyboardViewUtil: KeyboardViewUtil.getKeyboardHeightRatio():189 systemKeyboardHeightRatio:1.000000; userKeyboardHeightRatio:1.000000.
05-17 00:58:30.662  1518  1518 W TooltipLifecycleManager: TooltipLifecycleManager.dismissTooltips():159 Tooltip with id spell_check_add_to_dictionary not found in tooltipManager.
05-17 00:58:30.662  4494  4526 E libEGL  : called unimplemented OpenGL ES API
05-17 00:58:30.675  4494  4526 D EGL_emulation: app_time_stats: avg=267.36ms min=192.16ms max=326.83ms count=4
05-17 00:58:30.738  1518  1518 I KeyboardWrapper: KeyboardWrapper.consumeEvent():275 Skip consuming an event as current keyboard is deactivated (state=0, keyboard existence=true)
05-17 00:58:30.747  1518  1518 I VoiceInputManagerWrapper: VoiceInputManagerWrapper.shutdown():77 shutdown()
05-17 00:58:30.806  1518  1518 I AndroidIME: AbstractIme.onDeactivate():207 LatinIme.onDeactivate()
05-17 00:58:30.823  1518  1518 W SessionManager: SessionManager.endSession():88 Try to end a not begun session [IME_SESSION].
05-17 00:58:30.832  1518  1518 I AndroidIME: AbstractIme.onActivate():86 LatinIme.onActivate() : EditorInfo = inputType=0x8001(Normal) imeOptions=0x2000006 privateImeOptions=null actionName=DONE actionLabel=null actionId=0 initialSelStart=1 initialSelEnd=1 initialCapsMode=0x0 hintText=null label=null packageName=com.example.campusconnect fieldId=1 fieldName=null extras=Bundle[{androidx.core.view.inputmethod.EditorInfoCompat.STYLUS_HANDWRITING_ENABLED=true}], IncognitoMode = false, DeviceLocked = false
05-17 00:58:30.847  1518  1518 I Delight5Facilitator: Delight5Facilitator.initializeForIme():777 initializeForIme() : Locale = [en_US], layout = qwerty
05-17 00:58:30.855  1518  2254 E native  : E0000 00:00:1747443510.855510    2254 keyboard.cc:27] Cannot create a keyboard with 0 valid keys
05-17 00:58:30.859  1198  1198 D TaplEvents: TIS / TouchInteractionService.onInputEvent: MotionEvent { action=ACTION_UP, actionButton=0, id[0]=0, x[0]=170.99121, y[0]=486.9287, toolType[0]=TOOL_TYPE_FINGER, buttonState=0, classification=NONE, metaState=0, flags=0x0, edgeFlags=0x0, pointerCount=1, historySize=0, eventTime=1006839, downTime=1006609, deviceId=4, source=0x5002, displayId=0, eventId=1054712807 }
05-17 00:58:30.891  4494  4494 I ImeTracker: com.example.campusconnect:d50a9361: onRequestShow at ORIGIN_CLIENT_SHOW_SOFT_INPUT reason SHOW_SOFT_INPUT
05-17 00:58:30.897  4494  4494 D InputMethodManager: showSoftInput() view=io.flutter.embedding.android.FlutterView{df28f06 VFE...... .F...... 0,0-1440,3036 #1 aid=1073741824} flags=0 reason=SHOW_SOFT_INPUT
05-17 00:58:30.899  1518  1518 I VoiceInputManagerWrapper: VoiceInputManagerWrapper.cancelShutdown():55 cancelShutdown()
05-17 00:58:30.902  1518  1763 I NebulaeTrainingCacheMetricsProcessor: NebulaeTrainingCacheMetricsProcessor.processEndSession():447 No input action collection in this session, skip logging.
05-17 00:58:30.904  1518  1518 I VoiceInputManagerWrapper: VoiceInputManagerWrapper.syncLanguagePacks():67 syncLanguagePacks()
05-17 00:58:30.910  1518  1518 I LatinIme: LatinIme.updateEnableInlineSuggestionsOnDecoderSideFlags():1003 inline flag updated to:false
05-17 00:58:30.918  1518  5095 I SpeechFactory: SpeechRecognitionFactory.maybeScheduleAutoPackDownloadForFallback():205 maybeScheduleAutoPackDownloadForFallback()
05-17 00:58:30.919  1518  5095 I FallbackOnDeviceRecognitionProvider: FallbackOnDeviceRecognitionProvider.maybeScheduleAutoPackDownload():195 maybeScheduleAutoPackDownload() for language tag en-US
05-17 00:58:30.965  1518  1518 I KeyboardWrapper: KeyboardWrapper.consumeEvent():275 Skip consuming an event as current keyboard is deactivated (state=0, keyboard existence=true)
05-17 00:58:31.017  1518  1518 I KeyboardViewController: KeyboardViewController.lambda$showSelfAndAncestors$6():609 current view doesn't has the priority com.google.android.libraries.inputmethod.accesspoint.widget.AccessPointsBar{522e6a3 G.E...... ......I. 0,0-0,0 #7f0b0018 app:id/0_resource_name_obfuscated} to show itself, DEFAULT
05-17 00:58:31.019  1518  1518 I KeyboardViewUtil: KeyboardViewUtil.calculateMaxKeyboardBodyHeight():40 leave 473 height for app when screen height:2952, header height:154 and isFullscreenMode:false, so the max keyboard body height is:2325
05-17 00:58:31.031  1518  1518 I DeviceModeUtil: DeviceModeUtil.getDeviceMode():122 Get device mode phone by ui mode:1 and smallestScreenWidthDp:411
05-17 00:58:31.035  1518  1518 I GoogleInputMethodService: GoogleInputMethodService.setKeyboardViewShown():3483 setKeyboardViewShown() : type = HEADER, shownType = SHOW_OPTIONAL
05-17 00:58:31.039  1518  1518 I GoogleInputMethodService: GoogleInputMethodService.setKeyboardViewShown():3530 setKeyboardViewShown() : shouldShow = true
05-17 00:58:31.043  1518  1518 I GoogleInputMethodService: GoogleInputMethodService.setKeyboardViewShown():3483 setKeyboardViewShown() : type = BODY, shownType = SHOW_MANDATORY
05-17 00:58:31.050  1518  1518 I GoogleInputMethodService: GoogleInputMethodService.setKeyboardViewShown():3530 setKeyboardViewShown() : shouldShow = true
05-17 00:58:31.075  1518  1518 I GoogleInputMethodService: GoogleInputMethodService.setKeyboardViewShown():3483 setKeyboardViewShown() : type = FLOATING_CANDIDATES, shownType = HIDE
05-17 00:58:31.090  1518  1518 I GoogleInputMethodService: GoogleInputMethodService.setKeyboardViewShown():3530 setKeyboardViewShown() : shouldShow = false
05-17 00:58:31.094  1518  1518 I KeyboardViewUtil: KeyboardViewUtil.calculateMaxKeyboardBodyHeight():40 leave 473 height for app when screen height:2952, header height:154 and isFullscreenMode:false, so the max keyboard body height is:2325
05-17 00:58:31.099  1518  1518 I DeviceModeUtil: DeviceModeUtil.getDeviceMode():122 Get device mode phone by ui mode:1 and smallestScreenWidthDp:411
05-17 00:58:31.119  1518  1518 I DeviceModeUtil: DeviceModeUtil.getDeviceMode():122 Get device mode phone by ui mode:1 and smallestScreenWidthDp:411
05-17 00:58:31.122  1518  1518 I KeyboardModeManager: KeyboardModeManager.setInputView():364 setInputView() : supportsOneHandedMode=true
05-17 00:58:31.145  1518  1518 I NormalModeController: NormalModeController.getKeyboardBodyViewHolderPaddingBottom():116 currentPrimeKeyboardType:SOFT systemPaddingBottom:-1
05-17 00:58:31.151  1518  1518 I NormalModeController: NormalModeController.getKeyboardBodyViewHolderPaddingBottom():116 currentPrimeKeyboardType:SOFT systemPaddingBottom:-1
05-17 00:58:31.166  1518  1518 I KeyboardModeManager: KeyboardModeManager.setInputView():356 setInputView() : entry=hwn{languageTag=en-US, variant=qwerty, hasLocalizedResources=true, conditionCacheKey=_device=phone_device_size=default_enable_adaptive_text_editing=true_enable_inline_suggestions_on_client_side=false_enable_large_tablet_batch_1=false_enable_large_tablet_batch_2=false_enable_more_candidates_view_for_multilingual=false_enable_nav_redesign=false_enable_number_row=false_enable_preemptive_decode=true_enable_secondary_symbols=false_expressions=normal_four_or_more_letter_rows=false_keyboard_mode=normal_language=en-US_orientation=portrait_physical_keyboard=qwerty_show_secondary_digits=true_show_suggestions=true_split_with_duplicate_keys=true_variant=qwerty, imeDef.stringId=ime_english_united_states, imeDef.className=com.google.android.apps.inputmethod.libs.latin5.LatinIme, imeDef.languageTag=en-US}
05-17 00:58:31.221  1518  1518 I VoiceImeExtension: VoiceImeExtension.shouldStartVoiceInputAutomatically():383 No private IME option set to start voice input.
05-17 00:58:31.278   614  1065 D AutofillInlineSuggestionsRequestSession: onInlineSuggestionsSessionInvalidated() called.
05-17 00:58:31.289   614  1065 D AutofillInlineSuggestionsRequestSession: onInlineSuggestionsRequest() received: InlineSuggestionsRequest { maxSuggestionCount = 9, inlinePresentationSpecs = [InlinePresentationSpec { minSize = 147x154, maxSize = 840x154, style = Bundle[mParcelledData.dataSize=2816] }, InlinePresentationSpec { minSize = 147x154, maxSize = 840x154, style = Bundle[mParcelledData.dataSize=2816] }, InlinePresentationSpec { minSize = 147x154, maxSize = 840x154, style = Bundle[mParcelledData.dataSize=2816] }, InlinePresentationSpec { minSize = 147x154, maxSize = 840x154, style = Bundle[mParcelledData.dataSize=2816] }, InlinePresentationSpec { minSize = 147x154, maxSize = 840x154, style = Bundle[mParcelledData.dataSize=2816] }, InlinePresentationSpec { minSize = 147x154, maxSize = 840x154, style = Bundle[mParcelledData.dataSize=2816] }, InlinePresentationSpec { minSize = 147x154, maxSize = 840x154, style = Bundle[mParcelledData.dataSize=2816] }, InlinePresentationSpec { minSize = 147x154, maxSize = 840x154, style = Bundle[mParcelledData.dataSize=2816] }, InlinePresentationSpec { minSize = 147x154, maxSize = 840x154, style = Bundle[mParcelledData.dataSize=2816] }], hostPackageName = com.google.android.inputmethod.latin, supportedLocales = [en_US], extras = Bundle[EMPTY_PARCEL], hostInputToken = android.os.BinderProxy@8a4d4aa, hostDisplayId = 0, inlineTooltipPresentationSpec = null }
05-17 00:58:31.295  1518  1518 I Choreographer: Skipped 48 frames!  The application may be doing too much work on its main thread.
05-17 00:58:31.382  1518  1518 I NormalModeController: NormalModeController.getKeyboardBodyViewHolderPaddingBottom():116 currentPrimeKeyboardType:SOFT systemPaddingBottom:-1
05-17 00:58:31.395  4494  4494 D InsetsController: show(ime(), fromIme=true)
05-17 00:58:31.401  1518  1905 D EGL_emulation: app_time_stats: avg=1291.92ms min=153.51ms max=2976.22ms count=3
05-17 00:58:31.407  4494  4494 I ImeTracker: com.example.campusconnect:d58e7002: onCancelled at PHASE_CLIENT_APPLY_ANIMATION
05-17 00:58:31.421  1518  2189 I Delight5Decoder: Delight5DecoderWrapper.setKeyboardLayout():457 setKeyboardLayout()
05-17 00:58:31.444  1518  1518 W TooltipLifecycleManager: TooltipLifecycleManager.dismissTooltips():159 Tooltip with id spell_check_add_to_dictionary not found in tooltipManager.
05-17 00:58:31.486  1518  1518 I GoogleInputMethodService: GoogleInputMethodService.setKeyboardViewShown():3483 setKeyboardViewShown() : type = HEADER, shownType = SHOW_MANDATORY_WITH_ANIMATION
05-17 00:58:31.494  1518  1518 I GoogleInputMethodService: GoogleInputMethodService.setKeyboardViewShown():3530 setKeyboardViewShown() : shouldShow = true
05-17 00:58:31.507   614   655 W Looper  : Slow dispatch took 181ms android.ui h=com.android.server.am.ActivityManagerService$UiHandler c=com.android.server.am.UidObserverController$$ExternalSyntheticLambda0@8379b53 m=0
05-17 00:58:31.534   614   614 W Looper  : Slow dispatch took 217ms main h=android.os.Handler c=com.android.internal.infra.ServiceConnector$Impl$$ExternalSyntheticLambda2@ad82033 m=0
05-17 00:58:31.539   614   614 W Looper  : Slow delivery took 217ms main h=android.os.Handler c=<recycled PooledLambda@2476ff0> m=0
05-17 00:58:31.544  1518  1518 I KeyboardViewController: KeyboardViewController.lambda$showSelfAndAncestors$6():609 current view doesn't has the priority com.google.android.apps.inputmethod.latin.keyboard.widget.LatinFixedCountCandidatesHolderView{eeb5b2f I.E...... ......I. 0,0-1132,154 #7f0b141a app:id/softkey_holder_fixed_candidates} to show itself, PREEMPTIVE
05-17 00:58:31.569  4494  4494 E FrameTracker: force finish cuj, time out: J<IME_INSETS_ANIMATION::0@1@com.example.campusconnect>
05-17 00:58:31.595  3099  3099 D BoundBrokerSvc: onBind: Intent { act=com.google.android.gms.common.BIND_SHARED_PREFS pkg=com.google.android.gms }
05-17 00:58:31.598  3099  3099 D BoundBrokerSvc: Loading bound service for intent: Intent { act=com.google.android.gms.common.BIND_SHARED_PREFS pkg=com.google.android.gms }
05-17 00:58:31.608   614   614 W Looper  : Drained
05-17 00:58:31.661  4494  4494 D InsetsController: show(ime(), fromIme=true)
05-17 00:58:31.663  4494  4494 I ImeTracker: com.example.campusconnect:d50a9361: onCancelled at PHASE_CLIENT_APPLY_ANIMATION
05-17 00:58:31.756  3099  3099 D BoundBrokerSvc: onUnbind: Intent { act=com.google.android.gms.common.BIND_SHARED_PREFS pkg=com.google.android.gms }
05-17 00:58:31.765  4494  4494 I TextInputPlugin: Composing region changed by the framework. Restarting the input method.
05-17 00:58:31.783  2907  2907 W AutofillChimeraService: Pending fill request while another request in the same session was triggered. [CONTEXT service_id=177 ]
05-17 00:58:31.802   915   928 I ndroid.systemui: Background young concurrent copying GC freed 377997(17MB) AllocSpace objects, 0(0B) LOS objects, 48% free, 17MB/34MB, paused 63.741ms,3.707ms total 343.593ms
05-17 00:58:31.875   614   614 W FillRequestEventLogger: Shouldn't be logging AutofillFillRequestReported again for same event
05-17 00:58:31.883   614   614 W FillResponseEventLogger: Shouldn't be logging AutofillFillRequestReported again for same event
05-17 00:58:31.899   614   614 D AutofillSession: clearPendingIntentLocked
05-17 00:58:31.906   614   614 D AutofillInlineSuggestionsRequestSession: onInlineSuggestionsResponseLocked called for:1073741824:-640933252@1190503983
05-17 00:58:31.915   614   614 D AutofillInlineSuggestionsRequestSession: maybeNotifyFillUiEventLoked(): hasSuggestionToShow=false, mPreviousHasNonPinSuggestionShow=false
05-17 00:58:31.919   614   614 D AutofillInlineSuggestionsRequestSession: Send inline response: 0
05-17 00:58:31.931   614   655 D AutofillUI: destroySaveUiUiThread(): already destroyed
05-17 00:58:31.967  1227  1227 V InlineSuggestionRenderService: handleDestroySuggestionViews called for 0:1190503983
05-17 00:58:32.045  3099  3099 D BoundBrokerSvc: onBind: Intent { act=com.google.android.gms.common.BIND_SHARED_PREFS pkg=com.google.android.gms }
05-17 00:58:32.054  3099  3099 D BoundBrokerSvc: Loading bound service for intent: Intent { act=com.google.android.gms.common.BIND_SHARED_PREFS pkg=com.google.android.gms }
05-17 00:58:32.066   614   614 W system_server: Long monitor contention with owner binder:614_10 (1797) at int com.android.server.am.ActivityManagerService.bindServiceInstance(android.app.IApplicationThread, android.os.IBinder, android.content.Intent, java.lang.String, android.app.IServiceConnection, long, java.lang.String, boolean, int, java.lang.String, android.app.IApplicationThread, java.lang.String, int)(ActivityManagerService.java:13404) waiters=0 in boolean com.android.server.am.ActivityManagerService.unbindService(android.app.IServiceConnection) for 111ms
05-17 00:58:32.093   614   775 W InputDispatcher: Dispatching key to 6e976f2 com.example.campusconnect/com.example.campusconnect.MainActivity even though there are other unprocessed events
05-17 00:58:32.099  4494  4526 E libEGL  : called unimplemented OpenGL ES API
05-17 00:58:32.158  4494  4526 D EGL_emulation: app_time_stats: avg=737.07ms min=530.17ms max=943.97ms count=2
05-17 00:58:32.170  4494  4494 W RemoteInputConnectionImpl: getSurroundingText on inactive InputConnection
05-17 00:58:32.217  1518  1518 W InputConnectionWrapper: InputConnectionWrapper.recordDuration():1451 IPC IC_GET_SURROUNDING_TEXT took 455 ms
05-17 00:58:32.242   614   614 W Looper  : Slow dispatch took 287ms main h=android.os.Handler c=com.android.internal.infra.ServiceConnector$Impl$$ExternalSyntheticLambda1@5054d08 m=0
05-17 00:58:32.244   614   614 W Looper  : Slow delivery took 289ms main h=android.os.Handler c=<recycled PooledLambda@2476ff0> m=0
05-17 00:58:32.246  2907  2923 I IPCThreadState: oneway function results for code 1 on binder at 0x7f60221a58e0 will be dropped but finished with status UNKNOWN_TRANSACTION and reply parcel size 80
05-17 00:58:32.258  3099  3099 D BoundBrokerSvc: onUnbind: Intent { act=com.google.android.gms.common.BIND_SHARED_PREFS pkg=com.google.android.gms }
05-17 00:58:32.433  4494  4494 W RemoteInputConnectionImpl: getTextBeforeCursor on inactive InputConnection
05-17 00:58:32.446  1518  1518 W InputConnectionWrapper: InputConnectionWrapper.recordDuration():1451 IPC IC_GET_TEXT_BEFORE_CURSOR took 179 ms
05-17 00:58:32.516  4494  4494 W RemoteInputConnectionImpl: getSurroundingText on inactive InputConnection
05-17 00:58:32.559  4494  4494 W RemoteInputConnectionImpl: getTextBeforeCursor on inactive InputConnection
05-17 00:58:32.602   614   775 W InputDispatcher: Dispatching key to 6e976f2 com.example.campusconnect/com.example.campusconnect.MainActivity even though there are other unprocessed events
05-17 00:58:32.626   614   614 W Looper  : Drained
05-17 00:58:32.655  4494  4494 W RemoteInputConnectionImpl: getTextBeforeCursor on inactive InputConnection
05-17 00:58:32.679  1518  1518 I GoogleInputMethodService: GoogleInputMethodService.onStartInput():1877 onStartInput(EditorInfo{inputType=0x8001(Normal) imeOptions=0x2000006 privateImeOptions=null actionName=DONE actionLabel=null actionId=0 initialSelStart=2 initialSelEnd=2 initialCapsMode=0x0 hintText=null label=null packageName=com.example.campusconnect fieldId=1 fieldName=null extras=Bundle[mParcelledData.dataSize=168]}, true)
05-17 00:58:32.683  1518  1518 I GoogleInputMethodService: GoogleInputMethodService.shouldHideHeaderOnInitialState():4008 ShouldHideHeaderOnInitialState = false
05-17 00:58:32.691  1518  1518 I GoogleInputMethodService: GoogleInputMethodService.updateDeviceLockedStatus():2087 repeatCheckTimes = 2, unlocked = true
05-17 00:58:32.700  1518  1518 W SessionManager: SessionManager.beginSession():53 Try to begin an already begun session [INPUT_SESSION], end it first
05-17 00:58:32.718  1518  1518 W SessionManager: SessionManager.endSession():96 Child session [INPUT_VIEW_SESSION] is not ended while ending session [{TRAINING_CACHE_SESSION=1747443510835, INPUT_SESSION=1747443510433, IME_SESSION=1747443510826, INPUT_VIEW_SESSION=1747443510452}], ending it now.
05-17 00:58:32.731  1518  1518 W SessionManager: SessionManager.endSession():96 Child session [IME_SESSION] is not ended while ending session [{TRAINING_CACHE_SESSION=1747443510835, INPUT_SESSION=1747443510433, IME_SESSION=1747443510826, INPUT_VIEW_SESSION=1747443510452}], ending it now.
05-17 00:58:32.772  1518  1518 I GoogleInputMethodService: GoogleInputMethodService.onStartInputView():1995 onStartInputView(EditorInfo{inputType=0x8001(Normal) imeOptions=0x2000006 privateImeOptions=null actionName=DONE actionLabel=null actionId=0 initialSelStart=2 initialSelEnd=2 initialCapsMode=0x0 hintText=null label=null packageName=com.example.campusconnect fieldId=1 fieldName=null extras=Bundle[{androidx.core.view.inputmethod.EditorInfoCompat.STYLUS_HANDWRITING_ENABLED=true}]}, true)
05-17 00:58:32.791  1518  1518 I GoogleInputMethodService: GoogleInputMethodService.updateDeviceLockedStatus():2087 repeatCheckTimes = 2, unlocked = true
05-17 00:58:32.801  1518  1518 W ModuleManager: ModuleManager.loadModule():450 Module erj is not available
05-17 00:58:32.833  1518  1763 I DeviceModeUtil: DeviceModeUtil.getDeviceMode():122 Get device mode phone by ui mode:1 and smallestScreenWidthDp:411
05-17 00:58:32.894  1518  1518 I InputContextChangeTracker: InputContextChangeTracker.fixLyingSelectionRangeFromSurroundingText():1497 fixLyingSelectionRangeFromSurroundingText(): [2, 2]([2, 2]) -> [3, 3]([3, 3])
05-17 00:58:32.931  1518  1518 I KeyboardViewUtil: KeyboardViewUtil.getKeyboardHeightRatio():189 systemKeyboardHeightRatio:1.000000; userKeyboardHeightRatio:1.000000.
05-17 00:58:32.937  1518  1518 W TooltipLifecycleManager: TooltipLifecycleManager.dismissTooltips():159 Tooltip with id spell_check_add_to_dictionary not found in tooltipManager.
05-17 00:58:32.951  1518  1518 I KeyboardWrapper: KeyboardWrapper.consumeEvent():275 Skip consuming an event as current keyboard is deactivated (state=0, keyboard existence=true)
05-17 00:58:32.962  1518  1518 I VoiceInputManagerWrapper: VoiceInputManagerWrapper.shutdown():77 shutdown()
05-17 00:58:32.986  1518  1518 I AndroidIME: AbstractIme.onDeactivate():207 LatinIme.onDeactivate()
05-17 00:58:32.991  1518  1518 W SessionManager: SessionManager.endSession():88 Try to end a not begun session [IME_SESSION].
05-17 00:58:32.999  1518  1518 I AndroidIME: AbstractIme.onActivate():86 LatinIme.onActivate() : EditorInfo = inputType=0x8001(Normal) imeOptions=0x2000006 privateImeOptions=null actionName=DONE actionLabel=null actionId=0 initialSelStart=2 initialSelEnd=2 initialCapsMode=0x0 hintText=null label=null packageName=com.example.campusconnect fieldId=1 fieldName=null extras=Bundle[{androidx.core.view.inputmethod.EditorInfoCompat.STYLUS_HANDWRITING_ENABLED=true}], IncognitoMode = false, DeviceLocked = false
05-17 00:58:33.007  1518  1518 I Delight5Facilitator: Delight5Facilitator.initializeForIme():777 initializeForIme() : Locale = [en_US], layout = qwerty
05-17 00:58:33.013  1518  1518 I VoiceInputManagerWrapper: VoiceInputManagerWrapper.cancelShutdown():55 cancelShutdown()
05-17 00:58:33.014  1518  1518 I VoiceInputManagerWrapper: VoiceInputManagerWrapper.syncLanguagePacks():67 syncLanguagePacks()
05-17 00:58:33.019  1518  1518 I LatinIme: LatinIme.updateEnableInlineSuggestionsOnDecoderSideFlags():1003 inline flag updated to:false
05-17 00:58:33.023  1518  5095 I SpeechFactory: SpeechRecognitionFactory.maybeScheduleAutoPackDownloadForFallback():205 maybeScheduleAutoPackDownloadForFallback()
05-17 00:58:33.054  1518  5095 I FallbackOnDeviceRecognitionProvider: FallbackOnDeviceRecognitionProvider.maybeScheduleAutoPackDownload():195 maybeScheduleAutoPackDownload() for language tag en-US
05-17 00:58:33.103  1518  1518 I KeyboardWrapper: KeyboardWrapper.consumeEvent():275 Skip consuming an event as current keyboard is deactivated (state=0, keyboard existence=true)
05-17 00:58:33.153  1518  1518 I KeyboardViewController: KeyboardViewController.lambda$showSelfAndAncestors$6():609 current view doesn't has the priority com.google.android.libraries.inputmethod.accesspoint.widget.AccessPointsBar{522e6a3 G.E...... ......I. 0,0-0,0 #7f0b0018 app:id/0_resource_name_obfuscated} to show itself, DEFAULT
05-17 00:58:33.165  1518  1518 I KeyboardViewUtil: KeyboardViewUtil.calculateMaxKeyboardBodyHeight():40 leave 473 height for app when screen height:2952, header height:154 and isFullscreenMode:false, so the max keyboard body height is:2325
05-17 00:58:33.182  1518  1518 I DeviceModeUtil: DeviceModeUtil.getDeviceMode():122 Get device mode phone by ui mode:1 and smallestScreenWidthDp:411
05-17 00:58:33.183  1518  1518 I GoogleInputMethodService: GoogleInputMethodService.setKeyboardViewShown():3483 setKeyboardViewShown() : type = HEADER, shownType = SHOW_OPTIONAL
05-17 00:58:33.183  1518  1518 I GoogleInputMethodService: GoogleInputMethodService.setKeyboardViewShown():3530 setKeyboardViewShown() : shouldShow = true
05-17 00:58:33.186  1518  1518 I GoogleInputMethodService: GoogleInputMethodService.setKeyboardViewShown():3483 setKeyboardViewShown() : type = BODY, shownType = SHOW_MANDATORY
05-17 00:58:33.190  1518  1518 I GoogleInputMethodService: GoogleInputMethodService.setKeyboardViewShown():3530 setKeyboardViewShown() : shouldShow = true
05-17 00:58:33.194  1518  1518 I GoogleInputMethodService: GoogleInputMethodService.setKeyboardViewShown():3483 setKeyboardViewShown() : type = FLOATING_CANDIDATES, shownType = HIDE
05-17 00:58:33.197  1518  1518 I GoogleInputMethodService: GoogleInputMethodService.setKeyboardViewShown():3530 setKeyboardViewShown() : shouldShow = false
05-17 00:58:33.209  1518  1518 I KeyboardViewUtil: KeyboardViewUtil.calculateMaxKeyboardBodyHeight():40 leave 473 height for app when screen height:2952, header height:154 and isFullscreenMode:false, so the max keyboard body height is:2325
05-17 00:58:33.213  1518  1518 I DeviceModeUtil: DeviceModeUtil.getDeviceMode():122 Get device mode phone by ui mode:1 and smallestScreenWidthDp:411
05-17 00:58:33.214  1518  1518 I GoogleInputMethodService: GoogleInputMethodService.setKeyboardViewShown():3483 setKeyboardViewShown() : type = HEADER, shownType = SHOW_MANDATORY_WITH_ANIMATION
05-17 00:58:33.215  1518  1518 I GoogleInputMethodService: GoogleInputMethodService.setKeyboardViewShown():3530 setKeyboardViewShown() : shouldShow = true
05-17 00:58:33.217  1518  1518 I KeyboardViewController: KeyboardViewController.lambda$showSelfAndAncestors$6():609 current view doesn't has the priority com.google.android.apps.inputmethod.latin.keyboard.widget.LatinFixedCountCandidatesHolderView{eeb5b2f I.E...... ......ID 0,0-1132,154 #7f0b141a app:id/softkey_holder_fixed_candidates} to show itself, DEFAULT
05-17 00:58:33.238  1518  2254 E native  : E0000 00:00:1747443513.178056    2254 keyboard.cc:27] Cannot create a keyboard with 0 valid keys
05-17 00:58:33.263  1518  1518 I DeviceModeUtil: DeviceModeUtil.getDeviceMode():122 Get device mode phone by ui mode:1 and smallestScreenWidthDp:411
05-17 00:58:33.269  1518  1518 I KeyboardModeManager: KeyboardModeManager.setInputView():364 setInputView() : supportsOneHandedMode=true
05-17 00:58:33.278  1518  1518 I NormalModeController: NormalModeController.getKeyboardBodyViewHolderPaddingBottom():116 currentPrimeKeyboardType:SOFT systemPaddingBottom:-1
05-17 00:58:33.305   614   775 W InputDispatcher: Dispatching key to 6e976f2 com.example.campusconnect/com.example.campusconnect.MainActivity even though there are other unprocessed events
05-17 00:58:33.307  1518  1518 I NormalModeController: NormalModeController.getKeyboardBodyViewHolderPaddingBottom():116 currentPrimeKeyboardType:SOFT systemPaddingBottom:-1
05-17 00:58:33.312  1518  1518 I KeyboardModeManager: KeyboardModeManager.setInputView():356 setInputView() : entry=hwn{languageTag=en-US, variant=qwerty, hasLocalizedResources=true, conditionCacheKey=_device=phone_device_size=default_enable_adaptive_text_editing=true_enable_inline_suggestions_on_client_side=false_enable_large_tablet_batch_1=false_enable_large_tablet_batch_2=false_enable_more_candidates_view_for_multilingual=false_enable_nav_redesign=false_enable_number_row=false_enable_preemptive_decode=true_enable_secondary_symbols=false_expressions=normal_four_or_more_letter_rows=false_keyboard_mode=normal_language=en-US_orientation=portrait_physical_keyboard=qwerty_show_secondary_digits=true_show_suggestions=true_split_with_duplicate_keys=true_variant=qwerty, imeDef.stringId=ime_english_united_states, imeDef.className=com.google.android.apps.inputmethod.libs.latin5.LatinIme, imeDef.languageTag=en-US}
05-17 00:58:33.361  1518  1518 I VoiceImeExtension: VoiceImeExtension.shouldStartVoiceInputAutomatically():383 No private IME option set to start voice input.
05-17 00:58:33.398  1518  1518 W InputContextProxyV4: InputContextProxyV4.applyClientDiffInternal():897 Ignore [FetchSuggestions] diff due to stale request: 72<74, inputStateId=19, lastInputStateId=20
