05-17 00:58:24.034  1518  1518 I AndroidIME: AbstractIme.onDeactivate():207 LatinIme.onDeactivate()
05-17 00:58:24.039  1518  1518 W SessionManager: SessionManager.endSession():88 Try to end a not begun session [IME_SESSION].
05-17 00:58:24.049  1518  1518 I AndroidIME: AbstractIme.onActivate():86 LatinIme.onActivate() : EditorInfo = inputType=0x8001(Normal) imeOptions=0x2000006 privateImeOptions=null actionName=DONE actionLabel=null actionId=0 initialSelStart=7 initialSelEnd=7 initialCapsMode=0x0 hintText=null label=null packageName=com.example.campusconnect fieldId=1 fieldName=null extras=Bundle[{androidx.core.view.inputmethod.EditorInfoCompat.STYLUS_HANDWRITING_ENABLED=true}], IncognitoMode = false, DeviceLocked = false
05-17 00:58:24.054  1518  1518 I Delight5Facilitator: Delight5Facilitator.initializeForIme():777 initializeForIme() : Locale = [en_US], layout = qwerty
05-17 00:58:24.058  1518  1518 I VoiceInputManagerWrapper: VoiceInputManagerWrapper.cancelShutdown():55 cancelShutdown()
05-17 00:58:24.062  1518  1518 I VoiceInputManagerWrapper: VoiceInputManagerWrapper.syncLanguagePacks():67 syncLanguagePacks()
05-17 00:58:24.067  1518  1518 I LatinIme: LatinIme.updateEnableInlineSuggestionsOnDecoderSideFlags():1003 inline flag updated to:false
05-17 00:58:24.083  1518  5095 I SpeechFactory: SpeechRecognitionFactory.maybeScheduleAutoPackDownloadForFallback():205 maybeScheduleAutoPackDownloadForFallback()
05-17 00:58:24.107  1518  5095 I FallbackOnDeviceRecognitionProvider: FallbackOnDeviceRecognitionProvider.maybeScheduleAutoPackDownload():195 maybeScheduleAutoPackDownload() for language tag en-US
05-17 00:58:24.198  1518  2189 I Delight5Decoder: Delight5DecoderWrapper.setKeyboardLayout():457 setKeyboardLayout()
05-17 00:58:24.215  1518  2189 I Delight5Decoder: Delight5DecoderWrapper.setKeyboardLayout():457 setKeyboardLayout()
05-17 00:58:24.218  1518  2254 E native  : E0000 00:00:1747443504.092242    2254 keyboard.cc:27] Cannot create a keyboard with 0 valid keys
05-17 00:58:24.306   915   915 D StatusBarIconController: ignoring old pipeline callback because the new wifi icon is enabled
05-17 00:58:24.318  1518  1518 I KeyboardWrapper: KeyboardWrapper.consumeEvent():275 Skip consuming an event as current keyboard is deactivated (state=0, keyboard existence=true)
05-17 00:58:24.357   614   775 W InputDispatcher: Dispatching key to 6e976f2 com.example.campusconnect/com.example.campusconnect.MainActivity even though there are other unprocessed events
05-17 00:58:24.393  1518  1518 I KeyboardViewController: KeyboardViewController.lambda$showSelfAndAncestors$6():609 current view doesn't has the priority com.google.android.libraries.inputmethod.accesspoint.widget.AccessPointsBar{522e6a3 G.E...... ......I. 0,0-0,0 #7f0b0018 app:id/0_resource_name_obfuscated} to show itself, DEFAULT
05-17 00:58:24.395  1518  1518 I KeyboardViewUtil: KeyboardViewUtil.calculateMaxKeyboardBodyHeight():40 leave 473 height for app when screen height:2952, header height:154 and isFullscreenMode:false, so the max keyboard body height is:2325
05-17 00:58:24.398  1518  1518 I DeviceModeUtil: DeviceModeUtil.getDeviceMode():122 Get device mode phone by ui mode:1 and smallestScreenWidthDp:411
05-17 00:58:24.405  1518  1526 I putmethod.latin: JIT allocated 52KB for compiled code of mzo hod.d(java.util.List)
05-17 00:58:24.409  1518  1518 I GoogleInputMethodService: GoogleInputMethodService.setKeyboardViewShown():3483 setKeyboardViewShown() : type = HEADER, shownType = SHOW_OPTIONAL
05-17 00:58:24.412  1518  1518 I GoogleInputMethodService: GoogleInputMethodService.setKeyboardViewShown():3530 setKeyboardViewShown() : shouldShow = true
05-17 00:58:24.417  1518  1518 I GoogleInputMethodService: GoogleInputMethodService.setKeyboardViewShown():3483 setKeyboardViewShown() : type = BODY, shownType = SHOW_MANDATORY
05-17 00:58:24.427  1518  1518 I GoogleInputMethodService: GoogleInputMethodService.setKeyboardViewShown():3530 setKeyboardViewShown() : shouldShow = true
05-17 00:58:24.431  1518  1518 I GoogleInputMethodService: GoogleInputMethodService.setKeyboardViewShown():3483 setKeyboardViewShown() : type = FLOATING_CANDIDATES, shownType = HIDE
05-17 00:58:24.434  1518  1518 I GoogleInputMethodService: GoogleInputMethodService.setKeyboardViewShown():3530 setKeyboardViewShown() : shouldShow = false
05-17 00:58:24.437  1518  1518 I KeyboardViewUtil: KeyboardViewUtil.calculateMaxKeyboardBodyHeight():40 leave 473 height for app when screen height:2952, header height:154 and isFullscreenMode:false, so the max keyboard body height is:2325
05-17 00:58:24.439  1518  1518 I DeviceModeUtil: DeviceModeUtil.getDeviceMode():122 Get device mode phone by ui mode:1 and smallestScreenWidthDp:411
05-17 00:58:24.443  1518  1518 I DeviceModeUtil: DeviceModeUtil.getDeviceMode():122 Get device mode phone by ui mode:1 and smallestScreenWidthDp:411
05-17 00:58:24.447  1518  1518 I KeyboardModeManager: KeyboardModeManager.setInputView():364 setInputView() : supportsOneHandedMode=true
05-17 00:58:24.453  1518  1518 I NormalModeController: NormalModeController.getKeyboardBodyViewHolderPaddingBottom():116 currentPrimeKeyboardType:SOFT systemPaddingBottom:-1
05-17 00:58:24.461  1518  1518 I NormalModeController: NormalModeController.getKeyboardBodyViewHolderPaddingBottom():116 currentPrimeKeyboardType:SOFT systemPaddingBottom:-1
05-17 00:58:24.487  1518  1994 I SP      : GC for 'bundled_emoji' (10) with ttl of 0 ms took 24 ms (0/24/0)
05-17 00:58:24.494  1518  1518 I KeyboardModeManager: KeyboardModeManager.setInputView():356 setInputView() : entry=hwn{languageTag=en-US, variant=qwerty, hasLocalizedResources=true, conditionCacheKey=_device=phone_device_size=default_enable_adaptive_text_editing=true_enable_inline_suggestions_on_client_side=false_enable_large_tablet_batch_1=false_enable_large_tablet_batch_2=false_enable_more_candidates_view_for_multilingual=false_enable_nav_redesign=false_enable_number_row=false_enable_preemptive_decode=true_enable_secondary_symbols=false_expressions=normal_four_or_more_letter_rows=false_keyboard_mode=normal_language=en-US_orientation=portrait_physical_keyboard=qwerty_show_secondary_digits=true_show_suggestions=true_split_with_duplicate_keys=true_variant=qwerty, imeDef.stringId=ime_english_united_states, imeDef.className=com.google.android.apps.inputmethod.libs.latin5.LatinIme, imeDef.languageTag=en-US}
05-17 00:58:24.503  4494  4526 E libEGL  : called unimplemented OpenGL ES API
05-17 00:58:24.505  1518  1518 I VoiceImeExtension: VoiceImeExtension.shouldStartVoiceInputAutomatically():383 No private IME option set to start voice input.
05-17 00:58:24.518  4494  4526 D EGL_emulation: app_time_stats: avg=335.58ms min=219.43ms max=440.15ms count=3
05-17 00:58:24.559  4494  4494 I TextInputPlugin: Composing region changed by the framework. Restarting the input method.
05-17 00:58:24.596   614  1065 W ProcessStats: Tracking association SourceState{63d0a6e system/1000 BFgs #3599} whose proc state 4 is better than process ProcessState{9a62aad com.google.android.inputmethod.latin/10147 pkg=com.google.android.inputmethod.latin} proc state 6 (37 skipped)
05-17 00:58:24.615  1518  1518 I Choreographer: Skipped 143 frames!  The application may be doing too much work on its main thread.
05-17 00:58:24.712  1518  1994 I SP      : Sync for kc_tflite_model succeeded in 5945 ms: no changes
05-17 00:58:24.724  3099  3099 D BoundBrokerSvc: onBind: Intent { act=com.google.android.gms.common.BIND_SHARED_PREFS pkg=com.google.android.gms }
05-17 00:58:24.725  3099  3099 D BoundBrokerSvc: Loading bound service for intent: Intent { act=com.google.android.gms.common.BIND_SHARED_PREFS pkg=com.google.android.gms }
05-17 00:58:24.730  1518  5098 I SuperDelight: SuperDelightManager$2.onSuccess():635 delight sync success, adding to data file manager
05-17 00:58:24.733  1518  5098 I DataFileManager: DataFileManager.addDataWithoutNotify():162 data en-840 already exists
05-17 00:58:24.767  1518  5098 I DataFileManager: DataFileManager.addDataWithoutNotify():162 data en-US already exists
05-17 00:58:24.777  3099  3099 D BoundBrokerSvc: onUnbind: Intent { act=com.google.android.gms.common.BIND_SHARED_PREFS pkg=com.google.android.gms }
05-17 00:58:24.827  1518  1994 I SP      : GC for 'kc_tflite_model' (10) with ttl of 0 ms took 1 ms (0/1/0)
05-17 00:58:24.870  1518  5099 I EmojiSuperpacksManager: EmojiSuperpacksManager.processPackSet():498 processPackSet() : isBundled = true
05-17 00:58:24.880  1518  1994 I SP      : Sync for bundled_delight succeeded in 5080 ms: {added: [main_en_us_2022051700_2], metadata: false
05-17 00:58:24.904  1518  1905 D EGL_emulation: app_time_stats: avg=2296.51ms min=2296.51ms max=2296.51ms count=1
05-17 00:58:24.919  1518  1533 I OpenGLRenderer: Davey! duration=2671ms; Flags=0, FrameTimelineVsyncId=229609, IntendedVsync=998222310194, Vsync=1000605643432, InputEventId=0, HandleInputStart=1000631501800, AnimationStart=1000631970800, PerformTraversalsStart=1000634067600, DrawStart=1000761858500, FrameDeadline=998572310180, FrameInterval=1000615393500, FrameStartTime=16666666, SyncQueued=1000813476900, SyncStart=1000827852700, IssueDrawCommandsStart=1000830011200, SwapBuffers=1000845573500, FrameCompleted=1000908018000, DequeueBufferDuration=261700, QueueBufferDuration=18806100, GpuCompleted=1000874500800, SwapBuffersCompleted=1000908018000, DisplayPresentTime=0, CommandSubmissionCompleted=1000845573500, 
05-17 00:58:24.922  1518  5101 I EmojiSuperpacksManager: EmojiSuperpacksManager.processPackSet():498 processPackSet() : isBundled = false
05-17 00:58:24.923  1518  1995 I EmojiSuperpacksManager: EmojiSuperpacksManager.triggerSync():374 triggerSync() : isBundled = false
05-17 00:58:24.927  1518  1995 I EmojiShortcutsLoader: EmojiShortcutsLoader.getEmojiShortcuts():117 Reading en_US emoji shortcuts
05-17 00:58:24.949  4494  4494 W RemoteInputConnectionImpl: getSurroundingText on inactive InputConnection
05-17 00:58:24.963  1518  1518 W InputConnectionWrapper: InputConnectionWrapper.recordDuration():1451 IPC IC_GET_SURROUNDING_TEXT took 112 ms
05-17 00:58:24.965   614   655 W Looper  : Slow dispatch took 153ms android.ui h=com.android.server.am.ActivityManagerService$UiHandler c=com.android.server.am.UidObserverController$$ExternalSyntheticLambda0@8379b53 m=0
05-17 00:58:25.011  1518  1995 I EmojiShortcutsLoader: EmojiShortcutsLoader.getEmojiShortcuts():134 Read en_US emoji shortcuts successfully.
05-17 00:58:25.029  1518  1995 I EmojiShortcutsLoader: EmojiShortcutsLoader.call():63 1 emoji shortcut maps loaded.
05-17 00:58:25.034  1518  1995 I EmojiShortcutsLoader: EmojiShortcutsLoader.call():72 Finished loading emoji shortcuts
05-17 00:58:25.039  1518  1995 I EmojiShortcutsLoader: EmojiShortcutsLoader.getEmojiShortcuts():117 Reading en_US emoji shortcuts
05-17 00:58:25.087  4494  4494 W RemoteInputConnectionImpl: getTextBeforeCursor on inactive InputConnection
05-17 00:58:25.128  4494  4494 W RemoteInputConnectionImpl: getSurroundingText on inactive InputConnection
05-17 00:58:25.153  4494  4494 W RemoteInputConnectionImpl: getTextBeforeCursor on inactive InputConnection
05-17 00:58:25.292  4494  4494 W RemoteInputConnectionImpl: getSurroundingText on inactive InputConnection
05-17 00:58:25.331   915   928 I ndroid.systemui: Background young concurrent copying GC freed 376072(17MB) AllocSpace objects, 0(0B) LOS objects, 49% free, 17MB/34MB, paused 6.517ms,280us total 118.867ms
05-17 00:58:25.348  1518  1995 I EmojiShortcutsLoader: EmojiShortcutsLoader.getEmojiShortcuts():134 Read en_US emoji shortcuts successfully.
05-17 00:58:25.370  1518  1994 I SP      : GC for 'bundled_delight' (10) with ttl of 0 ms took 10 ms (0/10/0)
05-17 00:58:25.379  1518  1994 I LmManager: LmManager$1.onSuccess():76 Bundled delight sync success
05-17 00:58:25.390  4494  4494 W RemoteInputConnectionImpl: getTextBeforeCursor on inactive InputConnection
05-17 00:58:25.474  4494  4494 W RemoteInputConnectionImpl: getSurroundingText on inactive InputConnection
05-17 00:58:25.485  1518  1994 I SP      : Registering emoji.2023020111, url: https://www.gstatic.com/android/keyboard/modelpack/emoji/20230201113008/superpacks_manifest.zip, constraints: m:*:*:*, flags: *, requested: 2023020111, current: 2023020111
05-17 00:58:25.513  1518  5097 I SuperDelight: SuperDelightManager$2.onSuccess():635 bundled_delight sync success, adding to data file manager
05-17 00:58:25.515  1518  5097 I DataFileManager: DataFileManager.addDataWithoutNotify():166 adding data en-US bundled_delight
05-17 00:58:25.535  4494  4526 D EGL_emulation: app_time_stats: avg=235.89ms min=122.01ms max=292.82ms count=4
05-17 00:58:25.545  4494  4494 W RemoteInputConnectionImpl: getTextBeforeCursor on inactive InputConnection
05-17 00:58:25.597  1518  1994 I EmojiSlicingStrategy: EmojiSlicingStrategy.matchEnabledLocalesWithPackLocales():127 matchEnabledLocalesWithPackLocales() : User enabled 1 locales; returning 1 slices
05-17 00:58:25.599  1518  1994 I SP      : Syncing emoji (2023020111) with slices: [{60932fe37d5f6d7a3e60488d8a1755c4, m:*:*:*}], metadata: false
05-17 00:58:25.602  1518  1518 W InputContextProxyV4: InputContextProxyV4.applyClientDiffInternal():897 Ignore [FetchSuggestions] diff due to stale request: 5<42, inputStateId=19, lastInputStateId=28
05-17 00:58:25.615  1518  1995 I EmojiShortcutsLoader: EmojiShortcutsLoader.call():63 1 emoji shortcut maps loaded.
05-17 00:58:25.659  4494  4494 W RemoteInputConnectionImpl: getSurroundingText on inactive InputConnection
05-17 00:58:25.704  4494  4526 E libEGL  : called unimplemented OpenGL ES API
05-17 00:58:25.731  1518  1995 I EmojiShortcutsLoader: EmojiShortcutsLoader.call():72 Finished loading emoji shortcuts
05-17 00:58:25.785  1518  5089 W putmethod.latin: Weak pointer dereference blocked for 119 milliseconds.
05-17 00:58:25.799  1518  1518 W InputConnectionWrapper: InputConnectionWrapper.recordDuration():1451 IPC IC_GET_SURROUNDING_TEXT took 155 ms
05-17 00:58:25.850  1518  1527 I putmethod.latin: Background young concurrent copying GC freed 161050(6796KB) AllocSpace objects, 8(416KB) LOS objects, 32% free, 12MB/19MB, paused 16.183ms,4.088ms total 686.666ms
05-17 00:58:25.862  4494  4494 W RemoteInputConnectionImpl: getTextBeforeCursor on inactive InputConnection
05-17 00:58:25.866  1518  1529 W SP      : File ref is being finalized but wasn't closed, file: main_en_us_2022101700_1[4]
05-17 00:58:25.883  1518  1529 W SP      : File ref is being finalized but wasn't closed, file: main_en_840_2022102600_1[4]
05-17 00:58:25.900  4494  4494 W RemoteInputConnectionImpl: getSurroundingText on inactive InputConnection
05-17 00:58:25.919  1518  1529 W SP      : File ref is being finalized but wasn't closed, file: main_en_us_2022101700_1[4]
05-17 00:58:25.922  1518  1529 W SP      : File ref is being finalized but wasn't closed, file: main_en_840_2022102600_1[4]
05-17 00:58:25.937  1518  1529 W SP      : File ref is being finalized but wasn't closed, file: 2023012316_en[7]
05-17 00:58:25.951  1518  1529 W SP      : File ref is being finalized but wasn't closed, file: 2023012316_en[7]
05-17 00:58:25.974  1518  1529 W SP      : File ref is being finalized but wasn't closed, file: 2023012316_en[7]
05-17 00:58:25.988   915   915 D StatusBarIconController: ignoring old pipeline callbacks, because the new mobile icons are enabled
05-17 00:58:25.994  4494  4494 W RemoteInputConnectionImpl: getTextBeforeCursor on inactive InputConnection
05-17 00:58:26.103  4494  4494 W RemoteInputConnectionImpl: getSurroundingText on inactive InputConnection
05-17 00:58:26.130  4494  4494 W RemoteInputConnectionImpl: getTextBeforeCursor on inactive InputConnection
05-17 00:58:26.161  4494  4494 W RemoteInputConnectionImpl: getSurroundingText on inactive InputConnection
05-17 00:58:26.193  1518  1518 W InputContextProxyV4: InputContextProxyV4.applyClientDiffInternal():897 Ignore [FetchSuggestions] diff due to stale request: 35<44, inputStateId=22, lastInputStateId=30
05-17 00:58:26.213  4494  4494 W RemoteInputConnectionImpl: getSurroundingText on inactive InputConnection
05-17 00:58:26.291  4494  4494 W RemoteInputConnectionImpl: getTextBeforeCursor on inactive InputConnection
05-17 00:58:26.426  1518  1994 I SP      : Sync for emoji succeeded in 833 ms: no changes
05-17 00:58:26.442  1518  1994 I SP      : GC for 'emoji' (10) with ttl of 0 ms took 1 ms (1/0/0)
05-17 00:58:26.455  4494  4494 W RemoteInputConnectionImpl: getTextBeforeCursor on inactive InputConnection
05-17 00:58:26.482  1518  1518 W InputConnectionWrapper: InputConnectionWrapper.recordDuration():1451 IPC IC_GET_TEXT_BEFORE_CURSOR took 151 ms
05-17 00:58:26.543  4494  4494 W RemoteInputConnectionImpl: getSurroundingText on inactive InputConnection
05-17 00:58:26.586  1518  1518 I NormalModeController: NormalModeController.getKeyboardBodyViewHolderPaddingBottom():116 currentPrimeKeyboardType:SOFT systemPaddingBottom:-1
05-17 00:58:26.597  1518  2189 I Delight5Decoder: Delight5DecoderWrapper.setKeyboardLayout():457 setKeyboardLayout()
05-17 00:58:26.603  4494  4494 W RemoteInputConnectionImpl: getSurroundingText on inactive InputConnection
05-17 00:58:26.625  4494  4494 W RemoteInputConnectionImpl: getTextBeforeCursor on inactive InputConnection
05-17 00:58:26.658  4494  4494 W RemoteInputConnectionImpl: getTextBeforeCursor on inactive InputConnection
05-17 00:58:26.679  4494  4494 W RemoteInputConnectionImpl: getSurroundingText on inactive InputConnection
05-17 00:58:26.695  3099  3099 D BoundBrokerSvc: onBind: Intent { act=com.google.android.gms.common.BIND_SHARED_PREFS pkg=com.google.android.gms }
05-17 00:58:26.702  3099  3099 D BoundBrokerSvc: Loading bound service for intent: Intent { act=com.google.android.gms.common.BIND_SHARED_PREFS pkg=com.google.android.gms }
05-17 00:58:26.729  4494  4494 W RemoteInputConnectionImpl: getTextBeforeCursor on inactive InputConnection
05-17 00:58:26.734  4494  4526 E libEGL  : called unimplemented OpenGL ES API
05-17 00:58:26.746  1518  1518 I GoogleInputMethodService: GoogleInputMethodService.onStartInput():1877 onStartInput(EditorInfo{inputType=0x8001(Normal) imeOptions=0x2000006 privateImeOptions=null actionName=DONE actionLabel=null actionId=0 initialSelStart=2 initialSelEnd=2 initialCapsMode=0x0 hintText=null label=null packageName=com.example.campusconnect fieldId=1 fieldName=null extras=Bundle[mParcelledData.dataSize=168]}, true)
05-17 00:58:26.747  1518  1518 I GoogleInputMethodService: GoogleInputMethodService.shouldHideHeaderOnInitialState():4008 ShouldHideHeaderOnInitialState = false
05-17 00:58:26.759  1518  1518 I GoogleInputMethodService: GoogleInputMethodService.updateDeviceLockedStatus():2087 repeatCheckTimes = 2, unlocked = true
05-17 00:58:26.763  1518  1518 W SessionManager: SessionManager.beginSession():53 Try to begin an already begun session [INPUT_SESSION], end it first
05-17 00:58:26.759  3099  3099 D BoundBrokerSvc: onUnbind: Intent { act=com.google.android.gms.common.BIND_SHARED_PREFS pkg=com.google.android.gms }
05-17 00:58:26.778  1518  1518 W SessionManager: SessionManager.endSession():96 Child session [INPUT_VIEW_SESSION] is not ended while ending session [{TRAINING_CACHE_SESSION=1747443504051, INPUT_SESSION=1747443503815, IME_SESSION=1747443504046, INPUT_VIEW_SESSION=1747443503829}], ending it now.
05-17 00:58:26.779  1518  1518 W SessionManager: SessionManager.endSession():96 Child session [IME_SESSION] is not ended while ending session [{TRAINING_CACHE_SESSION=1747443504051, INPUT_SESSION=1747443503815, IME_SESSION=1747443504046, INPUT_VIEW_SESSION=1747443503829}], ending it now.
05-17 00:58:26.789  4494  4526 D EGL_emulation: app_time_stats: avg=249.15ms min=165.14ms max=443.83ms count=5
05-17 00:58:26.801  1518  1518 I GoogleInputMethodService: GoogleInputMethodService.onStartInputView():1995 onStartInputView(EditorInfo{inputType=0x8001(Normal) imeOptions=0x2000006 privateImeOptions=null actionName=DONE actionLabel=null actionId=0 initialSelStart=2 initialSelEnd=2 initialCapsMode=0x0 hintText=null label=null packageName=com.example.campusconnect fieldId=1 fieldName=null extras=Bundle[{androidx.core.view.inputmethod.EditorInfoCompat.STYLUS_HANDWRITING_ENABLED=true}]}, true)
05-17 00:58:26.813  1518  1518 I GoogleInputMethodService: GoogleInputMethodService.updateDeviceLockedStatus():2087 repeatCheckTimes = 2, unlocked = true
05-17 00:58:26.815  1518  1518 W ModuleManager: ModuleManager.loadModule():450 Module erj is not available
05-17 00:58:26.854  1518  1518 I InputContextChangeTracker: InputContextChangeTracker.fixLyingSelectionRangeFromSurroundingText():1497 fixLyingSelectionRangeFromSurroundingText(): [2, 2]([2, 2]) -> [1, 1]([1, 1])
05-17 00:58:26.869  1518  1763 I DeviceModeUtil: DeviceModeUtil.getDeviceMode():122 Get device mode phone by ui mode:1 and smallestScreenWidthDp:411
05-17 00:58:26.871  1518  1518 I KeyboardViewUtil: KeyboardViewUtil.getKeyboardHeightRatio():189 systemKeyboardHeightRatio:1.000000; userKeyboardHeightRatio:1.000000.
05-17 00:58:26.903  1518  1518 W TooltipLifecycleManager: TooltipLifecycleManager.dismissTooltips():159 Tooltip with id spell_check_add_to_dictionary not found in tooltipManager.
05-17 00:58:26.918  1518  2189 I native  : I0000 00:00:1747443506.810808    2189 input-context-store.cc:255] Ignoring stale client request for FetchSuggestions
05-17 00:58:26.943  1518  1518 I KeyboardWrapper: KeyboardWrapper.consumeEvent():275 Skip consuming an event as current keyboard is deactivated (state=0, keyboard existence=true)
05-17 00:58:26.946  1518  1518 I VoiceInputManagerWrapper: VoiceInputManagerWrapper.shutdown():77 shutdown()
05-17 00:58:26.963  1518  1518 I AndroidIME: AbstractIme.onDeactivate():207 LatinIme.onDeactivate()
05-17 00:58:26.971  1518  1518 W SessionManager: SessionManager.endSession():88 Try to end a not begun session [IME_SESSION].
05-17 00:58:26.977  1518  1518 I AndroidIME: AbstractIme.onActivate():86 LatinIme.onActivate() : EditorInfo = inputType=0x8001(Normal) imeOptions=0x2000006 privateImeOptions=null actionName=DONE actionLabel=null actionId=0 initialSelStart=2 initialSelEnd=2 initialCapsMode=0x0 hintText=null label=null packageName=com.example.campusconnect fieldId=1 fieldName=null extras=Bundle[{androidx.core.view.inputmethod.EditorInfoCompat.STYLUS_HANDWRITING_ENABLED=true}], IncognitoMode = false, DeviceLocked = false
05-17 00:58:26.997  1518  1518 I Delight5Facilitator: Delight5Facilitator.initializeForIme():777 initializeForIme() : Locale = [en_US], layout = qwerty
05-17 00:58:26.998  1518  1518 I Delight5Facilitator: Delight5Facilitator.resetDecoder():954 resetDecoder() : Locale = [en_US]
05-17 00:58:27.003  1518  1518 I Delight5Decoder: Delight5DecoderWrapper.createOrResetDecoder():341 Decoder reset
05-17 00:58:27.041   614   655 W Looper  : Slow dispatch took 115ms android.ui h=com.android.server.am.ActivityManagerService$UiHandler c=com.android.server.am.UidObserverController$$ExternalSyntheticLambda0@8379b53 m=0
05-17 00:58:27.110  1518  2254 E native  : E0000 00:00:1747443507.052732    2254 keyboard.cc:27] Cannot create a keyboard with 0 valid keys
05-17 00:58:27.252  1518  1526 I putmethod.latin: JIT allocated 85KB for compiled code of boolean dsd.a(ikb, java.lang.Object[])
05-17 00:58:27.253  1518  1526 I putmethod.latin: Compiler allocated 4232KB to compile boolean dsd.a(ikb, java.lang.Object[])
05-17 00:58:27.265  1518  1995 I MainLanguageModelLoader: MainLanguageModelLoader.call():145 Running LM loader for [en_US]
05-17 00:58:27.266  1518  1995 I DelightDataFileManagerLanguageModelProvider: DelightDataFileManagerLanguageModelProvider.fetchLanguageModel():73 find data en-840 delight
05-17 00:58:27.267  1518  1995 I LmManager: LmManager.asyncUpdateEnabledLanguageModels():90 asyncUpdateEnabledLanguageModels()
05-17 00:58:27.268  1518  1995 I SuperDelight: SuperDelightManager.initializeDelightSuperpacks():340 initializeDelightSuperpacks()
05-17 00:58:27.268  1518  5097 I SuperDelight: SuperDelightManager.initializeBundledDelightSuperpacks():376 initializeBundledDelightSuperpacks()
05-17 00:58:27.268  1518  1995 I SuperDelight: SuperDelightManager.getDelightMetadataUriAndVersion():1011 getDelightMetadataUriAndVersion(): Phenotype : 2023020919 : https://www.gstatic.com/android/keyboard/dictionarypack/Omei-normal/metadata.json
05-17 00:58:27.269  1518  1518 I VoiceInputManagerWrapper: VoiceInputManagerWrapper.cancelShutdown():55 cancelShutdown()
05-17 00:58:27.269  1518  1518 I VoiceInputManagerWrapper: VoiceInputManagerWrapper.syncLanguagePacks():67 syncLanguagePacks()
05-17 00:58:27.269  1518  1995 I SuperDelight: SuperDelightAppsSuperpacksManager.initializeDelightAppsSuperpacks():92 initializeDelightAppsSuperpacks()
05-17 00:58:27.270  1518  1995 I SuperDelight: SuperDelightManager.initializeOverridesSuperpacks():402 initializeOverridesSuperpacks()
05-17 00:58:27.270  1518  5095 I SpeechFactory: SpeechRecognitionFactory.maybeScheduleAutoPackDownloadForFallback():205 maybeScheduleAutoPackDownloadForFallback()
05-17 00:58:27.271  1518  5095 I FallbackOnDeviceRecognitionProvider: FallbackOnDeviceRecognitionProvider.maybeScheduleAutoPackDownload():195 maybeScheduleAutoPackDownload() for language tag en-US
05-17 00:58:27.272  1518  1995 I DelightDataFileManagerLanguageModelProvider: DelightDataFileManagerLanguageModelProvider.fetchLanguageModel():73 find data en-US delight
05-17 00:58:27.272  1518  1518 I LatinIme: LatinIme.updateEnableInlineSuggestionsOnDecoderSideFlags():1003 inline flag updated to:false
05-17 00:58:27.273  1518  1995 I LmManager: LmManager.asyncUpdateEnabledLanguageModels():90 asyncUpdateEnabledLanguageModels()
05-17 00:58:27.274  1518  1995 I SuperDelight: SuperDelightManager.initializeDelightSuperpacks():340 initializeDelightSuperpacks()
05-17 00:58:27.274  1518  1995 I SuperDelight: SuperDelightManager.getDelightMetadataUriAndVersion():1011 getDelightMetadataUriAndVersion(): Phenotype : 2023020919 : https://www.gstatic.com/android/keyboard/dictionarypack/Omei-normal/metadata.json
05-17 00:58:27.275  1518  5097 I SuperDelight: SuperDelightManager.initializeBundledDelightSuperpacks():376 initializeBundledDelightSuperpacks()
05-17 00:58:27.286  1518  1518 I KeyboardWrapper: KeyboardWrapper.consumeEvent():275 Skip consuming an event as current keyboard is deactivated (state=0, keyboard existence=true)
05-17 00:58:27.288  1518  1995 I SuperDelight: SuperDelightAppsSuperpacksManager.initializeDelightAppsSuperpacks():92 initializeDelightAppsSuperpacks()
05-17 00:58:27.288  1518  1995 I SuperDelight: SuperDelightManager.initializeOverridesSuperpacks():402 initializeOverridesSuperpacks()
05-17 00:58:27.289  1518  1994 I SP      : Registering bundled_delight.2022101700, url: null, constraints: *:*:*:*, flags: *, requested: 2022101700, current: 2022101700
05-17 00:58:27.290  1518  2189 I Delight5Decoder: Delight5DecoderWrapper.loadLanguageModel():649 loadLanguageModel() : 1, version [2022102600]
05-17 00:58:27.290  1518  5097 I SuperDelight: SuperDelightManager.lambda$registerAndUpgradeSuperpacks$5():476 SuperDelightManager#registerAndUpgradeSuperpacks(delight): current 2023020919, required 2023020919
05-17 00:58:27.292  1518  5097 I SuperDelight: SuperDelightManager.lambda$syncOverridesLanguageModels$14():689 SuperDelightManager#syncOverridesLanguageModels(): Superpack delight_overrides not found or negative version provided
05-17 00:58:27.294  1518  5098 I SuperDelight: SuperDelightManager.lambda$registerAndUpgradeSuperpacks$5():476 SuperDelightManager#registerAndUpgradeSuperpacks(delight): current 2023020919, required 2023020919
05-17 00:58:27.301  1518  1994 I SP      : Registering bundled_delight.2022101700, url: null, constraints: *:*:*:*, flags: *, requested: 2022101700, current: 2022101700
05-17 00:58:27.303  1518  5097 I SuperDelight: SuperDelightManager.lambda$syncOverridesLanguageModels$14():689 SuperDelightManager#syncOverridesLanguageModels(): Superpack delight_overrides not found or negative version provided
05-17 00:58:27.306  1518  5097 I SuperDelight: SuperDelightManager.lambda$syncDownloadableLanguageModels$8():568 SuperDelightManager#syncDownloadableLanguageModels(delight): [OnDevice] Syncing for version 2023020919
05-17 00:58:27.308  1518  5097 I SuperDelight: SuperDelightManager$2.onSuccess():635 delight_overrides sync success, adding to data file manager
05-17 00:58:27.308   915   915 D StatusBarIconController: ignoring old pipeline callback because the new wifi icon is enabled
05-17 00:58:27.309  1518  1995 I MainLanguageModelLoader: MainLanguageModelLoader.updateLmAvailableState():392 updateLmAvailableState(): locale? en_US prevState? AVAILABLE
05-17 00:58:27.310  1518  1995 I MainLanguageModelLoader: MainLanguageModelLoader.updateLmAvailableState():428 updateLmAvailableState(): locale? en_US newState? AVAILABLE
05-17 00:58:27.311  1518  5098 I SuperDelight: SuperDelightManager.lambda$syncDownloadableLanguageModels$8():568 SuperDelightManager#syncDownloadableLanguageModels(delight): [OnDevice] Syncing for version 2023020919
05-17 00:58:27.312  1518  5097 I SuperDelight: SuperDelightManager$2.onSuccess():635 delight_overrides sync success, adding to data file manager
05-17 00:58:27.313  1518  1995 I Delight5Facilitator: BlocklistLoader.call():37 Running blocklist loader
05-17 00:58:27.314  1518  5098 I SuperDelight: SuperDelightManager.lambda$syncBundledLanguageModels$16():774 SuperDelightManager#syncBundledLanguageModels(): Syncing for version 2022101700
05-17 00:58:27.315  1518  1518 I KeyboardViewController: KeyboardViewController.lambda$showSelfAndAncestors$6():609 current view doesn't has the priority com.google.android.libraries.inputmethod.accesspoint.widget.AccessPointsBar{522e6a3 G.E...... ......I. 0,0-0,0 #7f0b0018 app:id/0_resource_name_obfuscated} to show itself, DEFAULT
05-17 00:58:27.316  1518  1995 I Delight5Facilitator: ContactsLanguageModelLoader.call():35 Running contacts language model loader
05-17 00:58:27.317  1518  1995 I Delight5Facilitator: ContactsLanguageModelLoader.call():47 Contacts language model is unloaded: preferences=false, deviceLocked=false
05-17 00:58:27.317  1518  5098 I SuperDelight: SuperDelightManager.lambda$syncBundledLanguageModels$16():774 SuperDelightManager#syncBundledLanguageModels(): Syncing for version 2022101700
05-17 00:58:27.319  1518  1518 I KeyboardViewUtil: KeyboardViewUtil.calculateMaxKeyboardBodyHeight():40 leave 473 height for app when screen height:2952, header height:154 and isFullscreenMode:false, so the max keyboard body height is:2325
05-17 00:58:27.321  1518  1518 I DeviceModeUtil: DeviceModeUtil.getDeviceMode():122 Get device mode phone by ui mode:1 and smallestScreenWidthDp:411
05-17 00:58:27.324  1518  1994 I SuperDelight: SuperDelightBundledSlicingStrategy.getSlices():39 BundledSlicing#getSlices() : Locale = [en_US]
05-17 00:58:27.325  1518  1518 I GoogleInputMethodService: GoogleInputMethodService.setKeyboardViewShown():3483 setKeyboardViewShown() : type = HEADER, shownType = SHOW_OPTIONAL
05-17 00:58:27.325  1518  1518 I GoogleInputMethodService: GoogleInputMethodService.setKeyboardViewShown():3530 setKeyboardViewShown() : shouldShow = true
05-17 00:58:27.326  1518  1518 I GoogleInputMethodService: GoogleInputMethodService.setKeyboardViewShown():3483 setKeyboardViewShown() : type = BODY, shownType = SHOW_MANDATORY
05-17 00:58:27.326  1518  1518 I GoogleInputMethodService: GoogleInputMethodService.setKeyboardViewShown():3530 setKeyboardViewShown() : shouldShow = true
05-17 00:58:27.326  1518  1518 I GoogleInputMethodService: GoogleInputMethodService.setKeyboardViewShown():3483 setKeyboardViewShown() : type = FLOATING_CANDIDATES, shownType = HIDE
05-17 00:58:27.327  1518  1518 I GoogleInputMethodService: GoogleInputMethodService.setKeyboardViewShown():3530 setKeyboardViewShown() : shouldShow = false
05-17 00:58:27.328  1518  1518 I KeyboardViewUtil: KeyboardViewUtil.calculateMaxKeyboardBodyHeight():40 leave 473 height for app when screen height:2952, header height:154 and isFullscreenMode:false, so the max keyboard body height is:2325
05-17 00:58:27.329  1518  1518 I DeviceModeUtil: DeviceModeUtil.getDeviceMode():122 Get device mode phone by ui mode:1 and smallestScreenWidthDp:411
05-17 00:58:27.331  1518  1518 I DeviceModeUtil: DeviceModeUtil.getDeviceMode():122 Get device mode phone by ui mode:1 and smallestScreenWidthDp:411
05-17 00:58:27.331  1518  1518 I KeyboardModeManager: KeyboardModeManager.setInputView():364 setInputView() : supportsOneHandedMode=true
05-17 00:58:27.331  1518  1518 I NormalModeController: NormalModeController.getKeyboardBodyViewHolderPaddingBottom():116 currentPrimeKeyboardType:SOFT systemPaddingBottom:-1
05-17 00:58:27.332  1518  1518 I NormalModeController: NormalModeController.getKeyboardBodyViewHolderPaddingBottom():116 currentPrimeKeyboardType:SOFT systemPaddingBottom:-1
05-17 00:58:27.333  1518  1518 I KeyboardModeManager: KeyboardModeManager.setInputView():356 setInputView() : entry=hwn{languageTag=en-US, variant=qwerty, hasLocalizedResources=true, conditionCacheKey=_device=phone_device_size=default_enable_adaptive_text_editing=true_enable_inline_suggestions_on_client_side=false_enable_large_tablet_batch_1=false_enable_large_tablet_batch_2=false_enable_more_candidates_view_for_multilingual=false_enable_nav_redesign=false_enable_number_row=false_enable_preemptive_decode=true_enable_secondary_symbols=false_expressions=normal_four_or_more_letter_rows=false_keyboard_mode=normal_language=en-US_orientation=portrait_physical_keyboard=qwerty_show_secondary_digits=true_show_suggestions=true_split_with_duplicate_keys=true_variant=qwerty, imeDef.stringId=ime_english_united_states, imeDef.className=com.google.android.apps.inputmethod.libs.latin5.LatinIme, imeDef.languageTag=en-US}
05-17 00:58:27.335  1518  1995 I Delight5Facilitator: PersonalLanguageModelLoader.call():44 Running personal language model loader
05-17 00:58:27.336  1518  1994 I SuperDelight: SuperDelightBundledSlicingStrategy.getSlices():65 BundledSlicing#getSlices(): result {slices=[bundled_delight:main_en_us_2022051700_2], last batch=true, sync metadata=false}
05-17 00:58:27.336  1518  1994 I SP      : Syncing bundled_delight (2022101700) with slices: [main_en_us_2022051700_2], metadata: false
05-17 00:58:27.338  1518  1518 I VoiceImeExtension: VoiceImeExtension.shouldStartVoiceInputAutomatically():383 No private IME option set to start voice input.
05-17 00:58:27.339  1518  1994 I SuperDelight: SuperDelightDownloadSlicingStrategy.getSlices():68 DownloadSlicing#getSlices() : Locale = [en_US]
05-17 00:58:27.339  1518  1995 I Delight5Facilitator: UserHistoryLanguageModelLoader.call():82 Running user history language model loader
05-17 00:58:27.341  1518  1995 I EmojiShortcutsLoader: EmojiShortcutsLoader.getEmojiShortcuts():117 Reading en_US emoji shortcuts
05-17 00:58:27.348  1518  1518 W InputContextProxyV4: InputContextProxyV4.applyClientDiffInternal():897 Ignore [FetchSuggestions] diff due to stale request: 37<53, inputStateId=24, lastInputStateId=1
05-17 00:58:27.350  1518  1518 I Choreographer: Skipped 149 frames!  The application may be doing too much work on its main thread.
05-17 00:58:27.370  1518  2189 E native  : E0000 00:00:1747443507.370831    2189 scoped-file.cc:106] open() failed for /data/user/0/com.google.android.inputmethod.latin/files/personal/adapt_state.en.dat: No such file or directory [2]
05-17 00:58:27.407  1518  1994 I SuperDelight: SuperDelightDownloadSlicingStrategy.getSlices():125 DownloadSlicing#getSlices(): result {slices=[{delight:main_en_840_2022102600_1, m:*:*:*, fg}], last batch=true, sync metadata=false}
05-17 00:58:27.408  1518  1994 I SP      : Syncing delight (2023020919) with slices: [{main_en_840_2022102600_1, m:*:*:*, fg}], metadata: false
05-17 00:58:27.410  1518  1994 I SuperDelight: SuperDelightDownloadSlicingStrategy.getSlices():68 DownloadSlicing#getSlices() : Locale = [en_US]
05-17 00:58:27.430  3099  3099 D BoundBrokerSvc: onBind: Intent { act=com.google.android.gms.common.BIND_SHARED_PREFS pkg=com.google.android.gms }
05-17 00:58:27.435  1518  2189 I Delight5Decoder: Delight5DecoderWrapper.loadLanguageModel():671 Loaded main LM 1.en
05-17 00:58:27.446  1518  2189 I Delight5Decoder: Delight5DecoderWrapper.loadLanguageModel():649 loadLanguageModel() : 7, version [n/a]
05-17 00:58:27.446  1518  2189 I native  : I0000 00:00:1747443507.446907    2189 blocklist-assembly.cc:121] LoadBlocklist en
05-17 00:58:27.447  3099  3099 D BoundBrokerSvc: Loading bound service for intent: Intent { act=com.google.android.gms.common.BIND_SHARED_PREFS pkg=com.google.android.gms }
05-17 00:58:27.447  1518  2189 I Delight5Decoder: Delight5DecoderWrapper.loadLanguageModel():690 Loaded dynamic LM 7.en
05-17 00:58:27.448  1518  2189 I Delight5Decoder: Delight5DecoderWrapper.loadLanguageModel():649 loadLanguageModel() : 4, version [n/a]
05-17 00:58:27.458  1518  1994 I SuperDelight: SuperDelightDownloadSlicingStrategy.getSlices():125 DownloadSlicing#getSlices(): result {slices=[{delight:main_en_840_2022102600_1, m:*:*:*, fg}], last batch=true, sync metadata=false}
05-17 00:58:27.459  3099  3099 D BoundBrokerSvc: onUnbind: Intent { act=com.google.android.gms.common.BIND_SHARED_PREFS pkg=com.google.android.gms }
05-17 00:58:27.464  1518  2189 I Delight5Decoder: Delight5DecoderWrapper.loadLanguageModel():690 Loaded dynamic LM 4.en
05-17 00:58:27.465  1518  2189 I Delight5Decoder: Delight5DecoderWrapper.loadLanguageModel():649 loadLanguageModel() : 3, version [n/a]
05-17 00:58:27.467  1518  1994 I SP      : Syncing delight (2023020919) with slices: [{main_en_840_2022102600_1, m:*:*:*, fg}], metadata: false
05-17 00:58:27.469  1518  2189 I Delight5Decoder: Delight5DecoderWrapper.loadLanguageModel():690 Loaded dynamic LM 3.en
05-17 00:58:27.523  1518  1905 D EGL_emulation: app_time_stats: avg=2616.75ms min=2616.75ms max=2616.75ms count=1
05-17 00:58:27.561  1518  1533 I OpenGLRenderer: Davey! duration=2692ms; Flags=0, FrameTimelineVsyncId=230007, IntendedVsync=1000855643422, Vsync=1003338976656, InputEventId=0, HandleInputStart=1003350813700, AnimationStart=1003350868700, PerformTraversalsStart=1003350950300, DrawStart=1003508180900, FrameDeadline=1000905643420, FrameInterval=1003350201800, FrameStartTime=16666666, SyncQueued=1003511238500, SyncStart=1003511662100, IssueDrawCommandsStart=1003512079600, SwapBuffers=1003514832800, FrameCompleted=1003548225100, DequeueBufferDuration=69400, QueueBufferDuration=504000, GpuCompleted=1003548225100, SwapBuffersCompleted=1003524294300, DisplayPresentTime=0, CommandSubmissionCompleted=1003514832800, 
05-17 00:58:27.569  1518  1995 I EmojiShortcutsLoader: EmojiShortcutsLoader.getEmojiShortcuts():134 Read en_US emoji shortcuts successfully.
05-17 00:58:27.606  1518  1995 I EmojiShortcutsLoader: EmojiShortcutsLoader.call():63 1 emoji shortcut maps loaded.
05-17 00:58:27.628  4494  4494 I ImeTracker: com.example.campusconnect:e941dfb9: onRequestShow at ORIGIN_CLIENT_SHOW_SOFT_INPUT reason SHOW_SOFT_INPUT
05-17 00:58:27.631  4494  4494 D InputMethodManager: showSoftInput() view=io.flutter.embedding.android.FlutterView{df28f06 VFE...... .F...... 0,0-1440,3036 #1 aid=1073741824} flags=0 reason=SHOW_SOFT_INPUT
05-17 00:58:27.644   614  1842 I AppsFilter: interaction: PackageSetting{b8b4fa5 com.example.campusconnect/10194} -> PackageSetting{b335f7a com.google.android.inputmethod.latin/10147} BLOCKED
05-17 00:58:27.644   614  1842 W FillRequestEventLogger: Couldn't find packageName: com.google.android.inputmethod.latin
05-17 00:58:27.646   614   614 D AutofillInlineSuggestionsRequestSession: onCreateInlineSuggestionsRequestLocked called: 1073741824:-661160972@1917174695
05-17 00:58:27.648  1518  1995 I EmojiShortcutsLoader: EmojiShortcutsLoader.call():72 Finished loading emoji shortcuts
05-17 00:58:27.653  4494  4494 I ImeTracker: com.example.campusconnect:ff4e748: onRequestShow at ORIGIN_CLIENT_SHOW_SOFT_INPUT reason SHOW_SOFT_INPUT
05-17 00:58:27.653  1518  1995 I Delight5Facilitator: EmailLanguageModelLoader.call():30 Running email language model loader
05-17 00:58:27.654  4494  4494 D InputMethodManager: showSoftInput() view=io.flutter.embedding.android.FlutterView{df28f06 VFE...... .F...... 0,0-1440,3036 #1 aid=1073741824} flags=0 reason=SHOW_SOFT_INPUT
05-17 00:58:27.654  1518  1995 I Delight5Facilitator: KeyCorrectionTfliteModelLoader.call():29 Running Key Correction Tflite Model loader
05-17 00:58:27.655  1518  1995 I Delight5Facilitator: RankingModelLoader.call():28 Running Ranking Model loader
05-17 00:58:27.660  4494  4494 W RemoteInputConnectionImpl: getSurroundingText on inactive InputConnection
05-17 00:58:27.664  1518  1518 W InputConnectionWrapper: InputConnectionWrapper.recordDuration():1451 IPC IC_GET_SURROUNDING_TEXT took 150 ms
05-17 00:58:27.672  4494  4494 I AssistStructure: Flattened final assist data: 468 bytes, containing 1 windows, 3 views
05-17 00:58:27.673   614  1842 D AutofillSession: createPendingIntent for request 3
05-17 00:58:27.673  1518  2189 I Delight5Decoder: Delight5DecoderWrapper.loadLanguageModel():649 loadLanguageModel() : 29, version [n/a]
05-17 00:58:27.674  1518  2189 W Delight5Decoder: Delight5DecoderWrapper.getTimerTypeForLoadLanguageModule():800 Cannot find timer type for loading language model 29
05-17 00:58:27.674   614  1842 D ContentCapturePerUserService: Notified activity assist data for activity: Token{e0276ab ActivityRecord{7aaf4a7 u0 com.example.campusconnect/.MainActivity t36}} without a session Id
05-17 00:58:27.683  1518  2189 I Delight5Decoder: Delight5DecoderWrapper.loadLanguageModel():690 Loaded dynamic LM 29.en
05-17 00:58:27.685  4494  4494 W RemoteInputConnectionImpl: getTextBeforeCursor on inactive InputConnection
05-17 00:58:27.714  4494  4494 W RemoteInputConnectionImpl: getSurroundingText on inactive InputConnection
05-17 00:58:27.720  1518  1518 W InputContextProxyV4: InputContextProxyV4.applyClientDiffInternal():897 Ignore [FetchSuggestions] diff due to stale request: 40<55, inputStateId=27, lastInputStateId=2
05-17 00:58:27.722  4494  4494 W RemoteInputConnectionImpl: getSurroundingText on inactive InputConnection
05-17 00:58:27.742  1518  1518 W InputContextProxyV4: InputContextProxyV4.applyClientDiffInternal():897 Ignore [FetchSuggestions] diff due to stale request: 42<57, inputStateId=29, lastInputStateId=3
05-17 00:58:27.744  1518  1518 W InputContextProxyV4: InputContextProxyV4.applyClientDiffInternal():897 Ignore [FetchSuggestions] diff due to stale request: 44<57, inputStateId=31, lastInputStateId=3
05-17 00:58:27.775  4494  4494 W RemoteInputConnectionImpl: getSurroundingText on inactive InputConnection
05-17 00:58:27.779  4494  4494 W RemoteInputConnectionImpl: getTextBeforeCursor on inactive InputConnection
05-17 00:58:27.785  4494  4494 W RemoteInputConnectionImpl: getSurroundingText on inactive InputConnection
05-17 00:58:27.788  4494  4494 W RemoteInputConnectionImpl: getTextBeforeCursor on inactive InputConnection
05-17 00:58:27.793  1518  1518 W InputContextProxyV4: InputContextProxyV4.applyClientDiffInternal():897 Ignore [FetchSuggestions] diff due to stale request: 46<59, inputStateId=33, lastInputStateId=5
05-17 00:58:27.794  1518  1518 W InputContextProxyV4: InputContextProxyV4.applyClientDiffInternal():897 Ignore [FetchSuggestions] diff due to stale request: 48<59, inputStateId=35, lastInputStateId=5
05-17 00:58:27.798  4494  4494 W RemoteInputConnectionImpl: getSurroundingText on inactive InputConnection
05-17 00:58:27.802  4494  4494 W RemoteInputConnectionImpl: getTextBeforeCursor on inactive InputConnection
05-17 00:58:27.805  4494  4494 W RemoteInputConnectionImpl: getSurroundingText on inactive InputConnection
05-17 00:58:27.809  4494  4494 W RemoteInputConnectionImpl: getSurroundingText on inactive InputConnection
05-17 00:58:27.813  4494  4494 W RemoteInputConnectionImpl: getTextBeforeCursor on inactive InputConnection
05-17 00:58:27.821  4494  4494 W RemoteInputConnectionImpl: getTextBeforeCursor on inactive InputConnection
05-17 00:58:27.825  4494  4494 W RemoteInputConnectionImpl: getSurroundingText on inactive InputConnection
05-17 00:58:27.827  1518  1518 W InputContextProxyV4: InputContextProxyV4.applyClientDiffInternal():897 Ignore [FetchSuggestions] diff due to stale request: 50<62, inputStateId=37, lastInputStateId=9
05-17 00:58:27.831  4494  4494 W RemoteInputConnectionImpl: getSurroundingText on inactive InputConnection
05-17 00:58:27.835  4494  4494 W RemoteInputConnectionImpl: getTextBeforeCursor on inactive InputConnection
05-17 00:58:27.842  4494  4494 W RemoteInputConnectionImpl: getTextBeforeCursor on inactive InputConnection
05-17 00:58:27.845  4494  4494 W RemoteInputConnectionImpl: getSurroundingText on inactive InputConnection
05-17 00:58:27.888  1518  1518 I NormalModeController: NormalModeController.getKeyboardBodyViewHolderPaddingBottom():116 currentPrimeKeyboardType:SOFT systemPaddingBottom:-1
05-17 00:58:27.891  1518  2189 I Delight5Decoder: Delight5DecoderWrapper.setKeyboardLayout():457 setKeyboardLayout()
05-17 00:58:27.896  1518  2189 W Delight5Decoder: Delight5DecoderWrapper.shouldAbandonMessage():1983 Detected old [FetchSuggestions] request in background: 54<64
05-17 00:58:27.921  3099  3099 D BoundBrokerSvc: onBind: Intent { act=com.google.android.gms.common.BIND_SHARED_PREFS pkg=com.google.android.gms }
05-17 00:58:27.921  3099  3099 D BoundBrokerSvc: Loading bound service for intent: Intent { act=com.google.android.gms.common.BIND_SHARED_PREFS pkg=com.google.android.gms }
05-17 00:58:27.937  4494  4494 W RemoteInputConnectionImpl: getTextBeforeCursor on inactive InputConnection
05-17 00:58:27.940  3099  3099 D BoundBrokerSvc: onUnbind: Intent { act=com.google.android.gms.common.BIND_SHARED_PREFS pkg=com.google.android.gms }
05-17 00:58:27.954  1518  1518 I GoogleInputMethodService: GoogleInputMethodService.onStartInput():1877 onStartInput(EditorInfo{inputType=0x28001(Normal) imeOptions=0x2000001 privateImeOptions=null actionName=NONE actionLabel=null actionId=0 initialSelStart=-1 initialSelEnd=-1 initialCapsMode=0x0 hintText=null label=null packageName=com.example.campusconnect fieldId=1 fieldName=null extras=Bundle[mParcelledData.dataSize=168]}, true)
05-17 00:58:27.955  1518  1518 I GoogleInputMethodService: GoogleInputMethodService.shouldHideHeaderOnInitialState():4008 ShouldHideHeaderOnInitialState = false
05-17 00:58:27.956  1518  1518 I GoogleInputMethodService: GoogleInputMethodService.updateDeviceLockedStatus():2087 repeatCheckTimes = 2, unlocked = true
05-17 00:58:27.957  1518  1518 W SessionManager: SessionManager.beginSession():53 Try to begin an already begun session [INPUT_SESSION], end it first
05-17 00:58:27.957  1518  1518 W SessionManager: SessionManager.endSession():96 Child session [INPUT_VIEW_SESSION] is not ended while ending session [{TRAINING_CACHE_SESSION=1747443506981, INPUT_SESSION=1747443506786, IME_SESSION=1747443506975, INPUT_VIEW_SESSION=1747443506803}], ending it now.
05-17 00:58:27.957  1518  1518 W SessionManager: SessionManager.endSession():96 Child session [IME_SESSION] is not ended while ending session [{TRAINING_CACHE_SESSION=1747443506981, INPUT_SESSION=1747443506786, IME_SESSION=1747443506975, INPUT_VIEW_SESSION=1747443506803}], ending it now.
05-17 00:58:27.960  1518  1518 I GoogleInputMethodService: GoogleInputMethodService.onStartInputView():1995 onStartInputView(EditorInfo{inputType=0x28001(Normal) imeOptions=0x2000001 privateImeOptions=null actionName=NONE actionLabel=null actionId=0 initialSelStart=-1 initialSelEnd=-1 initialCapsMode=0x0 hintText=null label=null packageName=com.example.campusconnect fieldId=1 fieldName=null extras=Bundle[{androidx.core.view.inputmethod.EditorInfoCompat.STYLUS_HANDWRITING_ENABLED=true}]}, true)
05-17 00:58:27.964  1518  1763 I DeviceModeUtil: DeviceModeUtil.getDeviceMode():122 Get device mode phone by ui mode:1 and smallestScreenWidthDp:411
05-17 00:58:27.965  1518  1518 I GoogleInputMethodService: GoogleInputMethodService.updateDeviceLockedStatus():2087 repeatCheckTimes = 2, unlocked = true
05-17 00:58:27.966  1518  1518 W ModuleManager: ModuleManager.loadModule():450 Module erj is not available
05-17 00:58:27.980  1518  1518 I InputContextChangeTracker: InputContextChangeTracker.fixLyingSelectionRangeFromSurroundingText():1497 fixLyingSelectionRangeFromSurroundingText(): [-1, -1]([-1, -1]) -> [0, 0]([0, 0])
05-17 00:58:27.984  1518  1518 I KeyboardViewUtil: KeyboardViewUtil.getKeyboardHeightRatio():189 systemKeyboardHeightRatio:1.000000; userKeyboardHeightRatio:1.000000.
05-17 00:58:27.988  1518  1518 W TooltipLifecycleManager: TooltipLifecycleManager.dismissTooltips():159 Tooltip with id spell_check_add_to_dictionary not found in tooltipManager.
05-17 00:58:27.990  1518  1518 I KeyboardWrapper: KeyboardWrapper.consumeEvent():275 Skip consuming an event as current keyboard is deactivated (state=0, keyboard existence=true)
05-17 00:58:27.990  1518  1518 I VoiceInputManagerWrapper: VoiceInputManagerWrapper.shutdown():77 shutdown()
05-17 00:58:27.992  1518  1518 I AndroidIME: AbstractIme.onDeactivate():207 LatinIme.onDeactivate()
05-17 00:58:27.993  1518  1518 W SessionManager: SessionManager.endSession():88 Try to end a not begun session [IME_SESSION].
05-17 00:58:27.994  1518  1518 I AndroidIME: AbstractIme.onActivate():86 LatinIme.onActivate() : EditorInfo = inputType=0x28001(Normal) imeOptions=0x2000001 privateImeOptions=null actionName=NONE actionLabel=null actionId=0 initialSelStart=-1 initialSelEnd=-1 initialCapsMode=0x0 hintText=null label=null packageName=com.example.campusconnect fieldId=1 fieldName=null extras=Bundle[{androidx.core.view.inputmethod.EditorInfoCompat.STYLUS_HANDWRITING_ENABLED=true}], IncognitoMode = false, DeviceLocked = false
05-17 00:58:27.995  1518  2254 E native  : E0000 00:00:1747443507.994878    2254 keyboard.cc:27] Cannot create a keyboard with 0 valid keys
